[gosec] 2026/02/05 18:18:45 Including rules: default
[gosec] 2026/02/05 18:18:45 Excluding rules: G104
[gosec] 2026/02/05 18:18:45 Including analyzers: default
[gosec] 2026/02/05 18:18:45 Excluding analyzers: G104
[gosec] 2026/02/05 18:18:45 Import directory: /tmp/blitzy/blitzy-kubernetes/blitzy5f91179c1/pkg/controller/endpointslice
[gosec] 2026/02/05 18:18:45 Import directory: /tmp/blitzy/blitzy-kubernetes/blitzy5f91179c1/pkg/controller/podautoscaler/monitor
[gosec] 2026/02/05 18:18:45 Import directory: /tmp/blitzy/blitzy-kubernetes/blitzy5f91179c1/pkg/controller/ttlafterfinished/config/v1alpha1
[gosec] 2026/02/05 18:18:45 Import directory: /tmp/blitzy/blitzy-kubernetes/blitzy5f91179c1/pkg/controller/resourceclaim
[gosec] 2026/02/05 18:18:45 Import directory: /tmp/blitzy/blitzy-kubernetes/blitzy5f91179c1/pkg/controller/ttl
[gosec] 2026/02/05 18:18:45 Import directory: /tmp/blitzy/blitzy-kubernetes/blitzy5f91179c1/pkg/controller/volume/attachdetach/reconciler
[gosec] 2026/02/05 18:18:45 Import directory: /tmp/blitzy/blitzy-kubernetes/blitzy5f91179c1/pkg/controller/cronjob/config
[gosec] 2026/02/05 18:18:45 Import directory: /tmp/blitzy/blitzy-kubernetes/blitzy5f91179c1/pkg/controller/resourceclaim/metrics
[gosec] 2026/02/05 18:18:45 Import directory: /tmp/blitzy/blitzy-kubernetes/blitzy5f91179c1/pkg/controller/volume/attachdetach/config/v1alpha1
[gosec] 2026/02/05 18:18:45 Checking package: config
[gosec] 2026/02/05 18:18:45 Checking file: /tmp/blitzy/blitzy-kubernetes/blitzy5f91179c1/pkg/controller/cronjob/config/doc.go
[gosec] 2026/02/05 18:18:45 Checking file: /tmp/blitzy/blitzy-kubernetes/blitzy5f91179c1/pkg/controller/cronjob/config/types.go
[gosec] 2026/02/05 18:18:45 Checking file: /tmp/blitzy/blitzy-kubernetes/blitzy5f91179c1/pkg/controller/cronjob/config/zz_generated.deepcopy.go
[gosec] 2026/02/05 18:18:45 Import directory: /tmp/blitzy/blitzy-kubernetes/blitzy5f91179c1/pkg/controller/volume/attachdetach/statusupdater
[gosec] 2026/02/05 18:18:45 Checking package: v1alpha1
[gosec] 2026/02/05 18:18:45 Checking file: /tmp/blitzy/blitzy-kubernetes/blitzy5f91179c1/pkg/controller/ttlafterfinished/config/v1alpha1/conversion.go
[gosec] 2026/02/05 18:18:45 Checking file: /tmp/blitzy/blitzy-kubernetes/blitzy5f91179c1/pkg/controller/ttlafterfinished/config/v1alpha1/defaults.go
[gosec] 2026/02/05 18:18:45 Checking file: /tmp/blitzy/blitzy-kubernetes/blitzy5f91179c1/pkg/controller/ttlafterfinished/config/v1alpha1/doc.go
[gosec] 2026/02/05 18:18:45 Checking file: /tmp/blitzy/blitzy-kubernetes/blitzy5f91179c1/pkg/controller/ttlafterfinished/config/v1alpha1/register.go
[gosec] 2026/02/05 18:18:45 Checking file: /tmp/blitzy/blitzy-kubernetes/blitzy5f91179c1/pkg/controller/ttlafterfinished/config/v1alpha1/zz_generated.conversion.go
[gosec] 2026/02/05 18:18:46 Checking file: /tmp/blitzy/blitzy-kubernetes/blitzy5f91179c1/pkg/controller/ttlafterfinished/config/v1alpha1/zz_generated.deepcopy.go
[gosec] 2026/02/05 18:18:46 Checking package: metrics
[gosec] 2026/02/05 18:18:46 Checking file: /tmp/blitzy/blitzy-kubernetes/blitzy5f91179c1/pkg/controller/resourceclaim/metrics/metrics.go
[gosec] 2026/02/05 18:18:46 Import directory: /tmp/blitzy/blitzy-kubernetes/blitzy5f91179c1/pkg/controller/volume/ephemeral/config
[gosec] 2026/02/05 18:18:46 Checking package: v1alpha1
[gosec] 2026/02/05 18:18:46 Checking file: /tmp/blitzy/blitzy-kubernetes/blitzy5f91179c1/pkg/controller/volume/attachdetach/config/v1alpha1/conversion.go
[gosec] 2026/02/05 18:18:46 Import directory: /tmp/blitzy/blitzy-kubernetes/blitzy5f91179c1/pkg/controller/deployment
[gosec] 2026/02/05 18:18:46 Checking file: /tmp/blitzy/blitzy-kubernetes/blitzy5f91179c1/pkg/controller/volume/attachdetach/config/v1alpha1/defaults.go
[gosec] 2026/02/05 18:18:46 Checking file: /tmp/blitzy/blitzy-kubernetes/blitzy5f91179c1/pkg/controller/volume/attachdetach/config/v1alpha1/doc.go
[gosec] 2026/02/05 18:18:46 Checking file: /tmp/blitzy/blitzy-kubernetes/blitzy5f91179c1/pkg/controller/volume/attachdetach/config/v1alpha1/register.go
[gosec] 2026/02/05 18:18:46 Checking file: /tmp/blitzy/blitzy-kubernetes/blitzy5f91179c1/pkg/controller/volume/attachdetach/config/v1alpha1/zz_generated.conversion.go
[gosec] 2026/02/05 18:18:46 Checking file: /tmp/blitzy/blitzy-kubernetes/blitzy5f91179c1/pkg/controller/volume/attachdetach/config/v1alpha1/zz_generated.deepcopy.go
[gosec] 2026/02/05 18:18:46 Checking package: monitor
[gosec] 2026/02/05 18:18:46 Checking file: /tmp/blitzy/blitzy-kubernetes/blitzy5f91179c1/pkg/controller/podautoscaler/monitor/metrics.go
[gosec] 2026/02/05 18:18:46 Import directory: /tmp/blitzy/blitzy-kubernetes/blitzy5f91179c1/pkg/controller/devicetainteviction
[gosec] 2026/02/05 18:18:46 Checking file: /tmp/blitzy/blitzy-kubernetes/blitzy5f91179c1/pkg/controller/podautoscaler/monitor/monitor.go
[gosec] 2026/02/05 18:18:46 Checking package: config
[gosec] 2026/02/05 18:18:46 Checking file: /tmp/blitzy/blitzy-kubernetes/blitzy5f91179c1/pkg/controller/volume/ephemeral/config/doc.go
[gosec] 2026/02/05 18:18:46 Import directory: /tmp/blitzy/blitzy-kubernetes/blitzy5f91179c1/pkg/controller/namespace/config
[gosec] 2026/02/05 18:18:46 Checking file: /tmp/blitzy/blitzy-kubernetes/blitzy5f91179c1/pkg/controller/volume/ephemeral/config/types.go
[gosec] 2026/02/05 18:18:46 Checking file: /tmp/blitzy/blitzy-kubernetes/blitzy5f91179c1/pkg/controller/volume/ephemeral/config/zz_generated.deepcopy.go
[gosec] 2026/02/05 18:18:46 Checking package: ttl
[gosec] 2026/02/05 18:18:46 Checking file: /tmp/blitzy/blitzy-kubernetes/blitzy5f91179c1/pkg/controller/ttl/ttl_controller.go
[gosec] 2026/02/05 18:18:46 Import directory: /tmp/blitzy/blitzy-kubernetes/blitzy5f91179c1/pkg/controller/podgc/metrics
[gosec] 2026/02/05 18:18:47 Checking package: resourceclaim
[gosec] 2026/02/05 18:18:47 Checking file: /tmp/blitzy/blitzy-kubernetes/blitzy5f91179c1/pkg/controller/resourceclaim/controller.go
[gosec] 2026/02/05 18:18:47 Import directory: /tmp/blitzy/blitzy-kubernetes/blitzy5f91179c1/pkg/controller/testutil
[gosec] 2026/02/05 18:18:50 Checking file: /tmp/blitzy/blitzy-kubernetes/blitzy5f91179c1/pkg/controller/resourceclaim/doc.go
[gosec] 2026/02/05 18:18:50 Checking file: /tmp/blitzy/blitzy-kubernetes/blitzy5f91179c1/pkg/controller/resourceclaim/uid_cache.go
[gosec] 2026/02/05 18:18:50 Checking package: endpointslice
[gosec] 2026/02/05 18:18:50 Checking file: /tmp/blitzy/blitzy-kubernetes/blitzy5f91179c1/pkg/controller/endpointslice/endpointslice_controller.go
[gosec] 2026/02/05 18:18:50 Import directory: /tmp/blitzy/blitzy-kubernetes/blitzy5f91179c1/pkg/controller/util/node
[gosec] 2026/02/05 18:18:51 Checking package: reconciler
[gosec] 2026/02/05 18:18:51 Checking file: /tmp/blitzy/blitzy-kubernetes/blitzy5f91179c1/pkg/controller/volume/attachdetach/reconciler/reconciler.go
[gosec] 2026/02/05 18:18:51 Import directory: /tmp/blitzy/blitzy-kubernetes/blitzy5f91179c1/pkg/controller/volume/attachdetach/config
[gosec] 2026/02/05 18:18:51 Checking package: statusupdater
[gosec] 2026/02/05 18:18:51 Checking file: /tmp/blitzy/blitzy-kubernetes/blitzy5f91179c1/pkg/controller/volume/attachdetach/statusupdater/fake_node_status_updater.go
[gosec] 2026/02/05 18:18:51 Import directory: /tmp/blitzy/blitzy-kubernetes/blitzy5f91179c1/pkg/controller/certificates/signer/config/v1alpha1
[gosec] 2026/02/05 18:18:51 Checking file: /tmp/blitzy/blitzy-kubernetes/blitzy5f91179c1/pkg/controller/volume/attachdetach/statusupdater/node_status_updater.go
[gosec] 2026/02/05 18:18:51 Checking package: deployment
[gosec] 2026/02/05 18:18:51 Checking file: /tmp/blitzy/blitzy-kubernetes/blitzy5f91179c1/pkg/controller/deployment/deployment_controller.go
[gosec] 2026/02/05 18:18:51 Import directory: /tmp/blitzy/blitzy-kubernetes/blitzy5f91179c1/pkg/controller/endpoint
[gosec] 2026/02/05 18:18:53 Checking file: /tmp/blitzy/blitzy-kubernetes/blitzy5f91179c1/pkg/controller/deployment/progress.go
[gosec] 2026/02/05 18:18:53 Checking file: /tmp/blitzy/blitzy-kubernetes/blitzy5f91179c1/pkg/controller/deployment/recreate.go
[gosec] 2026/02/05 18:18:54 Checking file: /tmp/blitzy/blitzy-kubernetes/blitzy5f91179c1/pkg/controller/deployment/rollback.go
[gosec] 2026/02/05 18:18:54 Checking file: /tmp/blitzy/blitzy-kubernetes/blitzy5f91179c1/pkg/controller/deployment/rolling.go
[gosec] 2026/02/05 18:18:54 Checking file: /tmp/blitzy/blitzy-kubernetes/blitzy5f91179c1/pkg/controller/deployment/sync.go
[gosec] 2026/02/05 18:18:56 Checking package: config
[gosec] 2026/02/05 18:18:56 Checking file: /tmp/blitzy/blitzy-kubernetes/blitzy5f91179c1/pkg/controller/namespace/config/doc.go
[gosec] 2026/02/05 18:18:56 Import directory: /tmp/blitzy/blitzy-kubernetes/blitzy5f91179c1/pkg/controller/storageversionmigrator
[gosec] 2026/02/05 18:18:56 Checking file: /tmp/blitzy/blitzy-kubernetes/blitzy5f91179c1/pkg/controller/namespace/config/types.go
[gosec] 2026/02/05 18:18:56 Checking file: /tmp/blitzy/blitzy-kubernetes/blitzy5f91179c1/pkg/controller/namespace/config/zz_generated.deepcopy.go
[gosec] 2026/02/05 18:18:56 Checking package: metrics
[gosec] 2026/02/05 18:18:56 Checking file: /tmp/blitzy/blitzy-kubernetes/blitzy5f91179c1/pkg/controller/podgc/metrics/metrics.go
[gosec] 2026/02/05 18:18:56 Import directory: /tmp/blitzy/blitzy-kubernetes/blitzy5f91179c1/pkg/controller/volume/vacprotection
[gosec] 2026/02/05 18:18:56 Checking package: devicetainteviction
[gosec] 2026/02/05 18:18:56 Checking file: /tmp/blitzy/blitzy-kubernetes/blitzy5f91179c1/pkg/controller/devicetainteviction/device_taint_eviction.go
[gosec] 2026/02/05 18:18:56 Import directory: /tmp/blitzy/blitzy-kubernetes/blitzy5f91179c1/pkg/controller/garbagecollector/metrics
[gosec] 2026/02/05 18:18:59 Checking file: /tmp/blitzy/blitzy-kubernetes/blitzy5f91179c1/pkg/controller/devicetainteviction/doc.go
[gosec] 2026/02/05 18:18:59 Checking file: /tmp/blitzy/blitzy-kubernetes/blitzy5f91179c1/pkg/controller/devicetainteviction/nopqueue.go
[gosec] 2026/02/05 18:18:59 Checking package: testutil
[gosec] 2026/02/05 18:18:59 Checking file: /tmp/blitzy/blitzy-kubernetes/blitzy5f91179c1/pkg/controller/testutil/test_utils.go
[gosec] 2026/02/05 18:18:59 Import directory: /tmp/blitzy/blitzy-kubernetes/blitzy5f91179c1/pkg/controller/daemon
[gosec] 2026/02/05 18:19:01 Checking package: node
[gosec] 2026/02/05 18:19:01 Checking file: /tmp/blitzy/blitzy-kubernetes/blitzy5f91179c1/pkg/controller/util/node/controller_utils.go
[gosec] 2026/02/05 18:19:01 Import directory: /tmp/blitzy/blitzy-kubernetes/blitzy5f91179c1/pkg/controller/cronjob/metrics
[gosec] 2026/02/05 18:19:02 Checking package: config
[gosec] 2026/02/05 18:19:02 Checking file: /tmp/blitzy/blitzy-kubernetes/blitzy5f91179c1/pkg/controller/volume/attachdetach/config/doc.go
[gosec] 2026/02/05 18:19:02 Checking file: /tmp/blitzy/blitzy-kubernetes/blitzy5f91179c1/pkg/controller/volume/attachdetach/config/types.go
[gosec] 2026/02/05 18:19:02 Import directory: /tmp/blitzy/blitzy-kubernetes/blitzy5f91179c1/pkg/controller/podgc
[gosec] 2026/02/05 18:19:02 Checking file: /tmp/blitzy/blitzy-kubernetes/blitzy5f91179c1/pkg/controller/volume/attachdetach/config/zz_generated.deepcopy.go
[gosec] 2026/02/05 18:19:02 Checking package: v1alpha1
[gosec] 2026/02/05 18:19:02 Checking file: /tmp/blitzy/blitzy-kubernetes/blitzy5f91179c1/pkg/controller/certificates/signer/config/v1alpha1/conversion.go
[gosec] 2026/02/05 18:19:02 Import directory: /tmp/blitzy/blitzy-kubernetes/blitzy5f91179c1/pkg/controller/endpointslicemirroring/config
[gosec] 2026/02/05 18:19:02 Checking file: /tmp/blitzy/blitzy-kubernetes/blitzy5f91179c1/pkg/controller/certificates/signer/config/v1alpha1/defaults.go
[gosec] 2026/02/05 18:19:02 Checking file: /tmp/blitzy/blitzy-kubernetes/blitzy5f91179c1/pkg/controller/certificates/signer/config/v1alpha1/doc.go
[gosec] 2026/02/05 18:19:02 Checking file: /tmp/blitzy/blitzy-kubernetes/blitzy5f91179c1/pkg/controller/certificates/signer/config/v1alpha1/register.go
[gosec] 2026/02/05 18:19:02 Checking file: /tmp/blitzy/blitzy-kubernetes/blitzy5f91179c1/pkg/controller/certificates/signer/config/v1alpha1/zz_generated.conversion.go
[gosec] 2026/02/05 18:19:02 Checking file: /tmp/blitzy/blitzy-kubernetes/blitzy5f91179c1/pkg/controller/certificates/signer/config/v1alpha1/zz_generated.deepcopy.go
[gosec] 2026/02/05 18:19:03 Checking package: endpoint
[gosec] 2026/02/05 18:19:03 Checking file: /tmp/blitzy/blitzy-kubernetes/blitzy5f91179c1/pkg/controller/endpoint/doc.go
[gosec] 2026/02/05 18:19:03 Import directory: /tmp/blitzy/blitzy-kubernetes/blitzy5f91179c1/pkg/controller/tainteviction
[gosec] 2026/02/05 18:19:03 Checking file: /tmp/blitzy/blitzy-kubernetes/blitzy5f91179c1/pkg/controller/endpoint/endpoints_controller.go
[gosec] 2026/02/05 18:19:04 Checking file: /tmp/blitzy/blitzy-kubernetes/blitzy5f91179c1/pkg/controller/endpoint/endpoints_tracker.go
[gosec] 2026/02/05 18:19:04 Checking package: metrics
[gosec] 2026/02/05 18:19:04 Checking file: /tmp/blitzy/blitzy-kubernetes/blitzy5f91179c1/pkg/controller/garbagecollector/metrics/metrics.go
[gosec] 2026/02/05 18:19:04 Import directory: /tmp/blitzy/blitzy-kubernetes/blitzy5f91179c1/pkg/controller/volume/expand
[gosec] 2026/02/05 18:19:04 Checking package: storageversionmigrator
[gosec] 2026/02/05 18:19:04 Checking file: /tmp/blitzy/blitzy-kubernetes/blitzy5f91179c1/pkg/controller/storageversionmigrator/resourceversion.go
[gosec] 2026/02/05 18:19:04 Import directory: /tmp/blitzy/blitzy-kubernetes/blitzy5f91179c1/pkg/controller/job
[gosec] 2026/02/05 18:19:05 Checking file: /tmp/blitzy/blitzy-kubernetes/blitzy5f91179c1/pkg/controller/storageversionmigrator/storageversionmigrator.go
[gosec] 2026/02/05 18:19:05 Checking file: /tmp/blitzy/blitzy-kubernetes/blitzy5f91179c1/pkg/controller/storageversionmigrator/util.go
[gosec] 2026/02/05 18:19:06 Checking package: vacprotection
[gosec] 2026/02/05 18:19:06 Checking file: /tmp/blitzy/blitzy-kubernetes/blitzy5f91179c1/pkg/controller/volume/vacprotection/vac_protection_controller.go
[gosec] 2026/02/05 18:19:06 Import directory: /tmp/blitzy/blitzy-kubernetes/blitzy5f91179c1/pkg/controller/volume/persistentvolume/options
[gosec] 2026/02/05 18:19:07 Checking package: daemon
[gosec] 2026/02/05 18:19:07 Checking file: /tmp/blitzy/blitzy-kubernetes/blitzy5f91179c1/pkg/controller/daemon/daemon_controller.go
[gosec] 2026/02/05 18:19:07 Import directory: /tmp/blitzy/blitzy-kubernetes/blitzy5f91179c1/pkg/controller/endpointslicemirroring/metrics
[gosec] 2026/02/05 18:19:09 Checking file: /tmp/blitzy/blitzy-kubernetes/blitzy5f91179c1/pkg/controller/daemon/doc.go
[gosec] 2026/02/05 18:19:09 Checking file: /tmp/blitzy/blitzy-kubernetes/blitzy5f91179c1/pkg/controller/daemon/update.go
[gosec] 2026/02/05 18:19:11 Checking package: metrics
[gosec] 2026/02/05 18:19:11 Checking file: /tmp/blitzy/blitzy-kubernetes/blitzy5f91179c1/pkg/controller/cronjob/metrics/metrics.go
[gosec] 2026/02/05 18:19:11 Import directory: /tmp/blitzy/blitzy-kubernetes/blitzy5f91179c1/pkg/controller/nodeipam/ipam
[gosec] 2026/02/05 18:19:11 Checking package: config
[gosec] 2026/02/05 18:19:11 Checking file: /tmp/blitzy/blitzy-kubernetes/blitzy5f91179c1/pkg/controller/endpointslicemirroring/config/doc.go
[gosec] 2026/02/05 18:19:11 Checking file: /tmp/blitzy/blitzy-kubernetes/blitzy5f91179c1/pkg/controller/endpointslicemirroring/config/types.go
[gosec] 2026/02/05 18:19:11 Import directory: /tmp/blitzy/blitzy-kubernetes/blitzy5f91179c1/pkg/controller/resourcequota/config/v1alpha1
[gosec] 2026/02/05 18:19:11 Checking file: /tmp/blitzy/blitzy-kubernetes/blitzy5f91179c1/pkg/controller/endpointslicemirroring/config/zz_generated.deepcopy.go
[gosec] 2026/02/05 18:19:11 Checking package: podgc
[gosec] 2026/02/05 18:19:11 Checking file: /tmp/blitzy/blitzy-kubernetes/blitzy5f91179c1/pkg/controller/podgc/doc.go
[gosec] 2026/02/05 18:19:11 Checking file: /tmp/blitzy/blitzy-kubernetes/blitzy5f91179c1/pkg/controller/podgc/gc_controller.go
[gosec] 2026/02/05 18:19:11 Import directory: /tmp/blitzy/blitzy-kubernetes/blitzy5f91179c1/pkg/controller/volume/attachdetach
[gosec] 2026/02/05 18:19:12 Checking package: tainteviction
[gosec] 2026/02/05 18:19:12 Checking file: /tmp/blitzy/blitzy-kubernetes/blitzy5f91179c1/pkg/controller/tainteviction/doc.go
[gosec] 2026/02/05 18:19:12 Import directory: /tmp/blitzy/blitzy-kubernetes/blitzy5f91179c1/pkg/controller/volume/attachdetach/metrics
[gosec] 2026/02/05 18:19:12 Checking file: /tmp/blitzy/blitzy-kubernetes/blitzy5f91179c1/pkg/controller/tainteviction/namespacedobject.go
[gosec] 2026/02/05 18:19:12 Checking file: /tmp/blitzy/blitzy-kubernetes/blitzy5f91179c1/pkg/controller/tainteviction/taint_eviction.go
[gosec] 2026/02/05 18:19:13 Checking file: /tmp/blitzy/blitzy-kubernetes/blitzy5f91179c1/pkg/controller/tainteviction/timed_workers.go
[gosec] 2026/02/05 18:19:14 Checking package: job
[gosec] 2026/02/05 18:19:14 Checking file: /tmp/blitzy/blitzy-kubernetes/blitzy5f91179c1/pkg/controller/job/backoff_utils.go
[gosec] 2026/02/05 18:19:14 Import directory: /tmp/blitzy/blitzy-kubernetes/blitzy5f91179c1/pkg/controller/daemon/util
[gosec] 2026/02/05 18:19:14 Checking file: /tmp/blitzy/blitzy-kubernetes/blitzy5f91179c1/pkg/controller/job/doc.go
[gosec] 2026/02/05 18:19:14 Checking file: /tmp/blitzy/blitzy-kubernetes/blitzy5f91179c1/pkg/controller/job/indexed_job_utils.go
[gosec] 2026/02/05 18:19:16 Checking file: /tmp/blitzy/blitzy-kubernetes/blitzy5f91179c1/pkg/controller/job/job_controller.go
[gosec] 2026/02/05 18:19:20 Checking file: /tmp/blitzy/blitzy-kubernetes/blitzy5f91179c1/pkg/controller/job/pod_failure_policy.go
[gosec] 2026/02/05 18:19:21 Checking file: /tmp/blitzy/blitzy-kubernetes/blitzy5f91179c1/pkg/controller/job/success_policy.go
[gosec] 2026/02/05 18:19:21 Checking file: /tmp/blitzy/blitzy-kubernetes/blitzy5f91179c1/pkg/controller/job/tracking_utils.go
[gosec] 2026/02/05 18:19:21 Checking package: expand
[gosec] 2026/02/05 18:19:21 Checking file: /tmp/blitzy/blitzy-kubernetes/blitzy5f91179c1/pkg/controller/volume/expand/expand_controller.go
[gosec] 2026/02/05 18:19:21 Import directory: /tmp/blitzy/blitzy-kubernetes/blitzy5f91179c1/pkg/controller/certificates
[gosec] 2026/02/05 18:19:23 Checking package: options
[gosec] 2026/02/05 18:19:23 Checking file: /tmp/blitzy/blitzy-kubernetes/blitzy5f91179c1/pkg/controller/volume/persistentvolume/options/options.go
[gosec] 2026/02/05 18:19:23 Import directory: /tmp/blitzy/blitzy-kubernetes/blitzy5f91179c1/pkg/controller/garbagecollector/metaonly
[gosec] 2026/02/05 18:19:23 Checking package: metrics
[gosec] 2026/02/05 18:19:23 Checking file: /tmp/blitzy/blitzy-kubernetes/blitzy5f91179c1/pkg/controller/endpointslicemirroring/metrics/cache.go
[gosec] 2026/02/05 18:19:23 Import directory: /tmp/blitzy/blitzy-kubernetes/blitzy5f91179c1/pkg/controller/podgc/config
[gosec] 2026/02/05 18:19:23 Checking file: /tmp/blitzy/blitzy-kubernetes/blitzy5f91179c1/pkg/controller/endpointslicemirroring/metrics/metrics.go
[gosec] 2026/02/05 18:19:23 Checking package: v1alpha1
[gosec] 2026/02/05 18:19:23 Checking file: /tmp/blitzy/blitzy-kubernetes/blitzy5f91179c1/pkg/controller/resourcequota/config/v1alpha1/conversion.go
[gosec] 2026/02/05 18:19:23 Import directory: /tmp/blitzy/blitzy-kubernetes/blitzy5f91179c1/pkg/controller/certificates/signer
[gosec] 2026/02/05 18:19:23 Checking file: /tmp/blitzy/blitzy-kubernetes/blitzy5f91179c1/pkg/controller/resourcequota/config/v1alpha1/defaults.go
[gosec] 2026/02/05 18:19:23 Checking file: /tmp/blitzy/blitzy-kubernetes/blitzy5f91179c1/pkg/controller/resourcequota/config/v1alpha1/doc.go
[gosec] 2026/02/05 18:19:23 Checking file: /tmp/blitzy/blitzy-kubernetes/blitzy5f91179c1/pkg/controller/resourcequota/config/v1alpha1/register.go
[gosec] 2026/02/05 18:19:23 Checking file: /tmp/blitzy/blitzy-kubernetes/blitzy5f91179c1/pkg/controller/resourcequota/config/v1alpha1/zz_generated.conversion.go
[gosec] 2026/02/05 18:19:23 Checking file: /tmp/blitzy/blitzy-kubernetes/blitzy5f91179c1/pkg/controller/resourcequota/config/v1alpha1/zz_generated.deepcopy.go
[gosec] 2026/02/05 18:19:23 Checking package: ipam
[gosec] 2026/02/05 18:19:23 Checking file: /tmp/blitzy/blitzy-kubernetes/blitzy5f91179c1/pkg/controller/nodeipam/ipam/cidr_allocator.go
[gosec] 2026/02/05 18:19:23 Import directory: /tmp/blitzy/blitzy-kubernetes/blitzy5f91179c1/pkg/controller/cronjob
[gosec] 2026/02/05 18:19:24 Checking file: /tmp/blitzy/blitzy-kubernetes/blitzy5f91179c1/pkg/controller/nodeipam/ipam/doc.go
[gosec] 2026/02/05 18:19:24 Checking file: /tmp/blitzy/blitzy-kubernetes/blitzy5f91179c1/pkg/controller/nodeipam/ipam/range_allocator.go
[gosec] 2026/02/05 18:19:25 Checking file: /tmp/blitzy/blitzy-kubernetes/blitzy5f91179c1/pkg/controller/nodeipam/ipam/timeout.go
[gosec] 2026/02/05 18:19:25 Checking package: attachdetach
[gosec] 2026/02/05 18:19:25 Checking file: /tmp/blitzy/blitzy-kubernetes/blitzy5f91179c1/pkg/controller/volume/attachdetach/attach_detach_controller.go
[gosec] 2026/02/05 18:19:25 Import directory: /tmp/blitzy/blitzy-kubernetes/blitzy5f91179c1/pkg/controller/endpoint/config/v1alpha1
[gosec] 2026/02/05 18:19:26 Checking package: metrics
[gosec] 2026/02/05 18:19:26 Checking file: /tmp/blitzy/blitzy-kubernetes/blitzy5f91179c1/pkg/controller/volume/attachdetach/metrics/metrics.go
[gosec] 2026/02/05 18:19:26 Import directory: /tmp/blitzy/blitzy-kubernetes/blitzy5f91179c1/pkg/controller/podautoscaler
[gosec] 2026/02/05 18:19:27 Checking package: util
[gosec] 2026/02/05 18:19:27 Checking file: /tmp/blitzy/blitzy-kubernetes/blitzy5f91179c1/pkg/controller/daemon/util/daemonset_util.go
[gosec] 2026/02/05 18:19:27 Import directory: /tmp/blitzy/blitzy-kubernetes/blitzy5f91179c1/pkg/controller/devicetainteviction/config
[gosec] 2026/02/05 18:19:27 Checking package: certificates
[gosec] 2026/02/05 18:19:27 Checking file: /tmp/blitzy/blitzy-kubernetes/blitzy5f91179c1/pkg/controller/certificates/certificate_controller.go
[gosec] 2026/02/05 18:19:27 Import directory: /tmp/blitzy/blitzy-kubernetes/blitzy5f91179c1/pkg/controller/endpointslicemirroring
[gosec] 2026/02/05 18:19:28 Checking file: /tmp/blitzy/blitzy-kubernetes/blitzy5f91179c1/pkg/controller/certificates/certificate_controller_utils.go
[gosec] 2026/02/05 18:19:28 Checking package: metaonly
[gosec] 2026/02/05 18:19:28 Checking file: /tmp/blitzy/blitzy-kubernetes/blitzy5f91179c1/pkg/controller/garbagecollector/metaonly/types.go
[gosec] 2026/02/05 18:19:28 Import directory: /tmp/blitzy/blitzy-kubernetes/blitzy5f91179c1/pkg/controller/job/config
[gosec] 2026/02/05 18:19:28 Checking file: /tmp/blitzy/blitzy-kubernetes/blitzy5f91179c1/pkg/controller/garbagecollector/metaonly/zz_generated.deepcopy.go
[gosec] 2026/02/05 18:19:28 Checking package: config
[gosec] 2026/02/05 18:19:28 Checking file: /tmp/blitzy/blitzy-kubernetes/blitzy5f91179c1/pkg/controller/podgc/config/doc.go
[gosec] 2026/02/05 18:19:28 Checking file: /tmp/blitzy/blitzy-kubernetes/blitzy5f91179c1/pkg/controller/podgc/config/types.go
[gosec] 2026/02/05 18:19:28 Import directory: /tmp/blitzy/blitzy-kubernetes/blitzy5f91179c1/pkg/controller/volume/selinuxwarning/translator
[gosec] 2026/02/05 18:19:28 Checking file: /tmp/blitzy/blitzy-kubernetes/blitzy5f91179c1/pkg/controller/podgc/config/zz_generated.deepcopy.go
[gosec] 2026/02/05 18:19:28 Checking package: signer
[gosec] 2026/02/05 18:19:28 Checking file: /tmp/blitzy/blitzy-kubernetes/blitzy5f91179c1/pkg/controller/certificates/signer/ca_provider.go
[gosec] 2026/02/05 18:19:28 Import directory: /tmp/blitzy/blitzy-kubernetes/blitzy5f91179c1/pkg/controller/certificates/signer/config
[gosec] 2026/02/05 18:19:29 Checking file: /tmp/blitzy/blitzy-kubernetes/blitzy5f91179c1/pkg/controller/certificates/signer/signer.go
[gosec] 2026/02/05 18:19:29 Checking package: cronjob
[gosec] 2026/02/05 18:19:29 Checking file: /tmp/blitzy/blitzy-kubernetes/blitzy5f91179c1/pkg/controller/cronjob/cronjob_controllerv2.go
[gosec] 2026/02/05 18:19:29 Import directory: /tmp/blitzy/blitzy-kubernetes/blitzy5f91179c1/pkg/controller/job/metrics
[gosec] 2026/02/05 18:19:31 Checking file: /tmp/blitzy/blitzy-kubernetes/blitzy5f91179c1/pkg/controller/cronjob/doc.go
[gosec] 2026/02/05 18:19:31 Checking file: /tmp/blitzy/blitzy-kubernetes/blitzy5f91179c1/pkg/controller/cronjob/injection.go
[gosec] 2026/02/05 18:19:31 Checking file: /tmp/blitzy/blitzy-kubernetes/blitzy5f91179c1/pkg/controller/cronjob/utils.go
[gosec] 2026/02/05 18:19:32 Checking package: v1alpha1
[gosec] 2026/02/05 18:19:32 Checking file: /tmp/blitzy/blitzy-kubernetes/blitzy5f91179c1/pkg/controller/endpoint/config/v1alpha1/conversion.go
[gosec] 2026/02/05 18:19:32 Import directory: /tmp/blitzy/blitzy-kubernetes/blitzy5f91179c1/pkg/controller/job/util
[gosec] 2026/02/05 18:19:32 Checking file: /tmp/blitzy/blitzy-kubernetes/blitzy5f91179c1/pkg/controller/endpoint/config/v1alpha1/defaults.go
[gosec] 2026/02/05 18:19:32 Checking file: /tmp/blitzy/blitzy-kubernetes/blitzy5f91179c1/pkg/controller/endpoint/config/v1alpha1/doc.go
[gosec] 2026/02/05 18:19:32 Checking file: /tmp/blitzy/blitzy-kubernetes/blitzy5f91179c1/pkg/controller/endpoint/config/v1alpha1/register.go
[gosec] 2026/02/05 18:19:32 Checking file: /tmp/blitzy/blitzy-kubernetes/blitzy5f91179c1/pkg/controller/endpoint/config/v1alpha1/zz_generated.conversion.go
[gosec] 2026/02/05 18:19:32 Checking file: /tmp/blitzy/blitzy-kubernetes/blitzy5f91179c1/pkg/controller/endpoint/config/v1alpha1/zz_generated.deepcopy.go
[gosec] 2026/02/05 18:19:32 Checking package: config
[gosec] 2026/02/05 18:19:32 Checking file: /tmp/blitzy/blitzy-kubernetes/blitzy5f91179c1/pkg/controller/devicetainteviction/config/doc.go
[gosec] 2026/02/05 18:19:32 Checking file: /tmp/blitzy/blitzy-kubernetes/blitzy5f91179c1/pkg/controller/devicetainteviction/config/types.go
[gosec] 2026/02/05 18:19:32 Import directory: /tmp/blitzy/blitzy-kubernetes/blitzy5f91179c1/pkg/controller/namespace/config/v1alpha1
[gosec] 2026/02/05 18:19:32 Checking file: /tmp/blitzy/blitzy-kubernetes/blitzy5f91179c1/pkg/controller/devicetainteviction/config/zz_generated.deepcopy.go
[gosec] 2026/02/05 18:19:32 Checking package: podautoscaler
[gosec] 2026/02/05 18:19:32 Checking file: /tmp/blitzy/blitzy-kubernetes/blitzy5f91179c1/pkg/controller/podautoscaler/doc.go
[gosec] 2026/02/05 18:19:32 Checking file: /tmp/blitzy/blitzy-kubernetes/blitzy5f91179c1/pkg/controller/podautoscaler/horizontal.go
[gosec] 2026/02/05 18:19:32 Import directory: /tmp/blitzy/blitzy-kubernetes/blitzy5f91179c1/pkg/controller/validatingadmissionpolicystatus/config
[gosec] 2026/02/05 18:19:35 Checking file: /tmp/blitzy/blitzy-kubernetes/blitzy5f91179c1/pkg/controller/podautoscaler/rate_limiters.go
[gosec] 2026/02/05 18:19:35 Checking file: /tmp/blitzy/blitzy-kubernetes/blitzy5f91179c1/pkg/controller/podautoscaler/replica_calculator.go
[gosec] 2026/02/05 18:19:36 Checking package: endpointslicemirroring
[gosec] 2026/02/05 18:19:36 Checking file: /tmp/blitzy/blitzy-kubernetes/blitzy5f91179c1/pkg/controller/endpointslicemirroring/endpointslicemirroring_controller.go
[gosec] 2026/02/05 18:19:36 Import directory: /tmp/blitzy/blitzy-kubernetes/blitzy5f91179c1/pkg/controller/garbagecollector
[gosec] 2026/02/05 18:19:37 Checking file: /tmp/blitzy/blitzy-kubernetes/blitzy5f91179c1/pkg/controller/endpointslicemirroring/events.go
[gosec] 2026/02/05 18:19:37 Checking file: /tmp/blitzy/blitzy-kubernetes/blitzy5f91179c1/pkg/controller/endpointslicemirroring/reconciler.go
[gosec] 2026/02/05 18:19:38 Checking file: /tmp/blitzy/blitzy-kubernetes/blitzy5f91179c1/pkg/controller/endpointslicemirroring/reconciler_helpers.go
[gosec] 2026/02/05 18:19:38 Checking file: /tmp/blitzy/blitzy-kubernetes/blitzy5f91179c1/pkg/controller/endpointslicemirroring/utils.go
[gosec] 2026/02/05 18:19:39 Checking package: config
[gosec] 2026/02/05 18:19:39 Checking file: /tmp/blitzy/blitzy-kubernetes/blitzy5f91179c1/pkg/controller/job/config/doc.go
[gosec] 2026/02/05 18:19:39 Checking file: /tmp/blitzy/blitzy-kubernetes/blitzy5f91179c1/pkg/controller/job/config/types.go
[gosec] 2026/02/05 18:19:39 Import directory: /tmp/blitzy/blitzy-kubernetes/blitzy5f91179c1/pkg/controller/apis/config/fuzzer
[gosec] 2026/02/05 18:19:39 Checking file: /tmp/blitzy/blitzy-kubernetes/blitzy5f91179c1/pkg/controller/job/config/zz_generated.deepcopy.go
[gosec] 2026/02/05 18:19:39 Checking package: config
[gosec] 2026/02/05 18:19:39 Checking file: /tmp/blitzy/blitzy-kubernetes/blitzy5f91179c1/pkg/controller/certificates/signer/config/doc.go
[gosec] 2026/02/05 18:19:39 Import directory: /tmp/blitzy/blitzy-kubernetes/blitzy5f91179c1/pkg/controller/endpointslicemirroring/config/v1alpha1
[gosec] 2026/02/05 18:19:39 Checking file: /tmp/blitzy/blitzy-kubernetes/blitzy5f91179c1/pkg/controller/certificates/signer/config/types.go
[gosec] 2026/02/05 18:19:39 Checking file: /tmp/blitzy/blitzy-kubernetes/blitzy5f91179c1/pkg/controller/certificates/signer/config/zz_generated.deepcopy.go
[gosec] 2026/02/05 18:19:39 Checking package: translator
[gosec] 2026/02/05 18:19:39 Checking file: /tmp/blitzy/blitzy-kubernetes/blitzy5f91179c1/pkg/controller/volume/selinuxwarning/translator/selinux_translator.go
[gosec] 2026/02/05 18:19:39 Import directory: /tmp/blitzy/blitzy-kubernetes/blitzy5f91179c1/pkg/controller/volume/attachdetach/util
[gosec] 2026/02/05 18:19:39 Checking package: metrics
[gosec] 2026/02/05 18:19:39 Checking file: /tmp/blitzy/blitzy-kubernetes/blitzy5f91179c1/pkg/controller/job/metrics/metrics.go
[gosec] 2026/02/05 18:19:39 Import directory: /tmp/blitzy/blitzy-kubernetes/blitzy5f91179c1/pkg/controller/volume/ephemeral
[gosec] 2026/02/05 18:19:39 Checking package: util
[gosec] 2026/02/05 18:19:39 Checking file: /tmp/blitzy/blitzy-kubernetes/blitzy5f91179c1/pkg/controller/job/util/utils.go
[gosec] 2026/02/05 18:19:39 Import directory: /tmp/blitzy/blitzy-kubernetes/blitzy5f91179c1/pkg/controller/volume/events
[gosec] 2026/02/05 18:19:40 Checking package: config
[gosec] 2026/02/05 18:19:40 Checking file: /tmp/blitzy/blitzy-kubernetes/blitzy5f91179c1/pkg/controller/validatingadmissionpolicystatus/config/doc.go
[gosec] 2026/02/05 18:19:40 Import directory: /tmp/blitzy/blitzy-kubernetes/blitzy5f91179c1/pkg/controller
[gosec] 2026/02/05 18:19:40 Checking file: /tmp/blitzy/blitzy-kubernetes/blitzy5f91179c1/pkg/controller/validatingadmissionpolicystatus/config/types.go
[gosec] 2026/02/05 18:19:40 Checking file: /tmp/blitzy/blitzy-kubernetes/blitzy5f91179c1/pkg/controller/validatingadmissionpolicystatus/config/zz_generated.deepcopy.go
[gosec] 2026/02/05 18:19:40 Checking package: v1alpha1
[gosec] 2026/02/05 18:19:40 Checking file: /tmp/blitzy/blitzy-kubernetes/blitzy5f91179c1/pkg/controller/namespace/config/v1alpha1/conversion.go
[gosec] 2026/02/05 18:19:40 Import directory: /tmp/blitzy/blitzy-kubernetes/blitzy5f91179c1/pkg/controller/resourcequota/config
[gosec] 2026/02/05 18:19:40 Checking file: /tmp/blitzy/blitzy-kubernetes/blitzy5f91179c1/pkg/controller/namespace/config/v1alpha1/defaults.go
[gosec] 2026/02/05 18:19:40 Checking file: /tmp/blitzy/blitzy-kubernetes/blitzy5f91179c1/pkg/controller/namespace/config/v1alpha1/doc.go
[gosec] 2026/02/05 18:19:40 Checking file: /tmp/blitzy/blitzy-kubernetes/blitzy5f91179c1/pkg/controller/namespace/config/v1alpha1/register.go
[gosec] 2026/02/05 18:19:40 Checking file: /tmp/blitzy/blitzy-kubernetes/blitzy5f91179c1/pkg/controller/namespace/config/v1alpha1/zz_generated.conversion.go
[gosec] 2026/02/05 18:19:40 Checking file: /tmp/blitzy/blitzy-kubernetes/blitzy5f91179c1/pkg/controller/namespace/config/v1alpha1/zz_generated.deepcopy.go
[gosec] 2026/02/05 18:19:40 Checking package: garbagecollector
[gosec] 2026/02/05 18:19:40 Checking file: /tmp/blitzy/blitzy-kubernetes/blitzy5f91179c1/pkg/controller/garbagecollector/dump.go
[gosec] 2026/02/05 18:19:40 Import directory: /tmp/blitzy/blitzy-kubernetes/blitzy5f91179c1/pkg/controller/serviceaccount/config/v1alpha1
[gosec] 2026/02/05 18:19:41 Checking file: /tmp/blitzy/blitzy-kubernetes/blitzy5f91179c1/pkg/controller/garbagecollector/errors.go
[gosec] 2026/02/05 18:19:41 Checking file: /tmp/blitzy/blitzy-kubernetes/blitzy5f91179c1/pkg/controller/garbagecollector/garbagecollector.go
[gosec] 2026/02/05 18:19:42 Checking file: /tmp/blitzy/blitzy-kubernetes/blitzy5f91179c1/pkg/controller/garbagecollector/graph.go
[gosec] 2026/02/05 18:19:43 Checking file: /tmp/blitzy/blitzy-kubernetes/blitzy5f91179c1/pkg/controller/garbagecollector/graph_builder.go
[gosec] 2026/02/05 18:19:45 Checking file: /tmp/blitzy/blitzy-kubernetes/blitzy5f91179c1/pkg/controller/garbagecollector/operations.go
[gosec] 2026/02/05 18:19:45 Checking file: /tmp/blitzy/blitzy-kubernetes/blitzy5f91179c1/pkg/controller/garbagecollector/patch.go
[gosec] 2026/02/05 18:19:46 Checking file: /tmp/blitzy/blitzy-kubernetes/blitzy5f91179c1/pkg/controller/garbagecollector/uid_cache.go
[gosec] 2026/02/05 18:19:46 Checking package: fuzzer
[gosec] 2026/02/05 18:19:46 Checking file: /tmp/blitzy/blitzy-kubernetes/blitzy5f91179c1/pkg/controller/apis/config/fuzzer/fuzzer.go
[gosec] 2026/02/05 18:19:46 Import directory: /tmp/blitzy/blitzy-kubernetes/blitzy5f91179c1/pkg/controller/servicecidrs
[gosec] 2026/02/05 18:19:46 Checking package: v1alpha1
[gosec] 2026/02/05 18:19:46 Checking file: /tmp/blitzy/blitzy-kubernetes/blitzy5f91179c1/pkg/controller/endpointslicemirroring/config/v1alpha1/conversion.go
[gosec] 2026/02/05 18:19:46 Import directory: /tmp/blitzy/blitzy-kubernetes/blitzy5f91179c1/pkg/controller/daemon/config/v1alpha1
[gosec] 2026/02/05 18:19:46 Checking file: /tmp/blitzy/blitzy-kubernetes/blitzy5f91179c1/pkg/controller/endpointslicemirroring/config/v1alpha1/defaults.go
[gosec] 2026/02/05 18:19:46 Checking file: /tmp/blitzy/blitzy-kubernetes/blitzy5f91179c1/pkg/controller/endpointslicemirroring/config/v1alpha1/doc.go
[gosec] 2026/02/05 18:19:46 Checking file: /tmp/blitzy/blitzy-kubernetes/blitzy5f91179c1/pkg/controller/endpointslicemirroring/config/v1alpha1/register.go
[gosec] 2026/02/05 18:19:46 Checking file: /tmp/blitzy/blitzy-kubernetes/blitzy5f91179c1/pkg/controller/endpointslicemirroring/config/v1alpha1/zz_generated.conversion.go
[gosec] 2026/02/05 18:19:46 Checking file: /tmp/blitzy/blitzy-kubernetes/blitzy5f91179c1/pkg/controller/endpointslicemirroring/config/v1alpha1/zz_generated.deepcopy.go
[gosec] 2026/02/05 18:19:46 Checking package: events
[gosec] 2026/02/05 18:19:46 Checking file: /tmp/blitzy/blitzy-kubernetes/blitzy5f91179c1/pkg/controller/volume/events/event.go
[gosec] 2026/02/05 18:19:46 Import directory: /tmp/blitzy/blitzy-kubernetes/blitzy5f91179c1/pkg/controller/deployment/config
[gosec] 2026/02/05 18:19:46 Checking package: util
[gosec] 2026/02/05 18:19:46 Checking file: /tmp/blitzy/blitzy-kubernetes/blitzy5f91179c1/pkg/controller/volume/attachdetach/util/util.go
[gosec] 2026/02/05 18:19:46 Import directory: /tmp/blitzy/blitzy-kubernetes/blitzy5f91179c1/pkg/controller/replicaset
[gosec] 2026/02/05 18:19:47 Checking package: ephemeral
[gosec] 2026/02/05 18:19:47 Checking file: /tmp/blitzy/blitzy-kubernetes/blitzy5f91179c1/pkg/controller/volume/ephemeral/controller.go
[gosec] 2026/02/05 18:19:47 Import directory: /tmp/blitzy/blitzy-kubernetes/blitzy5f91179c1/pkg/controller/ttlafterfinished/config
[gosec] 2026/02/05 18:19:48 Checking file: /tmp/blitzy/blitzy-kubernetes/blitzy5f91179c1/pkg/controller/volume/ephemeral/doc.go
[gosec] 2026/02/05 18:19:48 Checking package: config
[gosec] 2026/02/05 18:19:48 Checking file: /tmp/blitzy/blitzy-kubernetes/blitzy5f91179c1/pkg/controller/resourcequota/config/doc.go
[gosec] 2026/02/05 18:19:48 Import directory: /tmp/blitzy/blitzy-kubernetes/blitzy5f91179c1/pkg/controller/volume/attachdetach/cache
[gosec] 2026/02/05 18:19:48 Checking file: /tmp/blitzy/blitzy-kubernetes/blitzy5f91179c1/pkg/controller/resourcequota/config/types.go
[gosec] 2026/02/05 18:19:48 Checking file: /tmp/blitzy/blitzy-kubernetes/blitzy5f91179c1/pkg/controller/resourcequota/config/zz_generated.deepcopy.go
[gosec] 2026/02/05 18:19:48 Checking package: controller
[gosec] 2026/02/05 18:19:48 Checking file: /tmp/blitzy/blitzy-kubernetes/blitzy5f91179c1/pkg/controller/controller_ref_manager.go
[gosec] 2026/02/05 18:19:48 Import directory: /tmp/blitzy/blitzy-kubernetes/blitzy5f91179c1/pkg/controller/volume/ephemeral/config/v1alpha1
[gosec] 2026/02/05 18:19:49 Checking file: /tmp/blitzy/blitzy-kubernetes/blitzy5f91179c1/pkg/controller/controller_utils.go
[gosec] 2026/02/05 18:19:53 Checking file: /tmp/blitzy/blitzy-kubernetes/blitzy5f91179c1/pkg/controller/doc.go
[gosec] 2026/02/05 18:19:53 Checking package: v1alpha1
[gosec] 2026/02/05 18:19:53 Checking file: /tmp/blitzy/blitzy-kubernetes/blitzy5f91179c1/pkg/controller/serviceaccount/config/v1alpha1/conversion.go
[gosec] 2026/02/05 18:19:53 Import directory: /tmp/blitzy/blitzy-kubernetes/blitzy5f91179c1/pkg/controller/volume/ephemeral/metrics
[gosec] 2026/02/05 18:19:53 Checking file: /tmp/blitzy/blitzy-kubernetes/blitzy5f91179c1/pkg/controller/serviceaccount/config/v1alpha1/defaults.go
[gosec] 2026/02/05 18:19:53 Checking file: /tmp/blitzy/blitzy-kubernetes/blitzy5f91179c1/pkg/controller/serviceaccount/config/v1alpha1/doc.go
[gosec] 2026/02/05 18:19:53 Checking file: /tmp/blitzy/blitzy-kubernetes/blitzy5f91179c1/pkg/controller/serviceaccount/config/v1alpha1/register.go
[gosec] 2026/02/05 18:19:53 Checking file: /tmp/blitzy/blitzy-kubernetes/blitzy5f91179c1/pkg/controller/serviceaccount/config/v1alpha1/zz_generated.conversion.go
[gosec] 2026/02/05 18:19:54 Checking file: /tmp/blitzy/blitzy-kubernetes/blitzy5f91179c1/pkg/controller/serviceaccount/config/v1alpha1/zz_generated.deepcopy.go
[gosec] 2026/02/05 18:19:54 Checking package: v1alpha1
[gosec] 2026/02/05 18:19:54 Checking file: /tmp/blitzy/blitzy-kubernetes/blitzy5f91179c1/pkg/controller/daemon/config/v1alpha1/conversion.go
[gosec] 2026/02/05 18:19:54 Import directory: /tmp/blitzy/blitzy-kubernetes/blitzy5f91179c1/pkg/controller/volume/selinuxwarning
[gosec] 2026/02/05 18:19:54 Checking file: /tmp/blitzy/blitzy-kubernetes/blitzy5f91179c1/pkg/controller/daemon/config/v1alpha1/defaults.go
[gosec] 2026/02/05 18:19:54 Checking file: /tmp/blitzy/blitzy-kubernetes/blitzy5f91179c1/pkg/controller/daemon/config/v1alpha1/doc.go
[gosec] 2026/02/05 18:19:54 Checking file: /tmp/blitzy/blitzy-kubernetes/blitzy5f91179c1/pkg/controller/daemon/config/v1alpha1/register.go
[gosec] 2026/02/05 18:19:54 Checking file: /tmp/blitzy/blitzy-kubernetes/blitzy5f91179c1/pkg/controller/daemon/config/v1alpha1/zz_generated.conversion.go
[gosec] 2026/02/05 18:19:54 Checking file: /tmp/blitzy/blitzy-kubernetes/blitzy5f91179c1/pkg/controller/daemon/config/v1alpha1/zz_generated.deepcopy.go
[gosec] 2026/02/05 18:19:54 Checking package: config
[gosec] 2026/02/05 18:19:54 Checking file: /tmp/blitzy/blitzy-kubernetes/blitzy5f91179c1/pkg/controller/deployment/config/doc.go
[gosec] 2026/02/05 18:19:54 Import directory: /tmp/blitzy/blitzy-kubernetes/blitzy5f91179c1/pkg/controller/apis/config/scheme
[gosec] 2026/02/05 18:19:54 Checking file: /tmp/blitzy/blitzy-kubernetes/blitzy5f91179c1/pkg/controller/deployment/config/types.go
[gosec] 2026/02/05 18:19:54 Checking file: /tmp/blitzy/blitzy-kubernetes/blitzy5f91179c1/pkg/controller/deployment/config/zz_generated.deepcopy.go
[gosec] 2026/02/05 18:19:54 Checking package: servicecidrs
[gosec] 2026/02/05 18:19:54 Checking file: /tmp/blitzy/blitzy-kubernetes/blitzy5f91179c1/pkg/controller/servicecidrs/servicecidrs_controller.go
[gosec] 2026/02/05 18:19:54 Import directory: /tmp/blitzy/blitzy-kubernetes/blitzy5f91179c1/pkg/controller/devicetainteviction/config/v1alpha1
[gosec] 2026/02/05 18:19:55 Checking package: replicaset
[gosec] 2026/02/05 18:19:55 Checking file: /tmp/blitzy/blitzy-kubernetes/blitzy5f91179c1/pkg/controller/replicaset/doc.go
[gosec] 2026/02/05 18:19:55 Checking file: /tmp/blitzy/blitzy-kubernetes/blitzy5f91179c1/pkg/controller/replicaset/replica_set.go
[gosec] 2026/02/05 18:19:55 Import directory: /tmp/blitzy/blitzy-kubernetes/blitzy5f91179c1/pkg/controller/replicaset/config/v1alpha1
[gosec] 2026/02/05 18:19:57 Checking file: /tmp/blitzy/blitzy-kubernetes/blitzy5f91179c1/pkg/controller/replicaset/replica_set_utils.go
[gosec] 2026/02/05 18:19:57 Checking package: config
[gosec] 2026/02/05 18:19:57 Checking file: /tmp/blitzy/blitzy-kubernetes/blitzy5f91179c1/pkg/controller/ttlafterfinished/config/doc.go
[gosec] 2026/02/05 18:19:57 Checking file: /tmp/blitzy/blitzy-kubernetes/blitzy5f91179c1/pkg/controller/ttlafterfinished/config/types.go
[gosec] 2026/02/05 18:19:57 Import directory: /tmp/blitzy/blitzy-kubernetes/blitzy5f91179c1/pkg/controller/garbagecollector/config
[gosec] 2026/02/05 18:19:57 Checking file: /tmp/blitzy/blitzy-kubernetes/blitzy5f91179c1/pkg/controller/ttlafterfinished/config/zz_generated.deepcopy.go
[gosec] 2026/02/05 18:19:57 Checking package: v1alpha1
[gosec] 2026/02/05 18:19:57 Checking file: /tmp/blitzy/blitzy-kubernetes/blitzy5f91179c1/pkg/controller/volume/ephemeral/config/v1alpha1/conversion.go
[gosec] 2026/02/05 18:19:57 Import directory: /tmp/blitzy/blitzy-kubernetes/blitzy5f91179c1/pkg/controller/nodelifecycle/config
[gosec] 2026/02/05 18:19:57 Checking file: /tmp/blitzy/blitzy-kubernetes/blitzy5f91179c1/pkg/controller/volume/ephemeral/config/v1alpha1/defaults.go
[gosec] 2026/02/05 18:19:57 Checking file: /tmp/blitzy/blitzy-kubernetes/blitzy5f91179c1/pkg/controller/volume/ephemeral/config/v1alpha1/doc.go
[gosec] 2026/02/05 18:19:57 Checking file: /tmp/blitzy/blitzy-kubernetes/blitzy5f91179c1/pkg/controller/volume/ephemeral/config/v1alpha1/register.go
[gosec] 2026/02/05 18:19:58 Checking file: /tmp/blitzy/blitzy-kubernetes/blitzy5f91179c1/pkg/controller/volume/ephemeral/config/v1alpha1/zz_generated.conversion.go
[gosec] 2026/02/05 18:19:58 Checking file: /tmp/blitzy/blitzy-kubernetes/blitzy5f91179c1/pkg/controller/volume/ephemeral/config/v1alpha1/zz_generated.deepcopy.go
[gosec] 2026/02/05 18:19:58 Checking package: cache
[gosec] 2026/02/05 18:19:58 Checking file: /tmp/blitzy/blitzy-kubernetes/blitzy5f91179c1/pkg/controller/volume/attachdetach/cache/actual_state_of_world.go
[gosec] 2026/02/05 18:19:58 Import directory: /tmp/blitzy/blitzy-kubernetes/blitzy5f91179c1/pkg/controller/volume/attachdetach/populator
[gosec] 2026/02/05 18:19:59 Checking file: /tmp/blitzy/blitzy-kubernetes/blitzy5f91179c1/pkg/controller/volume/attachdetach/cache/desired_state_of_world.go
[gosec] 2026/02/05 18:19:59 Checking package: metrics
[gosec] 2026/02/05 18:19:59 Checking file: /tmp/blitzy/blitzy-kubernetes/blitzy5f91179c1/pkg/controller/volume/ephemeral/metrics/metrics.go
[gosec] 2026/02/05 18:19:59 Import directory: /tmp/blitzy/blitzy-kubernetes/blitzy5f91179c1/pkg/controller/podgc/config/v1alpha1
[gosec] 2026/02/05 18:19:59 Checking package: scheme
[gosec] 2026/02/05 18:19:59 Checking file: /tmp/blitzy/blitzy-kubernetes/blitzy5f91179c1/pkg/controller/apis/config/scheme/scheme.go
[gosec] 2026/02/05 18:19:59 Import directory: /tmp/blitzy/blitzy-kubernetes/blitzy5f91179c1/pkg/controller/volume/persistentvolume/testing
[gosec] 2026/02/05 18:19:59 Checking package: v1alpha1
[gosec] 2026/02/05 18:19:59 Checking file: /tmp/blitzy/blitzy-kubernetes/blitzy5f91179c1/pkg/controller/devicetainteviction/config/v1alpha1/conversion.go
[gosec] 2026/02/05 18:19:59 Import directory: /tmp/blitzy/blitzy-kubernetes/blitzy5f91179c1/pkg/controller/bootstrap
[gosec] 2026/02/05 18:20:00 Checking file: /tmp/blitzy/blitzy-kubernetes/blitzy5f91179c1/pkg/controller/devicetainteviction/config/v1alpha1/defaults.go
[gosec] 2026/02/05 18:20:00 Checking file: /tmp/blitzy/blitzy-kubernetes/blitzy5f91179c1/pkg/controller/devicetainteviction/config/v1alpha1/doc.go
[gosec] 2026/02/05 18:20:00 Checking file: /tmp/blitzy/blitzy-kubernetes/blitzy5f91179c1/pkg/controller/devicetainteviction/config/v1alpha1/register.go
[gosec] 2026/02/05 18:20:00 Checking file: /tmp/blitzy/blitzy-kubernetes/blitzy5f91179c1/pkg/controller/devicetainteviction/config/v1alpha1/zz_generated.conversion.go
[gosec] 2026/02/05 18:20:00 Checking file: /tmp/blitzy/blitzy-kubernetes/blitzy5f91179c1/pkg/controller/devicetainteviction/config/v1alpha1/zz_generated.deepcopy.go
[gosec] 2026/02/05 18:20:00 Checking package: selinuxwarning
[gosec] 2026/02/05 18:20:00 Checking file: /tmp/blitzy/blitzy-kubernetes/blitzy5f91179c1/pkg/controller/volume/selinuxwarning/metrics.go
[gosec] 2026/02/05 18:20:00 Import directory: /tmp/blitzy/blitzy-kubernetes/blitzy5f91179c1/pkg/controller/certificates/authority
[gosec] 2026/02/05 18:20:00 Checking file: /tmp/blitzy/blitzy-kubernetes/blitzy5f91179c1/pkg/controller/volume/selinuxwarning/selinux_warning_controller.go
[gosec] 2026/02/05 18:20:01 Checking file: /tmp/blitzy/blitzy-kubernetes/blitzy5f91179c1/pkg/controller/volume/selinuxwarning/volumehost.go
[gosec] 2026/02/05 18:20:01 Checking package: v1alpha1
[gosec] 2026/02/05 18:20:01 Checking file: /tmp/blitzy/blitzy-kubernetes/blitzy5f91179c1/pkg/controller/replicaset/config/v1alpha1/conversion.go
[gosec] 2026/02/05 18:20:01 Import directory: /tmp/blitzy/blitzy-kubernetes/blitzy5f91179c1/pkg/controller/clusterroleaggregation
[gosec] 2026/02/05 18:20:01 Checking file: /tmp/blitzy/blitzy-kubernetes/blitzy5f91179c1/pkg/controller/replicaset/config/v1alpha1/defaults.go
[gosec] 2026/02/05 18:20:01 Checking file: /tmp/blitzy/blitzy-kubernetes/blitzy5f91179c1/pkg/controller/replicaset/config/v1alpha1/doc.go
[gosec] 2026/02/05 18:20:01 Checking file: /tmp/blitzy/blitzy-kubernetes/blitzy5f91179c1/pkg/controller/replicaset/config/v1alpha1/register.go
[gosec] 2026/02/05 18:20:02 Checking file: /tmp/blitzy/blitzy-kubernetes/blitzy5f91179c1/pkg/controller/replicaset/config/v1alpha1/zz_generated.conversion.go
[gosec] 2026/02/05 18:20:02 Checking file: /tmp/blitzy/blitzy-kubernetes/blitzy5f91179c1/pkg/controller/replicaset/config/v1alpha1/zz_generated.deepcopy.go
[gosec] 2026/02/05 18:20:02 Checking package: config
[gosec] 2026/02/05 18:20:02 Checking file: /tmp/blitzy/blitzy-kubernetes/blitzy5f91179c1/pkg/controller/garbagecollector/config/doc.go
[gosec] 2026/02/05 18:20:02 Checking file: /tmp/blitzy/blitzy-kubernetes/blitzy5f91179c1/pkg/controller/garbagecollector/config/types.go
[gosec] 2026/02/05 18:20:02 Checking file: /tmp/blitzy/blitzy-kubernetes/blitzy5f91179c1/pkg/controller/garbagecollector/config/zz_generated.deepcopy.go
[gosec] 2026/02/05 18:20:02 Import directory: /tmp/blitzy/blitzy-kubernetes/blitzy5f91179c1/pkg/controller/daemon/config
[gosec] 2026/02/05 18:20:02 Checking package: config
[gosec] 2026/02/05 18:20:02 Checking file: /tmp/blitzy/blitzy-kubernetes/blitzy5f91179c1/pkg/controller/nodelifecycle/config/doc.go
[gosec] 2026/02/05 18:20:02 Checking file: /tmp/blitzy/blitzy-kubernetes/blitzy5f91179c1/pkg/controller/nodelifecycle/config/types.go
[gosec] 2026/02/05 18:20:02 Import directory: /tmp/blitzy/blitzy-kubernetes/blitzy5f91179c1/pkg/controller/nodeipam/ipam/cidrset
[gosec] 2026/02/05 18:20:02 Checking file: /tmp/blitzy/blitzy-kubernetes/blitzy5f91179c1/pkg/controller/nodelifecycle/config/zz_generated.deepcopy.go
[gosec] 2026/02/05 18:20:02 Checking package: populator
[gosec] 2026/02/05 18:20:02 Checking file: /tmp/blitzy/blitzy-kubernetes/blitzy5f91179c1/pkg/controller/volume/attachdetach/populator/desired_state_of_world_populator.go
[gosec] 2026/02/05 18:20:02 Import directory: /tmp/blitzy/blitzy-kubernetes/blitzy5f91179c1/pkg/controller/nodelifecycle/config/v1alpha1
[gosec] 2026/02/05 18:20:02 Checking package: v1alpha1
[gosec] 2026/02/05 18:20:02 Checking file: /tmp/blitzy/blitzy-kubernetes/blitzy5f91179c1/pkg/controller/podgc/config/v1alpha1/conversion.go
[gosec] 2026/02/05 18:20:02 Import directory: /tmp/blitzy/blitzy-kubernetes/blitzy5f91179c1/pkg/controller/resourcequota
[gosec] 2026/02/05 18:20:02 Checking file: /tmp/blitzy/blitzy-kubernetes/blitzy5f91179c1/pkg/controller/podgc/config/v1alpha1/defaults.go
[gosec] 2026/02/05 18:20:02 Checking file: /tmp/blitzy/blitzy-kubernetes/blitzy5f91179c1/pkg/controller/podgc/config/v1alpha1/doc.go
[gosec] 2026/02/05 18:20:02 Checking file: /tmp/blitzy/blitzy-kubernetes/blitzy5f91179c1/pkg/controller/podgc/config/v1alpha1/register.go
[gosec] 2026/02/05 18:20:02 Checking file: /tmp/blitzy/blitzy-kubernetes/blitzy5f91179c1/pkg/controller/podgc/config/v1alpha1/zz_generated.conversion.go
[gosec] 2026/02/05 18:20:02 Checking file: /tmp/blitzy/blitzy-kubernetes/blitzy5f91179c1/pkg/controller/podgc/config/v1alpha1/zz_generated.deepcopy.go
[gosec] 2026/02/05 18:20:02 Checking package: testing
[gosec] 2026/02/05 18:20:02 Checking file: /tmp/blitzy/blitzy-kubernetes/blitzy5f91179c1/pkg/controller/volume/persistentvolume/testing/testing.go
[gosec] 2026/02/05 18:20:02 Import directory: /tmp/blitzy/blitzy-kubernetes/blitzy5f91179c1/pkg/controller/serviceaccount/config
[gosec] 2026/02/05 18:20:04 Checking package: authority
[gosec] 2026/02/05 18:20:04 Checking file: /tmp/blitzy/blitzy-kubernetes/blitzy5f91179c1/pkg/controller/certificates/authority/authority.go
[gosec] 2026/02/05 18:20:04 Import directory: /tmp/blitzy/blitzy-kubernetes/blitzy5f91179c1/pkg/controller/certificates/cleaner
[gosec] 2026/02/05 18:20:04 Checking file: /tmp/blitzy/blitzy-kubernetes/blitzy5f91179c1/pkg/controller/certificates/authority/policies.go
[gosec] 2026/02/05 18:20:04 Checking package: bootstrap
[gosec] 2026/02/05 18:20:04 Checking file: /tmp/blitzy/blitzy-kubernetes/blitzy5f91179c1/pkg/controller/bootstrap/bootstrapsigner.go
[gosec] 2026/02/05 18:20:04 Import directory: /tmp/blitzy/blitzy-kubernetes/blitzy5f91179c1/pkg/controller/deployment/util
[gosec] 2026/02/05 18:20:04 Checking file: /tmp/blitzy/blitzy-kubernetes/blitzy5f91179c1/pkg/controller/bootstrap/doc.go
[gosec] 2026/02/05 18:20:04 Checking file: /tmp/blitzy/blitzy-kubernetes/blitzy5f91179c1/pkg/controller/bootstrap/tokencleaner.go
[gosec] 2026/02/05 18:20:05 Checking file: /tmp/blitzy/blitzy-kubernetes/blitzy5f91179c1/pkg/controller/bootstrap/util.go
[gosec] 2026/02/05 18:20:05 Checking package: config
[gosec] 2026/02/05 18:20:05 Checking file: /tmp/blitzy/blitzy-kubernetes/blitzy5f91179c1/pkg/controller/daemon/config/doc.go
[gosec] 2026/02/05 18:20:05 Checking file: /tmp/blitzy/blitzy-kubernetes/blitzy5f91179c1/pkg/controller/daemon/config/types.go
[gosec] 2026/02/05 18:20:05 Import directory: /tmp/blitzy/blitzy-kubernetes/blitzy5f91179c1/pkg/controller/endpointslice/config
[gosec] 2026/02/05 18:20:05 Checking file: /tmp/blitzy/blitzy-kubernetes/blitzy5f91179c1/pkg/controller/daemon/config/zz_generated.deepcopy.go
[gosec] 2026/02/05 18:20:05 Checking package: clusterroleaggregation
[gosec] 2026/02/05 18:20:05 Checking file: /tmp/blitzy/blitzy-kubernetes/blitzy5f91179c1/pkg/controller/clusterroleaggregation/clusterroleaggregation_controller.go
[gosec] 2026/02/05 18:20:05 Import directory: /tmp/blitzy/blitzy-kubernetes/blitzy5f91179c1/pkg/controller/endpointslice/config/v1alpha1
[gosec] 2026/02/05 18:20:06 Checking package: cidrset
[gosec] 2026/02/05 18:20:06 Checking file: /tmp/blitzy/blitzy-kubernetes/blitzy5f91179c1/pkg/controller/nodeipam/ipam/cidrset/cidr_set.go
[gosec] 2026/02/05 18:20:06 Import directory: /tmp/blitzy/blitzy-kubernetes/blitzy5f91179c1/pkg/controller/job/config/v1alpha1
[gosec] 2026/02/05 18:20:06 Checking file: /tmp/blitzy/blitzy-kubernetes/blitzy5f91179c1/pkg/controller/nodeipam/ipam/cidrset/metrics.go
[gosec] 2026/02/05 18:20:06 Checking package: v1alpha1
[gosec] 2026/02/05 18:20:06 Checking file: /tmp/blitzy/blitzy-kubernetes/blitzy5f91179c1/pkg/controller/nodelifecycle/config/v1alpha1/conversion.go
[gosec] 2026/02/05 18:20:06 Import directory: /tmp/blitzy/blitzy-kubernetes/blitzy5f91179c1/pkg/controller/nodeipam/ipam/sync
[gosec] 2026/02/05 18:20:06 Checking file: /tmp/blitzy/blitzy-kubernetes/blitzy5f91179c1/pkg/controller/nodelifecycle/config/v1alpha1/defaults.go
[gosec] 2026/02/05 18:20:06 Checking file: /tmp/blitzy/blitzy-kubernetes/blitzy5f91179c1/pkg/controller/nodelifecycle/config/v1alpha1/doc.go
[gosec] 2026/02/05 18:20:06 Checking file: /tmp/blitzy/blitzy-kubernetes/blitzy5f91179c1/pkg/controller/nodelifecycle/config/v1alpha1/register.go
[gosec] 2026/02/05 18:20:06 Checking file: /tmp/blitzy/blitzy-kubernetes/blitzy5f91179c1/pkg/controller/nodelifecycle/config/v1alpha1/zz_generated.conversion.go
[gosec] 2026/02/05 18:20:07 Checking file: /tmp/blitzy/blitzy-kubernetes/blitzy5f91179c1/pkg/controller/nodelifecycle/config/v1alpha1/zz_generated.deepcopy.go
[gosec] 2026/02/05 18:20:07 Checking package: config
[gosec] 2026/02/05 18:20:07 Checking file: /tmp/blitzy/blitzy-kubernetes/blitzy5f91179c1/pkg/controller/serviceaccount/config/doc.go
[gosec] 2026/02/05 18:20:07 Checking file: /tmp/blitzy/blitzy-kubernetes/blitzy5f91179c1/pkg/controller/serviceaccount/config/types.go
[gosec] 2026/02/05 18:20:07 Import directory: /tmp/blitzy/blitzy-kubernetes/blitzy5f91179c1/pkg/controller/podautoscaler/config
[gosec] 2026/02/05 18:20:07 Checking file: /tmp/blitzy/blitzy-kubernetes/blitzy5f91179c1/pkg/controller/serviceaccount/config/zz_generated.deepcopy.go
[gosec] 2026/02/05 18:20:07 Checking package: resourcequota
[gosec] 2026/02/05 18:20:07 Checking file: /tmp/blitzy/blitzy-kubernetes/blitzy5f91179c1/pkg/controller/resourcequota/doc.go
[gosec] 2026/02/05 18:20:07 Checking file: /tmp/blitzy/blitzy-kubernetes/blitzy5f91179c1/pkg/controller/resourcequota/resource_quota_controller.go
[gosec] 2026/02/05 18:20:07 Import directory: /tmp/blitzy/blitzy-kubernetes/blitzy5f91179c1/pkg/controller/replication
[gosec] 2026/02/05 18:20:08 Checking file: /tmp/blitzy/blitzy-kubernetes/blitzy5f91179c1/pkg/controller/resourcequota/resource_quota_monitor.go
[gosec] 2026/02/05 18:20:08 Checking package: cleaner
[gosec] 2026/02/05 18:20:08 Checking file: /tmp/blitzy/blitzy-kubernetes/blitzy5f91179c1/pkg/controller/certificates/cleaner/cleaner.go
[gosec] 2026/02/05 18:20:08 Import directory: /tmp/blitzy/blitzy-kubernetes/blitzy5f91179c1/pkg/controller/certificates/clustertrustbundlepublisher
[gosec] 2026/02/05 18:20:09 Checking file: /tmp/blitzy/blitzy-kubernetes/blitzy5f91179c1/pkg/controller/certificates/cleaner/pcrcleaner.go
[gosec] 2026/02/05 18:20:09 Checking package: util
[gosec] 2026/02/05 18:20:09 Checking file: /tmp/blitzy/blitzy-kubernetes/blitzy5f91179c1/pkg/controller/deployment/util/deployment_util.go
[gosec] 2026/02/05 18:20:09 Import directory: /tmp/blitzy/blitzy-kubernetes/blitzy5f91179c1/pkg/controller/cronjob/config/v1alpha1
[gosec] 2026/02/05 18:20:12 Checking package: config
[gosec] 2026/02/05 18:20:12 Checking file: /tmp/blitzy/blitzy-kubernetes/blitzy5f91179c1/pkg/controller/endpointslice/config/doc.go
[gosec] 2026/02/05 18:20:12 Checking file: /tmp/blitzy/blitzy-kubernetes/blitzy5f91179c1/pkg/controller/endpointslice/config/types.go
[gosec] 2026/02/05 18:20:12 Import directory: /tmp/blitzy/blitzy-kubernetes/blitzy5f91179c1/pkg/controller/namespace/deletion
[gosec] 2026/02/05 18:20:12 Checking file: /tmp/blitzy/blitzy-kubernetes/blitzy5f91179c1/pkg/controller/endpointslice/config/zz_generated.deepcopy.go
[gosec] 2026/02/05 18:20:12 Checking package: v1alpha1
[gosec] 2026/02/05 18:20:12 Checking file: /tmp/blitzy/blitzy-kubernetes/blitzy5f91179c1/pkg/controller/endpointslice/config/v1alpha1/conversion.go
[gosec] 2026/02/05 18:20:12 Import directory: /tmp/blitzy/blitzy-kubernetes/blitzy5f91179c1/pkg/controller/replication/config
[gosec] 2026/02/05 18:20:12 Checking file: /tmp/blitzy/blitzy-kubernetes/blitzy5f91179c1/pkg/controller/endpointslice/config/v1alpha1/defaults.go
[gosec] 2026/02/05 18:20:12 Checking file: /tmp/blitzy/blitzy-kubernetes/blitzy5f91179c1/pkg/controller/endpointslice/config/v1alpha1/doc.go
[gosec] 2026/02/05 18:20:12 Checking file: /tmp/blitzy/blitzy-kubernetes/blitzy5f91179c1/pkg/controller/endpointslice/config/v1alpha1/register.go
[gosec] 2026/02/05 18:20:12 Checking file: /tmp/blitzy/blitzy-kubernetes/blitzy5f91179c1/pkg/controller/endpointslice/config/v1alpha1/zz_generated.conversion.go
[gosec] 2026/02/05 18:20:12 Checking file: /tmp/blitzy/blitzy-kubernetes/blitzy5f91179c1/pkg/controller/endpointslice/config/v1alpha1/zz_generated.deepcopy.go
[gosec] 2026/02/05 18:20:12 Checking package: v1alpha1
[gosec] 2026/02/05 18:20:12 Checking file: /tmp/blitzy/blitzy-kubernetes/blitzy5f91179c1/pkg/controller/job/config/v1alpha1/conversion.go
[gosec] 2026/02/05 18:20:12 Import directory: /tmp/blitzy/blitzy-kubernetes/blitzy5f91179c1/pkg/controller/serviceaccount
[gosec] 2026/02/05 18:20:12 Checking file: /tmp/blitzy/blitzy-kubernetes/blitzy5f91179c1/pkg/controller/job/config/v1alpha1/defaults.go
[gosec] 2026/02/05 18:20:12 Checking file: /tmp/blitzy/blitzy-kubernetes/blitzy5f91179c1/pkg/controller/job/config/v1alpha1/doc.go
[gosec] 2026/02/05 18:20:12 Checking file: /tmp/blitzy/blitzy-kubernetes/blitzy5f91179c1/pkg/controller/job/config/v1alpha1/register.go
[gosec] 2026/02/05 18:20:12 Checking file: /tmp/blitzy/blitzy-kubernetes/blitzy5f91179c1/pkg/controller/job/config/v1alpha1/zz_generated.conversion.go
[gosec] 2026/02/05 18:20:12 Checking file: /tmp/blitzy/blitzy-kubernetes/blitzy5f91179c1/pkg/controller/job/config/v1alpha1/zz_generated.deepcopy.go
[gosec] 2026/02/05 18:20:12 Checking package: sync
[gosec] 2026/02/05 18:20:12 Checking file: /tmp/blitzy/blitzy-kubernetes/blitzy5f91179c1/pkg/controller/nodeipam/ipam/sync/sync.go
[gosec] 2026/02/05 18:20:12 Import directory: /tmp/blitzy/blitzy-kubernetes/blitzy5f91179c1/pkg/controller/validatingadmissionpolicystatus/config/v1alpha1
[gosec] 2026/02/05 18:20:13 Checking package: config
[gosec] 2026/02/05 18:20:13 Checking file: /tmp/blitzy/blitzy-kubernetes/blitzy5f91179c1/pkg/controller/podautoscaler/config/doc.go
[gosec] 2026/02/05 18:20:13 Checking file: /tmp/blitzy/blitzy-kubernetes/blitzy5f91179c1/pkg/controller/podautoscaler/config/types.go
[gosec] 2026/02/05 18:20:13 Import directory: /tmp/blitzy/blitzy-kubernetes/blitzy5f91179c1/pkg/controller/validatingadmissionpolicystatus
[gosec] 2026/02/05 18:20:13 Checking file: /tmp/blitzy/blitzy-kubernetes/blitzy5f91179c1/pkg/controller/podautoscaler/config/zz_generated.deepcopy.go
[gosec] 2026/02/05 18:20:13 Checking package: replication
[gosec] 2026/02/05 18:20:13 Checking file: /tmp/blitzy/blitzy-kubernetes/blitzy5f91179c1/pkg/controller/replication/conversion.go
[gosec] 2026/02/05 18:20:13 Import directory: /tmp/blitzy/blitzy-kubernetes/blitzy5f91179c1/pkg/controller/volume/pvprotection
[gosec] 2026/02/05 18:20:14 Checking file: /tmp/blitzy/blitzy-kubernetes/blitzy5f91179c1/pkg/controller/replication/doc.go
[gosec] 2026/02/05 18:20:14 Checking file: /tmp/blitzy/blitzy-kubernetes/blitzy5f91179c1/pkg/controller/replication/replication_controller.go
[gosec] 2026/02/05 18:20:14 Checking file: /tmp/blitzy/blitzy-kubernetes/blitzy5f91179c1/pkg/controller/replication/replication_controller_utils.go
[gosec] 2026/02/05 18:20:14 Checking package: clustertrustbundlepublisher
[gosec] 2026/02/05 18:20:14 Checking file: /tmp/blitzy/blitzy-kubernetes/blitzy5f91179c1/pkg/controller/certificates/clustertrustbundlepublisher/metrics.go
[gosec] 2026/02/05 18:20:14 Import directory: /tmp/blitzy/blitzy-kubernetes/blitzy5f91179c1/pkg/controller/disruption
[gosec] 2026/02/05 18:20:15 Checking file: /tmp/blitzy/blitzy-kubernetes/blitzy5f91179c1/pkg/controller/certificates/clustertrustbundlepublisher/publisher.go
[gosec] 2026/02/05 18:20:15 Checking package: v1alpha1
[gosec] 2026/02/05 18:20:15 Checking file: /tmp/blitzy/blitzy-kubernetes/blitzy5f91179c1/pkg/controller/cronjob/config/v1alpha1/conversion.go
[gosec] 2026/02/05 18:20:15 Import directory: /tmp/blitzy/blitzy-kubernetes/blitzy5f91179c1/pkg/controller/history
[gosec] 2026/02/05 18:20:15 Checking file: /tmp/blitzy/blitzy-kubernetes/blitzy5f91179c1/pkg/controller/cronjob/config/v1alpha1/defaults.go
[gosec] 2026/02/05 18:20:15 Checking file: /tmp/blitzy/blitzy-kubernetes/blitzy5f91179c1/pkg/controller/cronjob/config/v1alpha1/doc.go
[gosec] 2026/02/05 18:20:15 Checking file: /tmp/blitzy/blitzy-kubernetes/blitzy5f91179c1/pkg/controller/cronjob/config/v1alpha1/register.go
[gosec] 2026/02/05 18:20:15 Checking file: /tmp/blitzy/blitzy-kubernetes/blitzy5f91179c1/pkg/controller/cronjob/config/v1alpha1/zz_generated.conversion.go
[gosec] 2026/02/05 18:20:16 Checking file: /tmp/blitzy/blitzy-kubernetes/blitzy5f91179c1/pkg/controller/cronjob/config/v1alpha1/zz_generated.deepcopy.go
[gosec] 2026/02/05 18:20:16 Checking package: config
[gosec] 2026/02/05 18:20:16 Checking file: /tmp/blitzy/blitzy-kubernetes/blitzy5f91179c1/pkg/controller/replication/config/doc.go
[gosec] 2026/02/05 18:20:16 Checking file: /tmp/blitzy/blitzy-kubernetes/blitzy5f91179c1/pkg/controller/replication/config/types.go
[gosec] 2026/02/05 18:20:16 Checking file: /tmp/blitzy/blitzy-kubernetes/blitzy5f91179c1/pkg/controller/replication/config/zz_generated.deepcopy.go
[gosec] 2026/02/05 18:20:16 Import directory: /tmp/blitzy/blitzy-kubernetes/blitzy5f91179c1/pkg/controller/nodeipam/config/v1alpha1
[gosec] 2026/02/05 18:20:16 Checking package: deletion
[gosec] 2026/02/05 18:20:16 Checking file: /tmp/blitzy/blitzy-kubernetes/blitzy5f91179c1/pkg/controller/namespace/deletion/namespaced_resources_deleter.go
[gosec] 2026/02/05 18:20:16 Import directory: /tmp/blitzy/blitzy-kubernetes/blitzy5f91179c1/pkg/controller/statefulset/config
[gosec] 2026/02/05 18:20:17 Checking file: /tmp/blitzy/blitzy-kubernetes/blitzy5f91179c1/pkg/controller/namespace/deletion/status_condition_utils.go
[gosec] 2026/02/05 18:20:17 Checking package: v1alpha1
[gosec] 2026/02/05 18:20:17 Checking file: /tmp/blitzy/blitzy-kubernetes/blitzy5f91179c1/pkg/controller/validatingadmissionpolicystatus/config/v1alpha1/conversion.go
[gosec] 2026/02/05 18:20:17 Import directory: /tmp/blitzy/blitzy-kubernetes/blitzy5f91179c1/pkg/controller/ttlafterfinished/metrics
[gosec] 2026/02/05 18:20:17 Checking file: /tmp/blitzy/blitzy-kubernetes/blitzy5f91179c1/pkg/controller/validatingadmissionpolicystatus/config/v1alpha1/defaults.go
[gosec] 2026/02/05 18:20:17 Checking file: /tmp/blitzy/blitzy-kubernetes/blitzy5f91179c1/pkg/controller/validatingadmissionpolicystatus/config/v1alpha1/doc.go
[gosec] 2026/02/05 18:20:17 Checking file: /tmp/blitzy/blitzy-kubernetes/blitzy5f91179c1/pkg/controller/validatingadmissionpolicystatus/config/v1alpha1/register.go
[gosec] 2026/02/05 18:20:17 Checking file: /tmp/blitzy/blitzy-kubernetes/blitzy5f91179c1/pkg/controller/validatingadmissionpolicystatus/config/v1alpha1/zz_generated.conversion.go
[gosec] 2026/02/05 18:20:18 Checking file: /tmp/blitzy/blitzy-kubernetes/blitzy5f91179c1/pkg/controller/validatingadmissionpolicystatus/config/v1alpha1/zz_generated.deepcopy.go
[gosec] 2026/02/05 18:20:18 Checking package: serviceaccount
[gosec] 2026/02/05 18:20:18 Checking file: /tmp/blitzy/blitzy-kubernetes/blitzy5f91179c1/pkg/controller/serviceaccount/doc.go
[gosec] 2026/02/05 18:20:18 Import directory: /tmp/blitzy/blitzy-kubernetes/blitzy5f91179c1/pkg/controller/volume/attachdetach/testing
[gosec] 2026/02/05 18:20:18 Checking file: /tmp/blitzy/blitzy-kubernetes/blitzy5f91179c1/pkg/controller/serviceaccount/legacy_serviceaccount_token_cleaner.go
[gosec] 2026/02/05 18:20:18 Checking file: /tmp/blitzy/blitzy-kubernetes/blitzy5f91179c1/pkg/controller/serviceaccount/serviceaccounts_controller.go
[gosec] 2026/02/05 18:20:19 Checking file: /tmp/blitzy/blitzy-kubernetes/blitzy5f91179c1/pkg/controller/serviceaccount/tokengetter.go
[gosec] 2026/02/05 18:20:19 Checking file: /tmp/blitzy/blitzy-kubernetes/blitzy5f91179c1/pkg/controller/serviceaccount/tokens_controller.go
[gosec] 2026/02/05 18:20:20 Checking package: pvprotection
[gosec] 2026/02/05 18:20:20 Checking file: /tmp/blitzy/blitzy-kubernetes/blitzy5f91179c1/pkg/controller/volume/pvprotection/pv_protection_controller.go
[gosec] 2026/02/05 18:20:20 Import directory: /tmp/blitzy/blitzy-kubernetes/blitzy5f91179c1/pkg/controller/nodeipam/config
[gosec] 2026/02/05 18:20:21 Checking package: validatingadmissionpolicystatus
[gosec] 2026/02/05 18:20:21 Checking file: /tmp/blitzy/blitzy-kubernetes/blitzy5f91179c1/pkg/controller/validatingadmissionpolicystatus/controller.go
[gosec] 2026/02/05 18:20:21 Import directory: /tmp/blitzy/blitzy-kubernetes/blitzy5f91179c1/pkg/controller/volume/persistentvolume/config/v1alpha1
[gosec] 2026/02/05 18:20:21 Checking package: disruption
[gosec] 2026/02/05 18:20:21 Checking file: /tmp/blitzy/blitzy-kubernetes/blitzy5f91179c1/pkg/controller/disruption/disruption.go
[gosec] 2026/02/05 18:20:21 Import directory: /tmp/blitzy/blitzy-kubernetes/blitzy5f91179c1/pkg/controller/volume/selinuxwarning/cache
[gosec] 2026/02/05 18:20:23 Checking package: config
[gosec] 2026/02/05 18:20:23 Checking file: /tmp/blitzy/blitzy-kubernetes/blitzy5f91179c1/pkg/controller/statefulset/config/doc.go
[gosec] 2026/02/05 18:20:23 Checking file: /tmp/blitzy/blitzy-kubernetes/blitzy5f91179c1/pkg/controller/statefulset/config/types.go
[gosec] 2026/02/05 18:20:23 Import directory: /tmp/blitzy/blitzy-kubernetes/blitzy5f91179c1/pkg/controller/certificates/approver
[gosec] 2026/02/05 18:20:23 Checking file: /tmp/blitzy/blitzy-kubernetes/blitzy5f91179c1/pkg/controller/statefulset/config/zz_generated.deepcopy.go
[gosec] 2026/02/05 18:20:23 Checking package: history
[gosec] 2026/02/05 18:20:23 Checking file: /tmp/blitzy/blitzy-kubernetes/blitzy5f91179c1/pkg/controller/history/controller_history.go
[gosec] 2026/02/05 18:20:23 Import directory: /tmp/blitzy/blitzy-kubernetes/blitzy5f91179c1/pkg/controller/garbagecollector/config/v1alpha1
[gosec] 2026/02/05 18:20:25 Checking package: v1alpha1
[gosec] 2026/02/05 18:20:25 Checking file: /tmp/blitzy/blitzy-kubernetes/blitzy5f91179c1/pkg/controller/nodeipam/config/v1alpha1/conversion.go
[gosec] 2026/02/05 18:20:25 Import directory: /tmp/blitzy/blitzy-kubernetes/blitzy5f91179c1/pkg/controller/replicaset/config
[gosec] 2026/02/05 18:20:25 Checking file: /tmp/blitzy/blitzy-kubernetes/blitzy5f91179c1/pkg/controller/nodeipam/config/v1alpha1/defaults.go
[gosec] 2026/02/05 18:20:25 Checking file: /tmp/blitzy/blitzy-kubernetes/blitzy5f91179c1/pkg/controller/nodeipam/config/v1alpha1/doc.go
[gosec] 2026/02/05 18:20:25 Checking file: /tmp/blitzy/blitzy-kubernetes/blitzy5f91179c1/pkg/controller/nodeipam/config/v1alpha1/register.go
[gosec] 2026/02/05 18:20:25 Checking file: /tmp/blitzy/blitzy-kubernetes/blitzy5f91179c1/pkg/controller/nodeipam/config/v1alpha1/zz_generated.conversion.go
[gosec] 2026/02/05 18:20:25 Checking file: /tmp/blitzy/blitzy-kubernetes/blitzy5f91179c1/pkg/controller/nodeipam/config/v1alpha1/zz_generated.deepcopy.go
[gosec] 2026/02/05 18:20:25 Checking package: metrics
[gosec] 2026/02/05 18:20:25 Checking file: /tmp/blitzy/blitzy-kubernetes/blitzy5f91179c1/pkg/controller/ttlafterfinished/metrics/metrics.go
[gosec] 2026/02/05 18:20:25 Import directory: /tmp/blitzy/blitzy-kubernetes/blitzy5f91179c1/pkg/controller/replication/config/v1alpha1
[gosec] 2026/02/05 18:20:25 Checking package: testing
[gosec] 2026/02/05 18:20:25 Checking file: /tmp/blitzy/blitzy-kubernetes/blitzy5f91179c1/pkg/controller/volume/attachdetach/testing/plugin.go
[gosec] 2026/02/05 18:20:25 Import directory: /tmp/blitzy/blitzy-kubernetes/blitzy5f91179c1/pkg/controller/statefulset/config/v1alpha1
[gosec] 2026/02/05 18:20:26 Checking file: /tmp/blitzy/blitzy-kubernetes/blitzy5f91179c1/pkg/controller/volume/attachdetach/testing/testvolumespec.go
[gosec] 2026/02/05 18:20:27 Checking package: config
[gosec] 2026/02/05 18:20:27 Checking file: /tmp/blitzy/blitzy-kubernetes/blitzy5f91179c1/pkg/controller/nodeipam/config/doc.go
[gosec] 2026/02/05 18:20:27 Checking file: /tmp/blitzy/blitzy-kubernetes/blitzy5f91179c1/pkg/controller/nodeipam/config/types.go
[gosec] 2026/02/05 18:20:27 Import directory: /tmp/blitzy/blitzy-kubernetes/blitzy5f91179c1/pkg/controller/statefulset
[gosec] 2026/02/05 18:20:27 Checking file: /tmp/blitzy/blitzy-kubernetes/blitzy5f91179c1/pkg/controller/nodeipam/config/zz_generated.deepcopy.go
[gosec] 2026/02/05 18:20:27 Checking package: v1alpha1
[gosec] 2026/02/05 18:20:27 Checking file: /tmp/blitzy/blitzy-kubernetes/blitzy5f91179c1/pkg/controller/volume/persistentvolume/config/v1alpha1/conversion.go
[gosec] 2026/02/05 18:20:27 Import directory: /tmp/blitzy/blitzy-kubernetes/blitzy5f91179c1/pkg/controller/volume/pvcprotection
[gosec] 2026/02/05 18:20:27 Checking file: /tmp/blitzy/blitzy-kubernetes/blitzy5f91179c1/pkg/controller/volume/persistentvolume/config/v1alpha1/defaults.go
[gosec] 2026/02/05 18:20:27 Checking file: /tmp/blitzy/blitzy-kubernetes/blitzy5f91179c1/pkg/controller/volume/persistentvolume/config/v1alpha1/doc.go
[gosec] 2026/02/05 18:20:27 Checking file: /tmp/blitzy/blitzy-kubernetes/blitzy5f91179c1/pkg/controller/volume/persistentvolume/config/v1alpha1/register.go
[gosec] 2026/02/05 18:20:27 Checking file: /tmp/blitzy/blitzy-kubernetes/blitzy5f91179c1/pkg/controller/volume/persistentvolume/config/v1alpha1/zz_generated.conversion.go
[gosec] 2026/02/05 18:20:28 Checking file: /tmp/blitzy/blitzy-kubernetes/blitzy5f91179c1/pkg/controller/volume/persistentvolume/config/v1alpha1/zz_generated.deepcopy.go
[gosec] 2026/02/05 18:20:28 Checking package: cache
[gosec] 2026/02/05 18:20:28 Checking file: /tmp/blitzy/blitzy-kubernetes/blitzy5f91179c1/pkg/controller/volume/selinuxwarning/cache/conflict.go
[gosec] 2026/02/05 18:20:28 Import directory: /tmp/blitzy/blitzy-kubernetes/blitzy5f91179c1/pkg/controller/tainteviction/metrics
[gosec] 2026/02/05 18:20:28 Checking file: /tmp/blitzy/blitzy-kubernetes/blitzy5f91179c1/pkg/controller/volume/selinuxwarning/cache/volumecache.go
[gosec] 2026/02/05 18:20:28 Checking package: v1alpha1
[gosec] 2026/02/05 18:20:28 Checking file: /tmp/blitzy/blitzy-kubernetes/blitzy5f91179c1/pkg/controller/garbagecollector/config/v1alpha1/conversion.go
[gosec] 2026/02/05 18:20:28 Import directory: /tmp/blitzy/blitzy-kubernetes/blitzy5f91179c1/pkg/controller/deployment/config/v1alpha1
[gosec] 2026/02/05 18:20:28 Checking file: /tmp/blitzy/blitzy-kubernetes/blitzy5f91179c1/pkg/controller/garbagecollector/config/v1alpha1/defaults.go
[gosec] 2026/02/05 18:20:28 Checking file: /tmp/blitzy/blitzy-kubernetes/blitzy5f91179c1/pkg/controller/garbagecollector/config/v1alpha1/doc.go
[gosec] 2026/02/05 18:20:28 Checking file: /tmp/blitzy/blitzy-kubernetes/blitzy5f91179c1/pkg/controller/garbagecollector/config/v1alpha1/register.go
[gosec] 2026/02/05 18:20:28 Checking file: /tmp/blitzy/blitzy-kubernetes/blitzy5f91179c1/pkg/controller/garbagecollector/config/v1alpha1/zz_generated.conversion.go
[gosec] 2026/02/05 18:20:29 Checking file: /tmp/blitzy/blitzy-kubernetes/blitzy5f91179c1/pkg/controller/garbagecollector/config/v1alpha1/zz_generated.deepcopy.go
[gosec] 2026/02/05 18:20:29 Checking package: approver
[gosec] 2026/02/05 18:20:29 Checking file: /tmp/blitzy/blitzy-kubernetes/blitzy5f91179c1/pkg/controller/certificates/approver/sarapprove.go
[gosec] 2026/02/05 18:20:29 Import directory: /tmp/blitzy/blitzy-kubernetes/blitzy5f91179c1/pkg/controller/storageversiongc
[gosec] 2026/02/05 18:20:29 Checking package: config
[gosec] 2026/02/05 18:20:29 Checking file: /tmp/blitzy/blitzy-kubernetes/blitzy5f91179c1/pkg/controller/replicaset/config/doc.go
[gosec] 2026/02/05 18:20:29 Checking file: /tmp/blitzy/blitzy-kubernetes/blitzy5f91179c1/pkg/controller/replicaset/config/types.go
[gosec] 2026/02/05 18:20:29 Import directory: /tmp/blitzy/blitzy-kubernetes/blitzy5f91179c1/pkg/controller/volume/persistentvolume/config
[gosec] 2026/02/05 18:20:29 Checking file: /tmp/blitzy/blitzy-kubernetes/blitzy5f91179c1/pkg/controller/replicaset/config/zz_generated.deepcopy.go
[gosec] 2026/02/05 18:20:29 Checking package: v1alpha1
[gosec] 2026/02/05 18:20:29 Checking file: /tmp/blitzy/blitzy-kubernetes/blitzy5f91179c1/pkg/controller/replication/config/v1alpha1/conversion.go
[gosec] 2026/02/05 18:20:29 Import directory: /tmp/blitzy/blitzy-kubernetes/blitzy5f91179c1/pkg/controller/volume/protectionutil
[gosec] 2026/02/05 18:20:29 Checking file: /tmp/blitzy/blitzy-kubernetes/blitzy5f91179c1/pkg/controller/replication/config/v1alpha1/defaults.go
[gosec] 2026/02/05 18:20:29 Checking file: /tmp/blitzy/blitzy-kubernetes/blitzy5f91179c1/pkg/controller/replication/config/v1alpha1/doc.go
[gosec] 2026/02/05 18:20:29 Checking file: /tmp/blitzy/blitzy-kubernetes/blitzy5f91179c1/pkg/controller/replication/config/v1alpha1/register.go
[gosec] 2026/02/05 18:20:29 Checking file: /tmp/blitzy/blitzy-kubernetes/blitzy5f91179c1/pkg/controller/replication/config/v1alpha1/zz_generated.conversion.go
[gosec] 2026/02/05 18:20:29 Checking file: /tmp/blitzy/blitzy-kubernetes/blitzy5f91179c1/pkg/controller/replication/config/v1alpha1/zz_generated.deepcopy.go
[gosec] 2026/02/05 18:20:29 Checking package: v1alpha1
[gosec] 2026/02/05 18:20:29 Checking file: /tmp/blitzy/blitzy-kubernetes/blitzy5f91179c1/pkg/controller/statefulset/config/v1alpha1/conversion.go
[gosec] 2026/02/05 18:20:29 Import directory: /tmp/blitzy/blitzy-kubernetes/blitzy5f91179c1/pkg/controller/apis/config/v1alpha1
[gosec] 2026/02/05 18:20:29 Checking file: /tmp/blitzy/blitzy-kubernetes/blitzy5f91179c1/pkg/controller/statefulset/config/v1alpha1/defaults.go
[gosec] 2026/02/05 18:20:29 Checking file: /tmp/blitzy/blitzy-kubernetes/blitzy5f91179c1/pkg/controller/statefulset/config/v1alpha1/doc.go
[gosec] 2026/02/05 18:20:29 Checking file: /tmp/blitzy/blitzy-kubernetes/blitzy5f91179c1/pkg/controller/statefulset/config/v1alpha1/register.go
[gosec] 2026/02/05 18:20:30 Checking file: /tmp/blitzy/blitzy-kubernetes/blitzy5f91179c1/pkg/controller/statefulset/config/v1alpha1/zz_generated.conversion.go
[gosec] 2026/02/05 18:20:30 Checking file: /tmp/blitzy/blitzy-kubernetes/blitzy5f91179c1/pkg/controller/statefulset/config/v1alpha1/zz_generated.deepcopy.go
[gosec] 2026/02/05 18:20:30 Checking package: statefulset
[gosec] 2026/02/05 18:20:30 Checking file: /tmp/blitzy/blitzy-kubernetes/blitzy5f91179c1/pkg/controller/statefulset/stateful_pod_control.go
[gosec] 2026/02/05 18:20:30 Import directory: /tmp/blitzy/blitzy-kubernetes/blitzy5f91179c1/pkg/controller/namespace
[gosec] 2026/02/05 18:20:31 Checking file: /tmp/blitzy/blitzy-kubernetes/blitzy5f91179c1/pkg/controller/statefulset/stateful_set.go
[gosec] 2026/02/05 18:20:32 Checking file: /tmp/blitzy/blitzy-kubernetes/blitzy5f91179c1/pkg/controller/statefulset/stateful_set_control.go
[gosec] 2026/02/05 18:20:34 Checking file: /tmp/blitzy/blitzy-kubernetes/blitzy5f91179c1/pkg/controller/statefulset/stateful_set_status_updater.go
[gosec] 2026/02/05 18:20:34 Checking file: /tmp/blitzy/blitzy-kubernetes/blitzy5f91179c1/pkg/controller/statefulset/stateful_set_utils.go
[gosec] 2026/02/05 18:20:36 Checking package: pvcprotection
[gosec] 2026/02/05 18:20:36 Checking file: /tmp/blitzy/blitzy-kubernetes/blitzy5f91179c1/pkg/controller/volume/pvcprotection/pvc_protection_controller.go
[gosec] 2026/02/05 18:20:36 Import directory: /tmp/blitzy/blitzy-kubernetes/blitzy5f91179c1/pkg/controller/nodelifecycle
[gosec] 2026/02/05 18:20:37 Checking package: metrics
[gosec] 2026/02/05 18:20:37 Checking file: /tmp/blitzy/blitzy-kubernetes/blitzy5f91179c1/pkg/controller/tainteviction/metrics/metrics.go
[gosec] 2026/02/05 18:20:37 Import directory: /tmp/blitzy/blitzy-kubernetes/blitzy5f91179c1/pkg/controller/podautoscaler/config/v1alpha1
[gosec] 2026/02/05 18:20:37 Checking package: v1alpha1
[gosec] 2026/02/05 18:20:37 Checking file: /tmp/blitzy/blitzy-kubernetes/blitzy5f91179c1/pkg/controller/deployment/config/v1alpha1/conversion.go
[gosec] 2026/02/05 18:20:37 Import directory: /tmp/blitzy/blitzy-kubernetes/blitzy5f91179c1/pkg/controller/podautoscaler/metrics
[gosec] 2026/02/05 18:20:37 Checking file: /tmp/blitzy/blitzy-kubernetes/blitzy5f91179c1/pkg/controller/deployment/config/v1alpha1/defaults.go
[gosec] 2026/02/05 18:20:37 Checking file: /tmp/blitzy/blitzy-kubernetes/blitzy5f91179c1/pkg/controller/deployment/config/v1alpha1/doc.go
[gosec] 2026/02/05 18:20:37 Checking file: /tmp/blitzy/blitzy-kubernetes/blitzy5f91179c1/pkg/controller/deployment/config/v1alpha1/register.go
[gosec] 2026/02/05 18:20:37 Checking file: /tmp/blitzy/blitzy-kubernetes/blitzy5f91179c1/pkg/controller/deployment/config/v1alpha1/zz_generated.conversion.go
[gosec] 2026/02/05 18:20:37 Checking file: /tmp/blitzy/blitzy-kubernetes/blitzy5f91179c1/pkg/controller/deployment/config/v1alpha1/zz_generated.deepcopy.go
[gosec] 2026/02/05 18:20:37 Checking package: config
[gosec] 2026/02/05 18:20:37 Checking file: /tmp/blitzy/blitzy-kubernetes/blitzy5f91179c1/pkg/controller/volume/persistentvolume/config/doc.go
[gosec] 2026/02/05 18:20:37 Checking file: /tmp/blitzy/blitzy-kubernetes/blitzy5f91179c1/pkg/controller/volume/persistentvolume/config/types.go
[gosec] 2026/02/05 18:20:37 Import directory: /tmp/blitzy/blitzy-kubernetes/blitzy5f91179c1/pkg/controller/replicaset/metrics
[gosec] 2026/02/05 18:20:37 Checking file: /tmp/blitzy/blitzy-kubernetes/blitzy5f91179c1/pkg/controller/volume/persistentvolume/config/zz_generated.deepcopy.go
[gosec] 2026/02/05 18:20:38 Checking package: protectionutil
[gosec] 2026/02/05 18:20:38 Checking file: /tmp/blitzy/blitzy-kubernetes/blitzy5f91179c1/pkg/controller/volume/protectionutil/utils.go
[gosec] 2026/02/05 18:20:38 Import directory: /tmp/blitzy/blitzy-kubernetes/blitzy5f91179c1/pkg/controller/statefulset/metrics
[gosec] 2026/02/05 18:20:38 Checking file: /tmp/blitzy/blitzy-kubernetes/blitzy5f91179c1/pkg/controller/volume/protectionutil/wrappers.go
[gosec] 2026/02/05 18:20:38 Checking package: v1alpha1
[gosec] 2026/02/05 18:20:38 Checking file: /tmp/blitzy/blitzy-kubernetes/blitzy5f91179c1/pkg/controller/apis/config/v1alpha1/defaults.go
[gosec] 2026/02/05 18:20:38 Import directory: /tmp/blitzy/blitzy-kubernetes/blitzy5f91179c1/pkg/controller/volume/persistentvolume/metrics
[gosec] 2026/02/05 18:20:39 Checking file: /tmp/blitzy/blitzy-kubernetes/blitzy5f91179c1/pkg/controller/apis/config/v1alpha1/doc.go
[gosec] 2026/02/05 18:20:39 Checking file: /tmp/blitzy/blitzy-kubernetes/blitzy5f91179c1/pkg/controller/apis/config/v1alpha1/register.go
[gosec] 2026/02/05 18:20:39 Checking file: /tmp/blitzy/blitzy-kubernetes/blitzy5f91179c1/pkg/controller/apis/config/v1alpha1/zz_generated.conversion.go
[gosec] 2026/02/05 18:20:42 Checking file: /tmp/blitzy/blitzy-kubernetes/blitzy5f91179c1/pkg/controller/apis/config/v1alpha1/zz_generated.deepcopy.go
[gosec] 2026/02/05 18:20:42 Checking file: /tmp/blitzy/blitzy-kubernetes/blitzy5f91179c1/pkg/controller/apis/config/v1alpha1/zz_generated.defaults.go
[gosec] 2026/02/05 18:20:43 Checking package: storageversiongc
[gosec] 2026/02/05 18:20:43 Checking file: /tmp/blitzy/blitzy-kubernetes/blitzy5f91179c1/pkg/controller/storageversiongc/gc_controller.go
[gosec] 2026/02/05 18:20:43 Import directory: /tmp/blitzy/blitzy-kubernetes/blitzy5f91179c1/pkg/controller/nodelifecycle/scheduler
[gosec] 2026/02/05 18:20:43 Checking package: namespace
[gosec] 2026/02/05 18:20:43 Checking file: /tmp/blitzy/blitzy-kubernetes/blitzy5f91179c1/pkg/controller/namespace/doc.go
[gosec] 2026/02/05 18:20:43 Checking file: /tmp/blitzy/blitzy-kubernetes/blitzy5f91179c1/pkg/controller/namespace/namespace_controller.go
[gosec] 2026/02/05 18:20:43 Import directory: /tmp/blitzy/blitzy-kubernetes/blitzy5f91179c1/pkg/controller/util/selectors
[gosec] 2026/02/05 18:20:43 Checking package: nodelifecycle
[gosec] 2026/02/05 18:20:43 Checking file: /tmp/blitzy/blitzy-kubernetes/blitzy5f91179c1/pkg/controller/nodelifecycle/metrics.go
[gosec] 2026/02/05 18:20:43 Import directory: /tmp/blitzy/blitzy-kubernetes/blitzy5f91179c1/pkg/controller/apis/config
[gosec] 2026/02/05 18:20:44 Checking file: /tmp/blitzy/blitzy-kubernetes/blitzy5f91179c1/pkg/controller/nodelifecycle/node_lifecycle_controller.go
[gosec] 2026/02/05 18:20:46 Checking package: v1alpha1
[gosec] 2026/02/05 18:20:46 Checking file: /tmp/blitzy/blitzy-kubernetes/blitzy5f91179c1/pkg/controller/podautoscaler/config/v1alpha1/conversion.go
[gosec] 2026/02/05 18:20:46 Import directory: /tmp/blitzy/blitzy-kubernetes/blitzy5f91179c1/pkg/controller/certificates/rootcacertpublisher
[gosec] 2026/02/05 18:20:46 Checking file: /tmp/blitzy/blitzy-kubernetes/blitzy5f91179c1/pkg/controller/podautoscaler/config/v1alpha1/defaults.go
[gosec] 2026/02/05 18:20:46 Checking file: /tmp/blitzy/blitzy-kubernetes/blitzy5f91179c1/pkg/controller/podautoscaler/config/v1alpha1/doc.go
[gosec] 2026/02/05 18:20:46 Checking file: /tmp/blitzy/blitzy-kubernetes/blitzy5f91179c1/pkg/controller/podautoscaler/config/v1alpha1/register.go
[gosec] 2026/02/05 18:20:46 Checking file: /tmp/blitzy/blitzy-kubernetes/blitzy5f91179c1/pkg/controller/podautoscaler/config/v1alpha1/zz_generated.conversion.go
[gosec] 2026/02/05 18:20:46 Checking file: /tmp/blitzy/blitzy-kubernetes/blitzy5f91179c1/pkg/controller/podautoscaler/config/v1alpha1/zz_generated.deepcopy.go
[gosec] 2026/02/05 18:20:46 Checking package: metrics
[gosec] 2026/02/05 18:20:46 Checking file: /tmp/blitzy/blitzy-kubernetes/blitzy5f91179c1/pkg/controller/podautoscaler/metrics/client.go
[gosec] 2026/02/05 18:20:46 Import directory: /tmp/blitzy/blitzy-kubernetes/blitzy5f91179c1/pkg/controller/devicetainteviction/metrics
[gosec] 2026/02/05 18:20:47 Checking file: /tmp/blitzy/blitzy-kubernetes/blitzy5f91179c1/pkg/controller/podautoscaler/metrics/interfaces.go
[gosec] 2026/02/05 18:20:47 Checking file: /tmp/blitzy/blitzy-kubernetes/blitzy5f91179c1/pkg/controller/podautoscaler/metrics/utilization.go
[gosec] 2026/02/05 18:20:47 Checking package: metrics
[gosec] 2026/02/05 18:20:47 Checking file: /tmp/blitzy/blitzy-kubernetes/blitzy5f91179c1/pkg/controller/replicaset/metrics/metrics.go
[gosec] 2026/02/05 18:20:47 Import directory: /tmp/blitzy/blitzy-kubernetes/blitzy5f91179c1/pkg/controller/endpoint/config
[gosec] 2026/02/05 18:20:47 Checking package: metrics
[gosec] 2026/02/05 18:20:47 Checking file: /tmp/blitzy/blitzy-kubernetes/blitzy5f91179c1/pkg/controller/statefulset/metrics/metrics.go
[gosec] 2026/02/05 18:20:47 Import directory: /tmp/blitzy/blitzy-kubernetes/blitzy5f91179c1/pkg/controller/nodeipam
[gosec] 2026/02/05 18:20:47 Checking package: metrics
[gosec] 2026/02/05 18:20:47 Checking file: /tmp/blitzy/blitzy-kubernetes/blitzy5f91179c1/pkg/controller/volume/persistentvolume/metrics/metrics.go
[gosec] 2026/02/05 18:20:47 Import directory: /tmp/blitzy/blitzy-kubernetes/blitzy5f91179c1/pkg/controller/nodeipam/ipam/test
[gosec] 2026/02/05 18:20:48 Checking package: scheduler
[gosec] 2026/02/05 18:20:48 Checking file: /tmp/blitzy/blitzy-kubernetes/blitzy5f91179c1/pkg/controller/nodelifecycle/scheduler/rate_limited_queue.go
[gosec] 2026/02/05 18:20:48 Import directory: /tmp/blitzy/blitzy-kubernetes/blitzy5f91179c1/pkg/controller/util/endpointslice
[gosec] 2026/02/05 18:20:48 Checking package: selectors
[gosec] 2026/02/05 18:20:48 Checking file: /tmp/blitzy/blitzy-kubernetes/blitzy5f91179c1/pkg/controller/util/selectors/bimultimap.go
[gosec] 2026/02/05 18:20:48 Import directory: /tmp/blitzy/blitzy-kubernetes/blitzy5f91179c1/pkg/controller/ttlafterfinished
[gosec] 2026/02/05 18:20:49 Checking package: config
[gosec] 2026/02/05 18:20:49 Checking file: /tmp/blitzy/blitzy-kubernetes/blitzy5f91179c1/pkg/controller/apis/config/doc.go
[gosec] 2026/02/05 18:20:49 Import directory: /tmp/blitzy/blitzy-kubernetes/blitzy5f91179c1/pkg/controller/volume/common
[gosec] 2026/02/05 18:20:49 Checking file: /tmp/blitzy/blitzy-kubernetes/blitzy5f91179c1/pkg/controller/apis/config/register.go
[gosec] 2026/02/05 18:20:49 Checking file: /tmp/blitzy/blitzy-kubernetes/blitzy5f91179c1/pkg/controller/apis/config/types.go
[gosec] 2026/02/05 18:20:49 Checking file: /tmp/blitzy/blitzy-kubernetes/blitzy5f91179c1/pkg/controller/apis/config/zz_generated.deepcopy.go
[gosec] 2026/02/05 18:20:49 Checking package: metrics
[gosec] 2026/02/05 18:20:49 Checking file: /tmp/blitzy/blitzy-kubernetes/blitzy5f91179c1/pkg/controller/devicetainteviction/metrics/metrics.go
[gosec] 2026/02/05 18:20:49 Import directory: /tmp/blitzy/blitzy-kubernetes/blitzy5f91179c1/pkg/controller/volume/persistentvolume
[gosec] 2026/02/05 18:20:49 Checking package: rootcacertpublisher
[gosec] 2026/02/05 18:20:49 Checking file: /tmp/blitzy/blitzy-kubernetes/blitzy5f91179c1/pkg/controller/certificates/rootcacertpublisher/metrics.go
[gosec] 2026/02/05 18:20:49 Checking file: /tmp/blitzy/blitzy-kubernetes/blitzy5f91179c1/pkg/controller/certificates/rootcacertpublisher/publisher.go
[gosec] 2026/02/05 18:20:50 Checking package: config
[gosec] 2026/02/05 18:20:50 Checking file: /tmp/blitzy/blitzy-kubernetes/blitzy5f91179c1/pkg/controller/endpoint/config/doc.go
[gosec] 2026/02/05 18:20:50 Checking file: /tmp/blitzy/blitzy-kubernetes/blitzy5f91179c1/pkg/controller/endpoint/config/types.go
[gosec] 2026/02/05 18:20:50 Checking file: /tmp/blitzy/blitzy-kubernetes/blitzy5f91179c1/pkg/controller/endpoint/config/zz_generated.deepcopy.go
[gosec] 2026/02/05 18:20:50 Checking package: endpointslice
[gosec] 2026/02/05 18:20:50 Checking file: /tmp/blitzy/blitzy-kubernetes/blitzy5f91179c1/pkg/controller/util/endpointslice/errors.go
[gosec] 2026/02/05 18:20:50 Checking package: nodeipam
[gosec] 2026/02/05 18:20:50 Checking file: /tmp/blitzy/blitzy-kubernetes/blitzy5f91179c1/pkg/controller/nodeipam/doc.go
[gosec] 2026/02/05 18:20:50 Checking file: /tmp/blitzy/blitzy-kubernetes/blitzy5f91179c1/pkg/controller/nodeipam/node_ipam_controller.go
[gosec] 2026/02/05 18:20:50 Checking file: /tmp/blitzy/blitzy-kubernetes/blitzy5f91179c1/pkg/controller/nodeipam/nolegacyprovider.go
[gosec] 2026/02/05 18:20:50 Checking package: test
[gosec] 2026/02/05 18:20:50 Checking file: /tmp/blitzy/blitzy-kubernetes/blitzy5f91179c1/pkg/controller/nodeipam/ipam/test/utils.go
[gosec] 2026/02/05 18:20:50 Checking package: ttlafterfinished
[gosec] 2026/02/05 18:20:50 Checking file: /tmp/blitzy/blitzy-kubernetes/blitzy5f91179c1/pkg/controller/ttlafterfinished/ttlafterfinished_controller.go
[gosec] 2026/02/05 18:20:51 Checking package: common
[gosec] 2026/02/05 18:20:51 Checking file: /tmp/blitzy/blitzy-kubernetes/blitzy5f91179c1/pkg/controller/volume/common/common.go
[gosec] 2026/02/05 18:20:51 Checking package: persistentvolume
[gosec] 2026/02/05 18:20:51 Checking file: /tmp/blitzy/blitzy-kubernetes/blitzy5f91179c1/pkg/controller/volume/persistentvolume/index.go
[gosec] 2026/02/05 18:20:51 Checking file: /tmp/blitzy/blitzy-kubernetes/blitzy5f91179c1/pkg/controller/volume/persistentvolume/pv_controller.go
[gosec] 2026/02/05 18:20:56 Checking file: /tmp/blitzy/blitzy-kubernetes/blitzy5f91179c1/pkg/controller/volume/persistentvolume/pv_controller_base.go
[gosec] 2026/02/05 18:20:58 Checking file: /tmp/blitzy/blitzy-kubernetes/blitzy5f91179c1/pkg/controller/volume/persistentvolume/volume_host.go
