[gosec] 2026/02/05 18:15:08 Including rules: default
[gosec] 2026/02/05 18:15:08 Excluding rules: G104
[gosec] 2026/02/05 18:15:08 Including analyzers: default
[gosec] 2026/02/05 18:15:08 Excluding analyzers: G104
[gosec] 2026/02/05 18:15:08 Import directory: /tmp/blitzy/blitzy-kubernetes/blitzy5f91179c1/pkg/kubelet/util/sliceutils
[gosec] 2026/02/05 18:15:08 Import directory: /tmp/blitzy/blitzy-kubernetes/blitzy5f91179c1/pkg/kubelet/apis/config/v1
[gosec] 2026/02/05 18:15:08 Import directory: /tmp/blitzy/blitzy-kubernetes/blitzy5f91179c1/pkg/kubelet/certificate/bootstrap
[gosec] 2026/02/05 18:15:08 Import directory: /tmp/blitzy/blitzy-kubernetes/blitzy5f91179c1/pkg/kubelet/cm/admission
[gosec] 2026/02/05 18:15:08 Import directory: /tmp/blitzy/blitzy-kubernetes/blitzy5f91179c1/pkg/kubelet/prober/testing
[gosec] 2026/02/05 18:15:08 Import directory: /tmp/blitzy/blitzy-kubernetes/blitzy5f91179c1/pkg/kubelet/util/cache
[gosec] 2026/02/05 18:15:08 Import directory: /tmp/blitzy/blitzy-kubernetes/blitzy5f91179c1/pkg/kubelet/certificate
[gosec] 2026/02/05 18:15:08 Import directory: /tmp/blitzy/blitzy-kubernetes/blitzy5f91179c1/pkg/kubelet/pod
[gosec] 2026/02/05 18:15:08 Import directory: /tmp/blitzy/blitzy-kubernetes/blitzy5f91179c1/pkg/kubelet/cm/cpumanager/state
[gosec] 2026/02/05 18:15:08 Checking package: testing
[gosec] 2026/02/05 18:15:08 Checking file: /tmp/blitzy/blitzy-kubernetes/blitzy5f91179c1/pkg/kubelet/prober/testing/fake_manager.go
[gosec] 2026/02/05 18:15:08 Checking package: cache
[gosec] 2026/02/05 18:15:08 Checking file: /tmp/blitzy/blitzy-kubernetes/blitzy5f91179c1/pkg/kubelet/util/cache/object_cache.go
[gosec] 2026/02/05 18:15:08 Import directory: /tmp/blitzy/blitzy-kubernetes/blitzy5f91179c1/pkg/kubelet/cm/cpumanager/topology
[gosec] 2026/02/05 18:15:09 Checking package: v1
[gosec] 2026/02/05 18:15:09 Checking file: /tmp/blitzy/blitzy-kubernetes/blitzy5f91179c1/pkg/kubelet/apis/config/v1/doc.go
[gosec] 2026/02/05 18:15:09 Checking file: /tmp/blitzy/blitzy-kubernetes/blitzy5f91179c1/pkg/kubelet/apis/config/v1/register.go
[gosec] 2026/02/05 18:15:09 Import directory: /tmp/blitzy/blitzy-kubernetes/blitzy5f91179c1/pkg/kubelet/images/pullmanager
[gosec] 2026/02/05 18:15:09 Checking file: /tmp/blitzy/blitzy-kubernetes/blitzy5f91179c1/pkg/kubelet/apis/config/v1/zz_generated.conversion.go
[gosec] 2026/02/05 18:15:10 Checking file: /tmp/blitzy/blitzy-kubernetes/blitzy5f91179c1/pkg/kubelet/apis/config/v1/zz_generated.deepcopy.go
[gosec] 2026/02/05 18:15:10 Checking file: /tmp/blitzy/blitzy-kubernetes/blitzy5f91179c1/pkg/kubelet/apis/config/v1/zz_generated.defaults.go
[gosec] 2026/02/05 18:15:10 Checking package: topology
[gosec] 2026/02/05 18:15:10 Checking file: /tmp/blitzy/blitzy-kubernetes/blitzy5f91179c1/pkg/kubelet/cm/cpumanager/topology/alignment.go
[gosec] 2026/02/05 18:15:10 Import directory: /tmp/blitzy/blitzy-kubernetes/blitzy5f91179c1/pkg/kubelet/pluginmanager/operationexecutor
[gosec] 2026/02/05 18:15:10 Checking file: /tmp/blitzy/blitzy-kubernetes/blitzy5f91179c1/pkg/kubelet/cm/cpumanager/topology/doc.go
[gosec] 2026/02/05 18:15:10 Checking file: /tmp/blitzy/blitzy-kubernetes/blitzy5f91179c1/pkg/kubelet/cm/cpumanager/topology/topology.go
[gosec] 2026/02/05 18:15:11 Checking package: state
[gosec] 2026/02/05 18:15:11 Checking file: /tmp/blitzy/blitzy-kubernetes/blitzy5f91179c1/pkg/kubelet/cm/cpumanager/state/checkpoint.go
[gosec] 2026/02/05 18:15:11 Import directory: /tmp/blitzy/blitzy-kubernetes/blitzy5f91179c1/pkg/kubelet/pluginmanager/pluginwatcher
[gosec] 2026/02/05 18:15:12 Checking file: /tmp/blitzy/blitzy-kubernetes/blitzy5f91179c1/pkg/kubelet/cm/cpumanager/state/state.go
[gosec] 2026/02/05 18:15:12 Checking file: /tmp/blitzy/blitzy-kubernetes/blitzy5f91179c1/pkg/kubelet/cm/cpumanager/state/state_checkpoint.go
[gosec] 2026/02/05 18:15:12 Checking file: /tmp/blitzy/blitzy-kubernetes/blitzy5f91179c1/pkg/kubelet/cm/cpumanager/state/state_mem.go
[gosec] 2026/02/05 18:15:12 Checking package: bootstrap
[gosec] 2026/02/05 18:15:12 Checking file: /tmp/blitzy/blitzy-kubernetes/blitzy5f91179c1/pkg/kubelet/certificate/bootstrap/bootstrap.go
[gosec] 2026/02/05 18:15:12 Import directory: /tmp/blitzy/blitzy-kubernetes/blitzy5f91179c1/pkg/kubelet/preemption
[gosec] 2026/02/05 18:15:13 Checking package: certificate
[gosec] 2026/02/05 18:15:13 Checking file: /tmp/blitzy/blitzy-kubernetes/blitzy5f91179c1/pkg/kubelet/certificate/kubelet.go
[gosec] 2026/02/05 18:15:13 Import directory: /tmp/blitzy/blitzy-kubernetes/blitzy5f91179c1/pkg/kubelet/events
[gosec] 2026/02/05 18:15:14 Checking file: /tmp/blitzy/blitzy-kubernetes/blitzy5f91179c1/pkg/kubelet/certificate/transport.go
[gosec] 2026/02/05 18:15:14 Checking package: sliceutils
[gosec] 2026/02/05 18:15:14 Checking file: /tmp/blitzy/blitzy-kubernetes/blitzy5f91179c1/pkg/kubelet/util/sliceutils/sliceutils.go
[gosec] 2026/02/05 18:15:14 Import directory: /tmp/blitzy/blitzy-kubernetes/blitzy5f91179c1/pkg/kubelet/logs
[gosec] 2026/02/05 18:15:14 Checking package: pod
[gosec] 2026/02/05 18:15:14 Checking file: /tmp/blitzy/blitzy-kubernetes/blitzy5f91179c1/pkg/kubelet/pod/mirror_client.go
[gosec] 2026/02/05 18:15:14 Import directory: /tmp/blitzy/blitzy-kubernetes/blitzy5f91179c1/pkg/kubelet/metrics
[gosec] 2026/02/05 18:15:15 Checking file: /tmp/blitzy/blitzy-kubernetes/blitzy5f91179c1/pkg/kubelet/pod/pod_manager.go
[gosec] 2026/02/05 18:15:15 Checking package: admission
[gosec] 2026/02/05 18:15:15 Checking file: /tmp/blitzy/blitzy-kubernetes/blitzy5f91179c1/pkg/kubelet/cm/admission/errors.go
[gosec] 2026/02/05 18:15:15 Import directory: /tmp/blitzy/blitzy-kubernetes/blitzy5f91179c1/pkg/kubelet/pluginmanager
[gosec] 2026/02/05 18:15:15 Checking package: pullmanager
[gosec] 2026/02/05 18:15:15 Checking file: /tmp/blitzy/blitzy-kubernetes/blitzy5f91179c1/pkg/kubelet/images/pullmanager/doc.go
[gosec] 2026/02/05 18:15:15 Import directory: /tmp/blitzy/blitzy-kubernetes/blitzy5f91179c1/pkg/kubelet/pluginmanager/pluginwatcher/example_plugin_apis/v1beta1
[gosec] 2026/02/05 18:15:15 Checking file: /tmp/blitzy/blitzy-kubernetes/blitzy5f91179c1/pkg/kubelet/images/pullmanager/fs_pullrecords.go
[gosec] 2026/02/05 18:15:17 Checking file: /tmp/blitzy/blitzy-kubernetes/blitzy5f91179c1/pkg/kubelet/images/pullmanager/image_pull_manager.go
[gosec] 2026/02/05 18:15:18 Checking file: /tmp/blitzy/blitzy-kubernetes/blitzy5f91179c1/pkg/kubelet/images/pullmanager/image_pull_policies.go
[gosec] 2026/02/05 18:15:19 Checking file: /tmp/blitzy/blitzy-kubernetes/blitzy5f91179c1/pkg/kubelet/images/pullmanager/interfaces.go
[gosec] 2026/02/05 18:15:19 Checking file: /tmp/blitzy/blitzy-kubernetes/blitzy5f91179c1/pkg/kubelet/images/pullmanager/locks.go
[gosec] 2026/02/05 18:15:19 Checking file: /tmp/blitzy/blitzy-kubernetes/blitzy5f91179c1/pkg/kubelet/images/pullmanager/mem_pullrecords.go
[gosec] 2026/02/05 18:15:20 Checking file: /tmp/blitzy/blitzy-kubernetes/blitzy5f91179c1/pkg/kubelet/images/pullmanager/metrics.go
[gosec] 2026/02/05 18:15:20 Checking file: /tmp/blitzy/blitzy-kubernetes/blitzy5f91179c1/pkg/kubelet/images/pullmanager/noop_pull_manager.go
[gosec] 2026/02/05 18:15:20 Checking package: operationexecutor
[gosec] 2026/02/05 18:15:20 Checking file: /tmp/blitzy/blitzy-kubernetes/blitzy5f91179c1/pkg/kubelet/pluginmanager/operationexecutor/operation_executor.go
[gosec] 2026/02/05 18:15:20 Import directory: /tmp/blitzy/blitzy-kubernetes/blitzy5f91179c1/pkg/kubelet/podcertificate
[gosec] 2026/02/05 18:15:20 Checking file: /tmp/blitzy/blitzy-kubernetes/blitzy5f91179c1/pkg/kubelet/pluginmanager/operationexecutor/operation_generator.go
[gosec] 2026/02/05 18:15:21 Checking package: pluginwatcher
[gosec] 2026/02/05 18:15:21 Checking file: /tmp/blitzy/blitzy-kubernetes/blitzy5f91179c1/pkg/kubelet/pluginmanager/pluginwatcher/example_handler.go
[gosec] 2026/02/05 18:15:21 Import directory: /tmp/blitzy/blitzy-kubernetes/blitzy5f91179c1/pkg/kubelet/server
[gosec] 2026/02/05 18:15:21 Checking file: /tmp/blitzy/blitzy-kubernetes/blitzy5f91179c1/pkg/kubelet/pluginmanager/pluginwatcher/example_plugin.go
[gosec] 2026/02/05 18:15:21 Checking file: /tmp/blitzy/blitzy-kubernetes/blitzy5f91179c1/pkg/kubelet/pluginmanager/pluginwatcher/plugin_watcher.go
[gosec] 2026/02/05 18:15:22 Checking file: /tmp/blitzy/blitzy-kubernetes/blitzy5f91179c1/pkg/kubelet/pluginmanager/pluginwatcher/plugin_watcher_others.go
[gosec] 2026/02/05 18:15:22 Checking package: preemption
[gosec] 2026/02/05 18:15:22 Checking file: /tmp/blitzy/blitzy-kubernetes/blitzy5f91179c1/pkg/kubelet/preemption/preemption.go
[gosec] 2026/02/05 18:15:22 Import directory: /tmp/blitzy/blitzy-kubernetes/blitzy5f91179c1/pkg/kubelet/util/swap
[gosec] 2026/02/05 18:15:23 Checking package: events
[gosec] 2026/02/05 18:15:23 Checking file: /tmp/blitzy/blitzy-kubernetes/blitzy5f91179c1/pkg/kubelet/events/event.go
[gosec] 2026/02/05 18:15:23 Import directory: /tmp/blitzy/blitzy-kubernetes/blitzy5f91179c1/pkg/kubelet/volumemanager/cache
[gosec] 2026/02/05 18:15:23 Checking file: /tmp/blitzy/blitzy-kubernetes/blitzy5f91179c1/pkg/kubelet/events/resize.go
[gosec] 2026/02/05 18:15:23 Checking package: metrics
[gosec] 2026/02/05 18:15:23 Checking file: /tmp/blitzy/blitzy-kubernetes/blitzy5f91179c1/pkg/kubelet/metrics/metrics.go
[gosec] 2026/02/05 18:15:23 Import directory: /tmp/blitzy/blitzy-kubernetes/blitzy5f91179c1/pkg/kubelet/eviction
[gosec] 2026/02/05 18:15:24 Checking package: logs
[gosec] 2026/02/05 18:15:24 Checking file: /tmp/blitzy/blitzy-kubernetes/blitzy5f91179c1/pkg/kubelet/logs/container_log_manager.go
[gosec] 2026/02/05 18:15:24 Import directory: /tmp/blitzy/blitzy-kubernetes/blitzy5f91179c1/pkg/kubelet/allocation/state
[gosec] 2026/02/05 18:15:26 Checking file: /tmp/blitzy/blitzy-kubernetes/blitzy5f91179c1/pkg/kubelet/logs/container_log_manager_stub.go
[gosec] 2026/02/05 18:15:26 Checking package: v1beta1
[gosec] 2026/02/05 18:15:26 Checking file: /tmp/blitzy/blitzy-kubernetes/blitzy5f91179c1/pkg/kubelet/pluginmanager/pluginwatcher/example_plugin_apis/v1beta1/api.pb.go
[gosec] 2026/02/05 18:15:26 Import directory: /tmp/blitzy/blitzy-kubernetes/blitzy5f91179c1/pkg/kubelet/apis/config/validation
[gosec] 2026/02/05 18:15:26 Checking file: /tmp/blitzy/blitzy-kubernetes/blitzy5f91179c1/pkg/kubelet/pluginmanager/pluginwatcher/example_plugin_apis/v1beta1/api_grpc.pb.go
[gosec] 2026/02/05 18:15:26 Checking package: pluginmanager
[gosec] 2026/02/05 18:15:26 Checking file: /tmp/blitzy/blitzy-kubernetes/blitzy5f91179c1/pkg/kubelet/pluginmanager/plugin_manager.go
[gosec] 2026/02/05 18:15:26 Import directory: /tmp/blitzy/blitzy-kubernetes/blitzy5f91179c1/pkg/kubelet/cm/cpumanager
[gosec] 2026/02/05 18:15:26 Checking package: podcertificate
[gosec] 2026/02/05 18:15:26 Checking file: /tmp/blitzy/blitzy-kubernetes/blitzy5f91179c1/pkg/kubelet/podcertificate/podcertificatemanager.go
[gosec] 2026/02/05 18:15:26 Import directory: /tmp/blitzy/blitzy-kubernetes/blitzy5f91179c1/pkg/kubelet/metrics/collectors
[gosec] 2026/02/05 18:15:29 Checking package: server
[gosec] 2026/02/05 18:15:29 Checking file: /tmp/blitzy/blitzy-kubernetes/blitzy5f91179c1/pkg/kubelet/server/auth.go
[gosec] 2026/02/05 18:15:29 Import directory: /tmp/blitzy/blitzy-kubernetes/blitzy5f91179c1/pkg/kubelet/pleg
[gosec] 2026/02/05 18:15:29 Checking file: /tmp/blitzy/blitzy-kubernetes/blitzy5f91179c1/pkg/kubelet/server/doc.go
[gosec] 2026/02/05 18:15:29 Checking file: /tmp/blitzy/blitzy-kubernetes/blitzy5f91179c1/pkg/kubelet/server/server.go
[gosec] 2026/02/05 18:15:30 Checking package: swap
[gosec] 2026/02/05 18:15:30 Checking file: /tmp/blitzy/blitzy-kubernetes/blitzy5f91179c1/pkg/kubelet/util/swap/swap_util.go
[gosec] 2026/02/05 18:15:30 Import directory: /tmp/blitzy/blitzy-kubernetes/blitzy5f91179c1/pkg/kubelet/util/store
[gosec] 2026/02/05 18:15:30 Checking package: cache
[gosec] 2026/02/05 18:15:30 Checking file: /tmp/blitzy/blitzy-kubernetes/blitzy5f91179c1/pkg/kubelet/volumemanager/cache/actual_state_of_world.go
[gosec] 2026/02/05 18:15:30 Import directory: /tmp/blitzy/blitzy-kubernetes/blitzy5f91179c1/pkg/kubelet/volumemanager/metrics
[gosec] 2026/02/05 18:15:33 Checking file: /tmp/blitzy/blitzy-kubernetes/blitzy5f91179c1/pkg/kubelet/volumemanager/cache/desired_state_of_wold_selinux_metrics.go
[gosec] 2026/02/05 18:15:33 Checking file: /tmp/blitzy/blitzy-kubernetes/blitzy5f91179c1/pkg/kubelet/volumemanager/cache/desired_state_of_world.go
[gosec] 2026/02/05 18:15:34 Checking package: eviction
[gosec] 2026/02/05 18:15:34 Checking file: /tmp/blitzy/blitzy-kubernetes/blitzy5f91179c1/pkg/kubelet/eviction/defaults_linux.go
[gosec] 2026/02/05 18:15:34 Import directory: /tmp/blitzy/blitzy-kubernetes/blitzy5f91179c1/pkg/kubelet/apis/config/v1alpha1
[gosec] 2026/02/05 18:15:34 Checking file: /tmp/blitzy/blitzy-kubernetes/blitzy5f91179c1/pkg/kubelet/eviction/doc.go
[gosec] 2026/02/05 18:15:34 Checking file: /tmp/blitzy/blitzy-kubernetes/blitzy5f91179c1/pkg/kubelet/eviction/eviction_manager.go
[gosec] 2026/02/05 18:15:35 Checking file: /tmp/blitzy/blitzy-kubernetes/blitzy5f91179c1/pkg/kubelet/eviction/helpers.go
[gosec] 2026/02/05 18:15:39 Checking file: /tmp/blitzy/blitzy-kubernetes/blitzy5f91179c1/pkg/kubelet/eviction/helpers_others.go
[gosec] 2026/02/05 18:15:39 Checking file: /tmp/blitzy/blitzy-kubernetes/blitzy5f91179c1/pkg/kubelet/eviction/memory_threshold_notifier.go
[gosec] 2026/02/05 18:15:39 Checking file: /tmp/blitzy/blitzy-kubernetes/blitzy5f91179c1/pkg/kubelet/eviction/memory_threshold_notifier_others.go
[gosec] 2026/02/05 18:15:39 Checking file: /tmp/blitzy/blitzy-kubernetes/blitzy5f91179c1/pkg/kubelet/eviction/threshold_notifier_linux.go
[gosec] 2026/02/05 18:15:40 Checking file: /tmp/blitzy/blitzy-kubernetes/blitzy5f91179c1/pkg/kubelet/eviction/types.go
[gosec] 2026/02/05 18:15:40 Checking package: state
[gosec] 2026/02/05 18:15:40 Checking file: /tmp/blitzy/blitzy-kubernetes/blitzy5f91179c1/pkg/kubelet/allocation/state/checkpoint.go
[gosec] 2026/02/05 18:15:40 Import directory: /tmp/blitzy/blitzy-kubernetes/blitzy5f91179c1/pkg/kubelet/cm/dra
[gosec] 2026/02/05 18:15:40 Checking file: /tmp/blitzy/blitzy-kubernetes/blitzy5f91179c1/pkg/kubelet/allocation/state/state.go
[gosec] 2026/02/05 18:15:40 Checking file: /tmp/blitzy/blitzy-kubernetes/blitzy5f91179c1/pkg/kubelet/allocation/state/state_checkpoint.go
[gosec] 2026/02/05 18:15:41 Checking file: /tmp/blitzy/blitzy-kubernetes/blitzy5f91179c1/pkg/kubelet/allocation/state/state_mem.go
[gosec] 2026/02/05 18:15:41 Checking package: validation
[gosec] 2026/02/05 18:15:41 Checking file: /tmp/blitzy/blitzy-kubernetes/blitzy5f91179c1/pkg/kubelet/apis/config/validation/validation.go
[gosec] 2026/02/05 18:15:41 Import directory: /tmp/blitzy/blitzy-kubernetes/blitzy5f91179c1/pkg/kubelet/cm/dra/plugin
[gosec] 2026/02/05 18:15:42 Checking file: /tmp/blitzy/blitzy-kubernetes/blitzy5f91179c1/pkg/kubelet/apis/config/validation/validation_linux.go
[gosec] 2026/02/05 18:15:42 Checking file: /tmp/blitzy/blitzy-kubernetes/blitzy5f91179c1/pkg/kubelet/apis/config/validation/validation_reserved_memory.go
[gosec] 2026/02/05 18:15:42 Checking package: cpumanager
[gosec] 2026/02/05 18:15:42 Checking file: /tmp/blitzy/blitzy-kubernetes/blitzy5f91179c1/pkg/kubelet/cm/cpumanager/cpu_assignment.go
[gosec] 2026/02/05 18:15:42 Import directory: /tmp/blitzy/blitzy-kubernetes/blitzy5f91179c1/pkg/kubelet/envvars
[gosec] 2026/02/05 18:15:44 Checking file: /tmp/blitzy/blitzy-kubernetes/blitzy5f91179c1/pkg/kubelet/cm/cpumanager/cpu_manager.go
[gosec] 2026/02/05 18:15:45 Checking file: /tmp/blitzy/blitzy-kubernetes/blitzy5f91179c1/pkg/kubelet/cm/cpumanager/cpu_manager_others.go
[gosec] 2026/02/05 18:15:45 Checking file: /tmp/blitzy/blitzy-kubernetes/blitzy5f91179c1/pkg/kubelet/cm/cpumanager/fake_cpu_manager.go
[gosec] 2026/02/05 18:15:45 Checking file: /tmp/blitzy/blitzy-kubernetes/blitzy5f91179c1/pkg/kubelet/cm/cpumanager/policy.go
[gosec] 2026/02/05 18:15:45 Checking file: /tmp/blitzy/blitzy-kubernetes/blitzy5f91179c1/pkg/kubelet/cm/cpumanager/policy_none.go
[gosec] 2026/02/05 18:15:45 Checking file: /tmp/blitzy/blitzy-kubernetes/blitzy5f91179c1/pkg/kubelet/cm/cpumanager/policy_options.go
[gosec] 2026/02/05 18:15:45 Checking file: /tmp/blitzy/blitzy-kubernetes/blitzy5f91179c1/pkg/kubelet/cm/cpumanager/policy_static.go
[gosec] 2026/02/05 18:15:47 Checking package: collectors
[gosec] 2026/02/05 18:15:47 Checking file: /tmp/blitzy/blitzy-kubernetes/blitzy5f91179c1/pkg/kubelet/metrics/collectors/cri_metrics.go
[gosec] 2026/02/05 18:15:47 Import directory: /tmp/blitzy/blitzy-kubernetes/blitzy5f91179c1/pkg/kubelet/checkpointmanager/checksum
[gosec] 2026/02/05 18:15:47 Checking file: /tmp/blitzy/blitzy-kubernetes/blitzy5f91179c1/pkg/kubelet/metrics/collectors/log_metrics.go
[gosec] 2026/02/05 18:15:48 Checking file: /tmp/blitzy/blitzy-kubernetes/blitzy5f91179c1/pkg/kubelet/metrics/collectors/podcertificate_metrics.go
[gosec] 2026/02/05 18:15:48 Checking file: /tmp/blitzy/blitzy-kubernetes/blitzy5f91179c1/pkg/kubelet/metrics/collectors/resource_metrics.go
[gosec] 2026/02/05 18:15:48 Checking file: /tmp/blitzy/blitzy-kubernetes/blitzy5f91179c1/pkg/kubelet/metrics/collectors/volume_stats.go
[gosec] 2026/02/05 18:15:48 Checking package: pleg
[gosec] 2026/02/05 18:15:48 Checking file: /tmp/blitzy/blitzy-kubernetes/blitzy5f91179c1/pkg/kubelet/pleg/doc.go
[gosec] 2026/02/05 18:15:48 Import directory: /tmp/blitzy/blitzy-kubernetes/blitzy5f91179c1/pkg/kubelet/kuberuntime
[gosec] 2026/02/05 18:15:48 Checking file: /tmp/blitzy/blitzy-kubernetes/blitzy5f91179c1/pkg/kubelet/pleg/evented.go
[gosec] 2026/02/05 18:15:49 Checking file: /tmp/blitzy/blitzy-kubernetes/blitzy5f91179c1/pkg/kubelet/pleg/generic.go
[gosec] 2026/02/05 18:15:50 Checking file: /tmp/blitzy/blitzy-kubernetes/blitzy5f91179c1/pkg/kubelet/pleg/pleg.go
[gosec] 2026/02/05 18:15:50 Checking package: store
[gosec] 2026/02/05 18:15:50 Checking file: /tmp/blitzy/blitzy-kubernetes/blitzy5f91179c1/pkg/kubelet/util/store/doc.go
[gosec] 2026/02/05 18:15:50 Checking file: /tmp/blitzy/blitzy-kubernetes/blitzy5f91179c1/pkg/kubelet/util/store/filestore.go
[gosec] 2026/02/05 18:15:50 Import directory: /tmp/blitzy/blitzy-kubernetes/blitzy5f91179c1/pkg/kubelet/network/dns
[gosec] 2026/02/05 18:15:50 Checking file: /tmp/blitzy/blitzy-kubernetes/blitzy5f91179c1/pkg/kubelet/util/store/store.go
[gosec] 2026/02/05 18:15:50 Checking package: metrics
[gosec] 2026/02/05 18:15:50 Checking file: /tmp/blitzy/blitzy-kubernetes/blitzy5f91179c1/pkg/kubelet/volumemanager/metrics/metrics.go
[gosec] 2026/02/05 18:15:50 Import directory: /tmp/blitzy/blitzy-kubernetes/blitzy5f91179c1/pkg/kubelet/nodeshutdown
[gosec] 2026/02/05 18:15:51 Checking package: v1alpha1
[gosec] 2026/02/05 18:15:51 Checking file: /tmp/blitzy/blitzy-kubernetes/blitzy5f91179c1/pkg/kubelet/apis/config/v1alpha1/conversion.go
[gosec] 2026/02/05 18:15:51 Import directory: /tmp/blitzy/blitzy-kubernetes/blitzy5f91179c1/pkg/kubelet/pluginmanager/cache
[gosec] 2026/02/05 18:15:51 Checking file: /tmp/blitzy/blitzy-kubernetes/blitzy5f91179c1/pkg/kubelet/apis/config/v1alpha1/doc.go
[gosec] 2026/02/05 18:15:51 Checking file: /tmp/blitzy/blitzy-kubernetes/blitzy5f91179c1/pkg/kubelet/apis/config/v1alpha1/register.go
[gosec] 2026/02/05 18:15:51 Checking file: /tmp/blitzy/blitzy-kubernetes/blitzy5f91179c1/pkg/kubelet/apis/config/v1alpha1/zz_generated.conversion.go
[gosec] 2026/02/05 18:15:52 Checking file: /tmp/blitzy/blitzy-kubernetes/blitzy5f91179c1/pkg/kubelet/apis/config/v1alpha1/zz_generated.deepcopy.go
[gosec] 2026/02/05 18:15:52 Checking file: /tmp/blitzy/blitzy-kubernetes/blitzy5f91179c1/pkg/kubelet/apis/config/v1alpha1/zz_generated.defaults.go
[gosec] 2026/02/05 18:15:52 Checking package: dra
[gosec] 2026/02/05 18:15:52 Checking file: /tmp/blitzy/blitzy-kubernetes/blitzy5f91179c1/pkg/kubelet/cm/dra/claiminfo.go
[gosec] 2026/02/05 18:15:52 Import directory: /tmp/blitzy/blitzy-kubernetes/blitzy5f91179c1/pkg/kubelet/qos
[gosec] 2026/02/05 18:15:53 Checking file: /tmp/blitzy/blitzy-kubernetes/blitzy5f91179c1/pkg/kubelet/cm/dra/healthinfo.go
[gosec] 2026/02/05 18:15:54 Checking file: /tmp/blitzy/blitzy-kubernetes/blitzy5f91179c1/pkg/kubelet/cm/dra/manager.go
[gosec] 2026/02/05 18:15:56 Checking file: /tmp/blitzy/blitzy-kubernetes/blitzy5f91179c1/pkg/kubelet/cm/dra/types.go
[gosec] 2026/02/05 18:15:56 Checking file: /tmp/blitzy/blitzy-kubernetes/blitzy5f91179c1/pkg/kubelet/cm/dra/zz_generated.deepcopy.go
[gosec] 2026/02/05 18:15:56 Checking package: plugin
[gosec] 2026/02/05 18:15:56 Checking file: /tmp/blitzy/blitzy-kubernetes/blitzy5f91179c1/pkg/kubelet/cm/dra/plugin/dra_plugin.go
[gosec] 2026/02/05 18:15:56 Import directory: /tmp/blitzy/blitzy-kubernetes/blitzy5f91179c1/pkg/kubelet/cm/cpumanager/state/testing
[gosec] 2026/02/05 18:15:57 Checking file: /tmp/blitzy/blitzy-kubernetes/blitzy5f91179c1/pkg/kubelet/cm/dra/plugin/dra_plugin_manager.go
[gosec] 2026/02/05 18:15:57 Checking file: /tmp/blitzy/blitzy-kubernetes/blitzy5f91179c1/pkg/kubelet/cm/dra/plugin/types.go
[gosec] 2026/02/05 18:15:57 Checking package: envvars
[gosec] 2026/02/05 18:15:57 Checking file: /tmp/blitzy/blitzy-kubernetes/blitzy5f91179c1/pkg/kubelet/envvars/doc.go
[gosec] 2026/02/05 18:15:57 Checking file: /tmp/blitzy/blitzy-kubernetes/blitzy5f91179c1/pkg/kubelet/envvars/envvars.go
[gosec] 2026/02/05 18:15:57 Import directory: /tmp/blitzy/blitzy-kubernetes/blitzy5f91179c1/pkg/kubelet/cm/devicemanager/checkpoint
[gosec] 2026/02/05 18:15:58 Checking package: checksum
[gosec] 2026/02/05 18:15:58 Checking file: /tmp/blitzy/blitzy-kubernetes/blitzy5f91179c1/pkg/kubelet/checkpointmanager/checksum/checksum.go
[gosec] 2026/02/05 18:15:58 Import directory: /tmp/blitzy/blitzy-kubernetes/blitzy5f91179c1/pkg/kubelet/cm/topologymanager/bitmask
[gosec] 2026/02/05 18:15:58 Checking package: kuberuntime
[gosec] 2026/02/05 18:15:58 Checking file: /tmp/blitzy/blitzy-kubernetes/blitzy5f91179c1/pkg/kubelet/kuberuntime/convert.go
[gosec] 2026/02/05 18:15:58 Import directory: /tmp/blitzy/blitzy-kubernetes/blitzy5f91179c1/pkg/kubelet/cm/topologymanager
[gosec] 2026/02/05 18:15:58 Checking file: /tmp/blitzy/blitzy-kubernetes/blitzy5f91179c1/pkg/kubelet/kuberuntime/doc.go
[gosec] 2026/02/05 18:15:58 Checking file: /tmp/blitzy/blitzy-kubernetes/blitzy5f91179c1/pkg/kubelet/kuberuntime/fake_kuberuntime_manager.go
[gosec] 2026/02/05 18:15:58 Checking file: /tmp/blitzy/blitzy-kubernetes/blitzy5f91179c1/pkg/kubelet/kuberuntime/helpers.go
[gosec] 2026/02/05 18:15:59 Checking file: /tmp/blitzy/blitzy-kubernetes/blitzy5f91179c1/pkg/kubelet/kuberuntime/helpers_linux.go
[gosec] 2026/02/05 18:16:00 Checking file: /tmp/blitzy/blitzy-kubernetes/blitzy5f91179c1/pkg/kubelet/kuberuntime/instrumented_services.go
[gosec] 2026/02/05 18:16:00 Checking file: /tmp/blitzy/blitzy-kubernetes/blitzy5f91179c1/pkg/kubelet/kuberuntime/kuberuntime_container.go
[gosec] 2026/02/05 18:16:03 Checking file: /tmp/blitzy/blitzy-kubernetes/blitzy5f91179c1/pkg/kubelet/kuberuntime/kuberuntime_container_linux.go
[gosec] 2026/02/05 18:16:04 Checking file: /tmp/blitzy/blitzy-kubernetes/blitzy5f91179c1/pkg/kubelet/kuberuntime/kuberuntime_gc.go
[gosec] 2026/02/05 18:16:05 Checking file: /tmp/blitzy/blitzy-kubernetes/blitzy5f91179c1/pkg/kubelet/kuberuntime/kuberuntime_image.go
[gosec] 2026/02/05 18:16:05 Checking file: /tmp/blitzy/blitzy-kubernetes/blitzy5f91179c1/pkg/kubelet/kuberuntime/kuberuntime_logs.go
[gosec] 2026/02/05 18:16:05 Checking file: /tmp/blitzy/blitzy-kubernetes/blitzy5f91179c1/pkg/kubelet/kuberuntime/kuberuntime_manager.go
[gosec] 2026/02/05 18:16:09 Checking file: /tmp/blitzy/blitzy-kubernetes/blitzy5f91179c1/pkg/kubelet/kuberuntime/kuberuntime_sandbox.go
[gosec] 2026/02/05 18:16:10 Checking file: /tmp/blitzy/blitzy-kubernetes/blitzy5f91179c1/pkg/kubelet/kuberuntime/kuberuntime_sandbox_linux.go
[gosec] 2026/02/05 18:16:10 Checking file: /tmp/blitzy/blitzy-kubernetes/blitzy5f91179c1/pkg/kubelet/kuberuntime/kuberuntime_termination_order.go
[gosec] 2026/02/05 18:16:11 Checking file: /tmp/blitzy/blitzy-kubernetes/blitzy5f91179c1/pkg/kubelet/kuberuntime/labels.go
[gosec] 2026/02/05 18:16:11 Checking file: /tmp/blitzy/blitzy-kubernetes/blitzy5f91179c1/pkg/kubelet/kuberuntime/legacy.go
[gosec] 2026/02/05 18:16:11 Checking file: /tmp/blitzy/blitzy-kubernetes/blitzy5f91179c1/pkg/kubelet/kuberuntime/security_context.go
[gosec] 2026/02/05 18:16:12 Checking file: /tmp/blitzy/blitzy-kubernetes/blitzy5f91179c1/pkg/kubelet/kuberuntime/security_context_others.go
[gosec] 2026/02/05 18:16:12 Checking package: dns
[gosec] 2026/02/05 18:16:12 Checking file: /tmp/blitzy/blitzy-kubernetes/blitzy5f91179c1/pkg/kubelet/network/dns/dns.go
[gosec] 2026/02/05 18:16:12 Import directory: /tmp/blitzy/blitzy-kubernetes/blitzy5f91179c1/pkg/kubelet/stats/pidlimit
[gosec] 2026/02/05 18:16:13 Checking file: /tmp/blitzy/blitzy-kubernetes/blitzy5f91179c1/pkg/kubelet/network/dns/dns_other.go
[gosec] 2026/02/05 18:16:13 Checking package: cache
[gosec] 2026/02/05 18:16:13 Checking file: /tmp/blitzy/blitzy-kubernetes/blitzy5f91179c1/pkg/kubelet/pluginmanager/cache/actual_state_of_world.go
[gosec] 2026/02/05 18:16:13 Import directory: /tmp/blitzy/blitzy-kubernetes/blitzy5f91179c1/pkg/kubelet/server/stats
[gosec] 2026/02/05 18:16:13 Checking file: /tmp/blitzy/blitzy-kubernetes/blitzy5f91179c1/pkg/kubelet/pluginmanager/cache/desired_state_of_world.go
[gosec] 2026/02/05 18:16:13 Checking file: /tmp/blitzy/blitzy-kubernetes/blitzy5f91179c1/pkg/kubelet/pluginmanager/cache/types.go
[gosec] 2026/02/05 18:16:13 Checking package: nodeshutdown
[gosec] 2026/02/05 18:16:13 Checking file: /tmp/blitzy/blitzy-kubernetes/blitzy5f91179c1/pkg/kubelet/nodeshutdown/nodeshutdown_manager.go
[gosec] 2026/02/05 18:16:13 Import directory: /tmp/blitzy/blitzy-kubernetes/blitzy5f91179c1/pkg/kubelet/cm/devicemanager
[gosec] 2026/02/05 18:16:14 Checking file: /tmp/blitzy/blitzy-kubernetes/blitzy5f91179c1/pkg/kubelet/nodeshutdown/nodeshutdown_manager_linux.go
[gosec] 2026/02/05 18:16:14 Checking file: /tmp/blitzy/blitzy-kubernetes/blitzy5f91179c1/pkg/kubelet/nodeshutdown/storage.go
[gosec] 2026/02/05 18:16:15 Checking package: qos
[gosec] 2026/02/05 18:16:15 Checking file: /tmp/blitzy/blitzy-kubernetes/blitzy5f91179c1/pkg/kubelet/qos/doc.go
[gosec] 2026/02/05 18:16:15 Import directory: /tmp/blitzy/blitzy-kubernetes/blitzy5f91179c1/pkg/kubelet/cm/memorymanager
[gosec] 2026/02/05 18:16:15 Checking file: /tmp/blitzy/blitzy-kubernetes/blitzy5f91179c1/pkg/kubelet/qos/helpers.go
[gosec] 2026/02/05 18:16:15 Checking file: /tmp/blitzy/blitzy-kubernetes/blitzy5f91179c1/pkg/kubelet/qos/policy.go
[gosec] 2026/02/05 18:16:15 Checking package: testing
[gosec] 2026/02/05 18:16:15 Checking file: /tmp/blitzy/blitzy-kubernetes/blitzy5f91179c1/pkg/kubelet/cm/cpumanager/state/testing/util.go
[gosec] 2026/02/05 18:16:15 Import directory: /tmp/blitzy/blitzy-kubernetes/blitzy5f91179c1/pkg/kubelet/kubeletconfig/util/test
[gosec] 2026/02/05 18:16:15 Checking package: checkpoint
[gosec] 2026/02/05 18:16:15 Checking file: /tmp/blitzy/blitzy-kubernetes/blitzy5f91179c1/pkg/kubelet/cm/devicemanager/checkpoint/checkpoint.go
[gosec] 2026/02/05 18:16:15 Import directory: /tmp/blitzy/blitzy-kubernetes/blitzy5f91179c1/pkg/kubelet/prober
[gosec] 2026/02/05 18:16:15 Checking package: bitmask
[gosec] 2026/02/05 18:16:15 Checking file: /tmp/blitzy/blitzy-kubernetes/blitzy5f91179c1/pkg/kubelet/cm/topologymanager/bitmask/bitmask.go
[gosec] 2026/02/05 18:16:15 Import directory: /tmp/blitzy/blitzy-kubernetes/blitzy5f91179c1/pkg/kubelet/runtimeclass/testing
[gosec] 2026/02/05 18:16:16 Checking package: topologymanager
[gosec] 2026/02/05 18:16:16 Checking file: /tmp/blitzy/blitzy-kubernetes/blitzy5f91179c1/pkg/kubelet/cm/topologymanager/fake_topology_manager.go
[gosec] 2026/02/05 18:16:16 Import directory: /tmp/blitzy/blitzy-kubernetes/blitzy5f91179c1/pkg/kubelet/server/stats/testing
[gosec] 2026/02/05 18:16:16 Checking file: /tmp/blitzy/blitzy-kubernetes/blitzy5f91179c1/pkg/kubelet/cm/topologymanager/numa_info.go
[gosec] 2026/02/05 18:16:16 Checking file: /tmp/blitzy/blitzy-kubernetes/blitzy5f91179c1/pkg/kubelet/cm/topologymanager/policy.go
[gosec] 2026/02/05 18:16:17 Checking file: /tmp/blitzy/blitzy-kubernetes/blitzy5f91179c1/pkg/kubelet/cm/topologymanager/policy_best_effort.go
[gosec] 2026/02/05 18:16:17 Checking file: /tmp/blitzy/blitzy-kubernetes/blitzy5f91179c1/pkg/kubelet/cm/topologymanager/policy_none.go
[gosec] 2026/02/05 18:16:17 Checking file: /tmp/blitzy/blitzy-kubernetes/blitzy5f91179c1/pkg/kubelet/cm/topologymanager/policy_options.go
[gosec] 2026/02/05 18:16:18 Checking file: /tmp/blitzy/blitzy-kubernetes/blitzy5f91179c1/pkg/kubelet/cm/topologymanager/policy_restricted.go
[gosec] 2026/02/05 18:16:18 Checking file: /tmp/blitzy/blitzy-kubernetes/blitzy5f91179c1/pkg/kubelet/cm/topologymanager/policy_single_numa_node.go
[gosec] 2026/02/05 18:16:18 Checking file: /tmp/blitzy/blitzy-kubernetes/blitzy5f91179c1/pkg/kubelet/cm/topologymanager/scope.go
[gosec] 2026/02/05 18:16:18 Checking file: /tmp/blitzy/blitzy-kubernetes/blitzy5f91179c1/pkg/kubelet/cm/topologymanager/scope_container.go
[gosec] 2026/02/05 18:16:18 Checking file: /tmp/blitzy/blitzy-kubernetes/blitzy5f91179c1/pkg/kubelet/cm/topologymanager/scope_none.go
[gosec] 2026/02/05 18:16:18 Checking file: /tmp/blitzy/blitzy-kubernetes/blitzy5f91179c1/pkg/kubelet/cm/topologymanager/scope_pod.go
[gosec] 2026/02/05 18:16:19 Checking file: /tmp/blitzy/blitzy-kubernetes/blitzy5f91179c1/pkg/kubelet/cm/topologymanager/topology_manager.go
[gosec] 2026/02/05 18:16:19 Checking package: pidlimit
[gosec] 2026/02/05 18:16:19 Checking file: /tmp/blitzy/blitzy-kubernetes/blitzy5f91179c1/pkg/kubelet/stats/pidlimit/pidlimit.go
[gosec] 2026/02/05 18:16:19 Import directory: /tmp/blitzy/blitzy-kubernetes/blitzy5f91179c1/pkg/kubelet/volumemanager/populator
[gosec] 2026/02/05 18:16:19 Checking file: /tmp/blitzy/blitzy-kubernetes/blitzy5f91179c1/pkg/kubelet/stats/pidlimit/pidlimit_linux.go
[gosec] 2026/02/05 18:16:19 Checking package: stats
[gosec] 2026/02/05 18:16:19 Checking file: /tmp/blitzy/blitzy-kubernetes/blitzy5f91179c1/pkg/kubelet/server/stats/doc.go
[gosec] 2026/02/05 18:16:19 Checking file: /tmp/blitzy/blitzy-kubernetes/blitzy5f91179c1/pkg/kubelet/server/stats/fs_resource_analyzer.go
[gosec] 2026/02/05 18:16:19 Import directory: /tmp/blitzy/blitzy-kubernetes/blitzy5f91179c1/pkg/kubelet/cm/containermap
[gosec] 2026/02/05 18:16:19 Checking file: /tmp/blitzy/blitzy-kubernetes/blitzy5f91179c1/pkg/kubelet/server/stats/handler.go
[gosec] 2026/02/05 18:16:20 Checking file: /tmp/blitzy/blitzy-kubernetes/blitzy5f91179c1/pkg/kubelet/server/stats/resource_analyzer.go
[gosec] 2026/02/05 18:16:20 Checking file: /tmp/blitzy/blitzy-kubernetes/blitzy5f91179c1/pkg/kubelet/server/stats/summary.go
[gosec] 2026/02/05 18:16:20 Checking file: /tmp/blitzy/blitzy-kubernetes/blitzy5f91179c1/pkg/kubelet/server/stats/summary_sys_containers.go
[gosec] 2026/02/05 18:16:20 Checking file: /tmp/blitzy/blitzy-kubernetes/blitzy5f91179c1/pkg/kubelet/server/stats/volume_stat_calculator.go
[gosec] 2026/02/05 18:16:20 Checking package: devicemanager
[gosec] 2026/02/05 18:16:20 Checking file: /tmp/blitzy/blitzy-kubernetes/blitzy5f91179c1/pkg/kubelet/cm/devicemanager/endpoint.go
[gosec] 2026/02/05 18:16:20 Import directory: /tmp/blitzy/blitzy-kubernetes/blitzy5f91179c1/pkg/kubelet/pluginmanager/reconciler
[gosec] 2026/02/05 18:16:21 Checking file: /tmp/blitzy/blitzy-kubernetes/blitzy5f91179c1/pkg/kubelet/cm/devicemanager/manager.go
[gosec] 2026/02/05 18:16:23 Checking file: /tmp/blitzy/blitzy-kubernetes/blitzy5f91179c1/pkg/kubelet/cm/devicemanager/pod_devices.go
[gosec] 2026/02/05 18:16:25 Checking file: /tmp/blitzy/blitzy-kubernetes/blitzy5f91179c1/pkg/kubelet/cm/devicemanager/topology_hints.go
[gosec] 2026/02/05 18:16:25 Checking file: /tmp/blitzy/blitzy-kubernetes/blitzy5f91179c1/pkg/kubelet/cm/devicemanager/types.go
[gosec] 2026/02/05 18:16:25 Checking package: test
[gosec] 2026/02/05 18:16:25 Checking file: /tmp/blitzy/blitzy-kubernetes/blitzy5f91179c1/pkg/kubelet/kubeletconfig/util/test/test.go
[gosec] 2026/02/05 18:16:25 Import directory: /tmp/blitzy/blitzy-kubernetes/blitzy5f91179c1/pkg/kubelet/watchdog
[gosec] 2026/02/05 18:16:25 Checking package: memorymanager
[gosec] 2026/02/05 18:16:25 Checking file: /tmp/blitzy/blitzy-kubernetes/blitzy5f91179c1/pkg/kubelet/cm/memorymanager/fake_memory_manager.go
[gosec] 2026/02/05 18:16:25 Import directory: /tmp/blitzy/blitzy-kubernetes/blitzy5f91179c1/pkg/kubelet/cm/dra/state
[gosec] 2026/02/05 18:16:25 Checking file: /tmp/blitzy/blitzy-kubernetes/blitzy5f91179c1/pkg/kubelet/cm/memorymanager/memory_manager.go
[gosec] 2026/02/05 18:16:26 Checking file: /tmp/blitzy/blitzy-kubernetes/blitzy5f91179c1/pkg/kubelet/cm/memorymanager/policy.go
[gosec] 2026/02/05 18:16:26 Checking file: /tmp/blitzy/blitzy-kubernetes/blitzy5f91179c1/pkg/kubelet/cm/memorymanager/policy_best_effort.go
[gosec] 2026/02/05 18:16:27 Checking file: /tmp/blitzy/blitzy-kubernetes/blitzy5f91179c1/pkg/kubelet/cm/memorymanager/policy_none.go
[gosec] 2026/02/05 18:16:27 Checking file: /tmp/blitzy/blitzy-kubernetes/blitzy5f91179c1/pkg/kubelet/cm/memorymanager/policy_static.go
[gosec] 2026/02/05 18:16:30 Checking package: prober
[gosec] 2026/02/05 18:16:30 Checking file: /tmp/blitzy/blitzy-kubernetes/blitzy5f91179c1/pkg/kubelet/prober/prober.go
[gosec] 2026/02/05 18:16:30 Import directory: /tmp/blitzy/blitzy-kubernetes/blitzy5f91179c1/pkg/kubelet/cm/util
[gosec] 2026/02/05 18:16:30 Checking file: /tmp/blitzy/blitzy-kubernetes/blitzy5f91179c1/pkg/kubelet/prober/prober_manager.go
[gosec] 2026/02/05 18:16:31 Checking file: /tmp/blitzy/blitzy-kubernetes/blitzy5f91179c1/pkg/kubelet/prober/worker.go
[gosec] 2026/02/05 18:16:32 Checking package: testing
[gosec] 2026/02/05 18:16:32 Checking file: /tmp/blitzy/blitzy-kubernetes/blitzy5f91179c1/pkg/kubelet/runtimeclass/testing/fake_manager.go
[gosec] 2026/02/05 18:16:32 Import directory: /tmp/blitzy/blitzy-kubernetes/blitzy5f91179c1/pkg/kubelet/runtimeclass
[gosec] 2026/02/05 18:16:32 Checking package: testing
[gosec] 2026/02/05 18:16:32 Checking file: /tmp/blitzy/blitzy-kubernetes/blitzy5f91179c1/pkg/kubelet/server/stats/testing/mocks.go
[gosec] 2026/02/05 18:16:32 Import directory: /tmp/blitzy/blitzy-kubernetes/blitzy5f91179c1/pkg/kubelet
[gosec] 2026/02/05 18:16:35 Checking package: containermap
[gosec] 2026/02/05 18:16:35 Checking file: /tmp/blitzy/blitzy-kubernetes/blitzy5f91179c1/pkg/kubelet/cm/containermap/container_map.go
[gosec] 2026/02/05 18:16:35 Import directory: /tmp/blitzy/blitzy-kubernetes/blitzy5f91179c1/pkg/kubelet/apis/grpc
[gosec] 2026/02/05 18:16:35 Checking package: populator
[gosec] 2026/02/05 18:16:35 Checking file: /tmp/blitzy/blitzy-kubernetes/blitzy5f91179c1/pkg/kubelet/volumemanager/populator/desired_state_of_world_populator.go
[gosec] 2026/02/05 18:16:35 Import directory: /tmp/blitzy/blitzy-kubernetes/blitzy5f91179c1/pkg/kubelet/container
[gosec] 2026/02/05 18:16:36 Checking package: reconciler
[gosec] 2026/02/05 18:16:36 Checking file: /tmp/blitzy/blitzy-kubernetes/blitzy5f91179c1/pkg/kubelet/pluginmanager/reconciler/reconciler.go
[gosec] 2026/02/05 18:16:36 Import directory: /tmp/blitzy/blitzy-kubernetes/blitzy5f91179c1/pkg/kubelet/kubeletconfig/configfiles
[gosec] 2026/02/05 18:16:36 Checking package: watchdog
[gosec] 2026/02/05 18:16:36 Checking file: /tmp/blitzy/blitzy-kubernetes/blitzy5f91179c1/pkg/kubelet/watchdog/types.go
[gosec] 2026/02/05 18:16:36 Import directory: /tmp/blitzy/blitzy-kubernetes/blitzy5f91179c1/pkg/kubelet/lifecycle
[gosec] 2026/02/05 18:16:36 Checking file: /tmp/blitzy/blitzy-kubernetes/blitzy5f91179c1/pkg/kubelet/watchdog/watchdog_linux.go
[gosec] 2026/02/05 18:16:36 Checking package: state
[gosec] 2026/02/05 18:16:36 Checking file: /tmp/blitzy/blitzy-kubernetes/blitzy5f91179c1/pkg/kubelet/cm/dra/state/checkpoint.go
[gosec] 2026/02/05 18:16:36 Import directory: /tmp/blitzy/blitzy-kubernetes/blitzy5f91179c1/pkg/kubelet/userns
[gosec] 2026/02/05 18:16:37 Checking file: /tmp/blitzy/blitzy-kubernetes/blitzy5f91179c1/pkg/kubelet/cm/dra/state/checkpointer.go
[gosec] 2026/02/05 18:16:37 Checking file: /tmp/blitzy/blitzy-kubernetes/blitzy5f91179c1/pkg/kubelet/cm/dra/state/state.go
[gosec] 2026/02/05 18:16:37 Checking file: /tmp/blitzy/blitzy-kubernetes/blitzy5f91179c1/pkg/kubelet/cm/dra/state/zz_generated.deepcopy.go
[gosec] 2026/02/05 18:16:37 Checking package: util
[gosec] 2026/02/05 18:16:37 Checking file: /tmp/blitzy/blitzy-kubernetes/blitzy5f91179c1/pkg/kubelet/cm/util/cgroups_linux.go
[gosec] 2026/02/05 18:16:37 Import directory: /tmp/blitzy/blitzy-kubernetes/blitzy5f91179c1/pkg/kubelet/winstats
[gosec] 2026/02/05 18:16:38 Checking package: runtimeclass
[gosec] 2026/02/05 18:16:38 Checking file: /tmp/blitzy/blitzy-kubernetes/blitzy5f91179c1/pkg/kubelet/runtimeclass/runtimeclass_manager.go
[gosec] 2026/02/05 18:16:38 Import directory: /tmp/blitzy/blitzy-kubernetes/blitzy5f91179c1/pkg/kubelet/cadvisor/testing
[gosec] 2026/02/05 18:16:38 Checking package: kubelet
[gosec] 2026/02/05 18:16:38 Checking file: /tmp/blitzy/blitzy-kubernetes/blitzy5f91179c1/pkg/kubelet/active_deadline.go
[gosec] 2026/02/05 18:16:38 Import directory: /tmp/blitzy/blitzy-kubernetes/blitzy5f91179c1/pkg/kubelet/cm/resourceupdates
[gosec] 2026/02/05 18:16:38 Checking file: /tmp/blitzy/blitzy-kubernetes/blitzy5f91179c1/pkg/kubelet/doc.go
[gosec] 2026/02/05 18:16:38 Checking file: /tmp/blitzy/blitzy-kubernetes/blitzy5f91179c1/pkg/kubelet/errors.go
[gosec] 2026/02/05 18:16:38 Checking file: /tmp/blitzy/blitzy-kubernetes/blitzy5f91179c1/pkg/kubelet/kubelet.go
[gosec] 2026/02/05 18:16:42 Checking file: /tmp/blitzy/blitzy-kubernetes/blitzy5f91179c1/pkg/kubelet/kubelet_getters.go
[gosec] 2026/02/05 18:16:43 Checking file: /tmp/blitzy/blitzy-kubernetes/blitzy5f91179c1/pkg/kubelet/kubelet_linux.go
[gosec] 2026/02/05 18:16:43 Checking file: /tmp/blitzy/blitzy-kubernetes/blitzy5f91179c1/pkg/kubelet/kubelet_network.go
[gosec] 2026/02/05 18:16:43 Checking file: /tmp/blitzy/blitzy-kubernetes/blitzy5f91179c1/pkg/kubelet/kubelet_network_linux.go
[gosec] 2026/02/05 18:16:43 Checking file: /tmp/blitzy/blitzy-kubernetes/blitzy5f91179c1/pkg/kubelet/kubelet_node_declared_features.go
[gosec] 2026/02/05 18:16:44 Checking file: /tmp/blitzy/blitzy-kubernetes/blitzy5f91179c1/pkg/kubelet/kubelet_node_status.go
[gosec] 2026/02/05 18:16:45 Checking file: /tmp/blitzy/blitzy-kubernetes/blitzy5f91179c1/pkg/kubelet/kubelet_node_status_others.go
[gosec] 2026/02/05 18:16:45 Checking file: /tmp/blitzy/blitzy-kubernetes/blitzy5f91179c1/pkg/kubelet/kubelet_nodecache.go
[gosec] 2026/02/05 18:16:45 Checking file: /tmp/blitzy/blitzy-kubernetes/blitzy5f91179c1/pkg/kubelet/kubelet_pods.go
[gosec] 2026/02/05 18:16:52 Checking file: /tmp/blitzy/blitzy-kubernetes/blitzy5f91179c1/pkg/kubelet/kubelet_resources.go
[gosec] 2026/02/05 18:16:52 Checking file: /tmp/blitzy/blitzy-kubernetes/blitzy5f91179c1/pkg/kubelet/kubelet_server_journal.go
[gosec] 2026/02/05 18:16:52 Checking file: /tmp/blitzy/blitzy-kubernetes/blitzy5f91179c1/pkg/kubelet/kubelet_server_journal_linux.go
[gosec] 2026/02/05 18:16:52 Checking file: /tmp/blitzy/blitzy-kubernetes/blitzy5f91179c1/pkg/kubelet/kubelet_volumes.go
[gosec] 2026/02/05 18:16:53 Checking file: /tmp/blitzy/blitzy-kubernetes/blitzy5f91179c1/pkg/kubelet/pod_container_deletor.go
[gosec] 2026/02/05 18:16:53 Checking file: /tmp/blitzy/blitzy-kubernetes/blitzy5f91179c1/pkg/kubelet/pod_workers.go
[gosec] 2026/02/05 18:16:56 Checking file: /tmp/blitzy/blitzy-kubernetes/blitzy5f91179c1/pkg/kubelet/reason_cache.go
[gosec] 2026/02/05 18:16:56 Checking file: /tmp/blitzy/blitzy-kubernetes/blitzy5f91179c1/pkg/kubelet/runtime.go
[gosec] 2026/02/05 18:16:56 Checking file: /tmp/blitzy/blitzy-kubernetes/blitzy5f91179c1/pkg/kubelet/volume_host.go
[gosec] 2026/02/05 18:16:57 Checking package: grpc
[gosec] 2026/02/05 18:16:57 Checking file: /tmp/blitzy/blitzy-kubernetes/blitzy5f91179c1/pkg/kubelet/apis/grpc/ratelimit.go
[gosec] 2026/02/05 18:16:57 Import directory: /tmp/blitzy/blitzy-kubernetes/blitzy5f91179c1/pkg/kubelet/configmap
[gosec] 2026/02/05 18:16:57 Checking package: container
[gosec] 2026/02/05 18:16:57 Checking file: /tmp/blitzy/blitzy-kubernetes/blitzy5f91179c1/pkg/kubelet/container/cache.go
[gosec] 2026/02/05 18:16:57 Import directory: /tmp/blitzy/blitzy-kubernetes/blitzy5f91179c1/pkg/kubelet/pod/testing
[gosec] 2026/02/05 18:16:57 Checking file: /tmp/blitzy/blitzy-kubernetes/blitzy5f91179c1/pkg/kubelet/container/container_gc.go
[gosec] 2026/02/05 18:16:57 Checking file: /tmp/blitzy/blitzy-kubernetes/blitzy5f91179c1/pkg/kubelet/container/helpers.go
[gosec] 2026/02/05 18:16:59 Checking file: /tmp/blitzy/blitzy-kubernetes/blitzy5f91179c1/pkg/kubelet/container/os.go
[gosec] 2026/02/05 18:16:59 Checking file: /tmp/blitzy/blitzy-kubernetes/blitzy5f91179c1/pkg/kubelet/container/ref.go
[gosec] 2026/02/05 18:16:59 Checking file: /tmp/blitzy/blitzy-kubernetes/blitzy5f91179c1/pkg/kubelet/container/runtime.go
[gosec] 2026/02/05 18:17:00 Checking file: /tmp/blitzy/blitzy-kubernetes/blitzy5f91179c1/pkg/kubelet/container/runtime_cache.go
[gosec] 2026/02/05 18:17:00 Checking file: /tmp/blitzy/blitzy-kubernetes/blitzy5f91179c1/pkg/kubelet/container/runtime_cache_fake.go
[gosec] 2026/02/05 18:17:01 Checking file: /tmp/blitzy/blitzy-kubernetes/blitzy5f91179c1/pkg/kubelet/container/sync_result.go
[gosec] 2026/02/05 18:17:01 Checking package: configfiles
[gosec] 2026/02/05 18:17:01 Checking file: /tmp/blitzy/blitzy-kubernetes/blitzy5f91179c1/pkg/kubelet/kubeletconfig/configfiles/configfiles.go
[gosec] 2026/02/05 18:17:01 Import directory: /tmp/blitzy/blitzy-kubernetes/blitzy5f91179c1/pkg/kubelet/secret
[gosec] 2026/02/05 18:17:01 Checking package: lifecycle
[gosec] 2026/02/05 18:17:01 Checking file: /tmp/blitzy/blitzy-kubernetes/blitzy5f91179c1/pkg/kubelet/lifecycle/admission_failure_handler_stub.go
[gosec] 2026/02/05 18:17:01 Import directory: /tmp/blitzy/blitzy-kubernetes/blitzy5f91179c1/pkg/kubelet/apis/podresources
[gosec] 2026/02/05 18:17:01 Checking file: /tmp/blitzy/blitzy-kubernetes/blitzy5f91179c1/pkg/kubelet/lifecycle/doc.go
[gosec] 2026/02/05 18:17:01 Checking file: /tmp/blitzy/blitzy-kubernetes/blitzy5f91179c1/pkg/kubelet/lifecycle/features_linux.go
[gosec] 2026/02/05 18:17:01 Checking file: /tmp/blitzy/blitzy-kubernetes/blitzy5f91179c1/pkg/kubelet/lifecycle/handlers.go
[gosec] 2026/02/05 18:17:02 Checking file: /tmp/blitzy/blitzy-kubernetes/blitzy5f91179c1/pkg/kubelet/lifecycle/interfaces.go
[gosec] 2026/02/05 18:17:02 Checking file: /tmp/blitzy/blitzy-kubernetes/blitzy5f91179c1/pkg/kubelet/lifecycle/predicate.go
[gosec] 2026/02/05 18:17:03 Checking package: userns
[gosec] 2026/02/05 18:17:03 Checking file: /tmp/blitzy/blitzy-kubernetes/blitzy5f91179c1/pkg/kubelet/userns/types.go
[gosec] 2026/02/05 18:17:03 Checking file: /tmp/blitzy/blitzy-kubernetes/blitzy5f91179c1/pkg/kubelet/userns/userns_manager.go
[gosec] 2026/02/05 18:17:03 Import directory: /tmp/blitzy/blitzy-kubernetes/blitzy5f91179c1/pkg/kubelet/types
[gosec] 2026/02/05 18:17:04 Checking package: winstats
[gosec] 2026/02/05 18:17:04 Checking file: /tmp/blitzy/blitzy-kubernetes/blitzy5f91179c1/pkg/kubelet/winstats/doc.go
[gosec] 2026/02/05 18:17:04 Checking package: resourceupdates
[gosec] 2026/02/05 18:17:04 Checking file: /tmp/blitzy/blitzy-kubernetes/blitzy5f91179c1/pkg/kubelet/cm/resourceupdates/updates.go
[gosec] 2026/02/05 18:17:04 Import directory: /tmp/blitzy/blitzy-kubernetes/blitzy5f91179c1/pkg/kubelet/volumemanager/reconciler
[gosec] 2026/02/05 18:17:04 Checking package: testing
[gosec] 2026/02/05 18:17:04 Checking file: /tmp/blitzy/blitzy-kubernetes/blitzy5f91179c1/pkg/kubelet/cadvisor/testing/cadvisor_fake.go
[gosec] 2026/02/05 18:17:04 Import directory: /tmp/blitzy/blitzy-kubernetes/blitzy5f91179c1/pkg/kubelet/clustertrustbundle
[gosec] 2026/02/05 18:17:04 Import directory: /tmp/blitzy/blitzy-kubernetes/blitzy5f91179c1/pkg/kubelet/config
[gosec] 2026/02/05 18:17:05 Checking file: /tmp/blitzy/blitzy-kubernetes/blitzy5f91179c1/pkg/kubelet/cadvisor/testing/mocks.go
[gosec] 2026/02/05 18:17:06 Checking package: configmap
[gosec] 2026/02/05 18:17:06 Checking file: /tmp/blitzy/blitzy-kubernetes/blitzy5f91179c1/pkg/kubelet/configmap/configmap_manager.go
[gosec] 2026/02/05 18:17:06 Import directory: /tmp/blitzy/blitzy-kubernetes/blitzy5f91179c1/pkg/kubelet/util/manager
[gosec] 2026/02/05 18:17:06 Checking file: /tmp/blitzy/blitzy-kubernetes/blitzy5f91179c1/pkg/kubelet/configmap/fake_manager.go
[gosec] 2026/02/05 18:17:06 Checking package: testing
[gosec] 2026/02/05 18:17:06 Checking file: /tmp/blitzy/blitzy-kubernetes/blitzy5f91179c1/pkg/kubelet/pod/testing/fake_mirror_client.go
[gosec] 2026/02/05 18:17:06 Import directory: /tmp/blitzy/blitzy-kubernetes/blitzy5f91179c1/pkg/kubelet/util/queue
[gosec] 2026/02/05 18:17:06 Checking file: /tmp/blitzy/blitzy-kubernetes/blitzy5f91179c1/pkg/kubelet/pod/testing/mocks.go
[gosec] 2026/02/05 18:17:08 Checking package: podresources
[gosec] 2026/02/05 18:17:08 Checking file: /tmp/blitzy/blitzy-kubernetes/blitzy5f91179c1/pkg/kubelet/apis/podresources/client.go
[gosec] 2026/02/05 18:17:08 Import directory: /tmp/blitzy/blitzy-kubernetes/blitzy5f91179c1/pkg/kubelet/stats
[gosec] 2026/02/05 18:17:08 Checking file: /tmp/blitzy/blitzy-kubernetes/blitzy5f91179c1/pkg/kubelet/apis/podresources/constants.go
[gosec] 2026/02/05 18:17:08 Checking file: /tmp/blitzy/blitzy-kubernetes/blitzy5f91179c1/pkg/kubelet/apis/podresources/server_v1.go
[gosec] 2026/02/05 18:17:09 Checking file: /tmp/blitzy/blitzy-kubernetes/blitzy5f91179c1/pkg/kubelet/apis/podresources/server_v1alpha1.go
[gosec] 2026/02/05 18:17:09 Checking file: /tmp/blitzy/blitzy-kubernetes/blitzy5f91179c1/pkg/kubelet/apis/podresources/types.go
[gosec] 2026/02/05 18:17:09 Checking package: secret
[gosec] 2026/02/05 18:17:09 Checking file: /tmp/blitzy/blitzy-kubernetes/blitzy5f91179c1/pkg/kubelet/secret/fake_manager.go
[gosec] 2026/02/05 18:17:09 Import directory: /tmp/blitzy/blitzy-kubernetes/blitzy5f91179c1/pkg/kubelet/kubeletconfig
[gosec] 2026/02/05 18:17:09 Checking file: /tmp/blitzy/blitzy-kubernetes/blitzy5f91179c1/pkg/kubelet/secret/secret_manager.go
[gosec] 2026/02/05 18:17:09 Checking package: types
[gosec] 2026/02/05 18:17:09 Checking file: /tmp/blitzy/blitzy-kubernetes/blitzy5f91179c1/pkg/kubelet/types/constants.go
[gosec] 2026/02/05 18:17:09 Import directory: /tmp/blitzy/blitzy-kubernetes/blitzy5f91179c1/pkg/kubelet/checkpointmanager/testing
[gosec] 2026/02/05 18:17:09 Checking file: /tmp/blitzy/blitzy-kubernetes/blitzy5f91179c1/pkg/kubelet/types/doc.go
[gosec] 2026/02/05 18:17:09 Checking file: /tmp/blitzy/blitzy-kubernetes/blitzy5f91179c1/pkg/kubelet/types/pod_status.go
[gosec] 2026/02/05 18:17:10 Checking file: /tmp/blitzy/blitzy-kubernetes/blitzy5f91179c1/pkg/kubelet/types/pod_update.go
[gosec] 2026/02/05 18:17:10 Checking file: /tmp/blitzy/blitzy-kubernetes/blitzy5f91179c1/pkg/kubelet/types/types.go
[gosec] 2026/02/05 18:17:10 Checking package: clustertrustbundle
[gosec] 2026/02/05 18:17:10 Checking file: /tmp/blitzy/blitzy-kubernetes/blitzy5f91179c1/pkg/kubelet/clustertrustbundle/clustertrustbundle_manager.go
[gosec] 2026/02/05 18:17:10 Import directory: /tmp/blitzy/blitzy-kubernetes/blitzy5f91179c1/pkg/kubelet/cm/testing
[gosec] 2026/02/05 18:17:11 Checking package: reconciler
[gosec] 2026/02/05 18:17:11 Checking file: /tmp/blitzy/blitzy-kubernetes/blitzy5f91179c1/pkg/kubelet/volumemanager/reconciler/reconciler.go
[gosec] 2026/02/05 18:17:11 Import directory: /tmp/blitzy/blitzy-kubernetes/blitzy5f91179c1/pkg/kubelet/nodeshutdown/systemd
[gosec] 2026/02/05 18:17:11 Checking file: /tmp/blitzy/blitzy-kubernetes/blitzy5f91179c1/pkg/kubelet/volumemanager/reconciler/reconciler_common.go
[gosec] 2026/02/05 18:17:12 Checking file: /tmp/blitzy/blitzy-kubernetes/blitzy5f91179c1/pkg/kubelet/volumemanager/reconciler/reconstruct.go
[gosec] 2026/02/05 18:17:12 Checking file: /tmp/blitzy/blitzy-kubernetes/blitzy5f91179c1/pkg/kubelet/volumemanager/reconciler/reconstruct_common.go
[gosec] 2026/02/05 18:17:13 Checking package: config
[gosec] 2026/02/05 18:17:13 Checking file: /tmp/blitzy/blitzy-kubernetes/blitzy5f91179c1/pkg/kubelet/config/apiserver.go
[gosec] 2026/02/05 18:17:13 Import directory: /tmp/blitzy/blitzy-kubernetes/blitzy5f91179c1/pkg/kubelet/sysctl
[gosec] 2026/02/05 18:17:13 Checking file: /tmp/blitzy/blitzy-kubernetes/blitzy5f91179c1/pkg/kubelet/config/common.go
[gosec] 2026/02/05 18:17:13 Checking file: /tmp/blitzy/blitzy-kubernetes/blitzy5f91179c1/pkg/kubelet/config/config.go
[gosec] 2026/02/05 18:17:14 Checking file: /tmp/blitzy/blitzy-kubernetes/blitzy5f91179c1/pkg/kubelet/config/doc.go
[gosec] 2026/02/05 18:17:14 Checking file: /tmp/blitzy/blitzy-kubernetes/blitzy5f91179c1/pkg/kubelet/config/file.go
[gosec] 2026/02/05 18:17:15 Checking file: /tmp/blitzy/blitzy-kubernetes/blitzy5f91179c1/pkg/kubelet/config/file_linux.go
[gosec] 2026/02/05 18:17:15 Checking file: /tmp/blitzy/blitzy-kubernetes/blitzy5f91179c1/pkg/kubelet/config/http.go
[gosec] 2026/02/05 18:17:15 Checking file: /tmp/blitzy/blitzy-kubernetes/blitzy5f91179c1/pkg/kubelet/config/mux.go
[gosec] 2026/02/05 18:17:15 Checking file: /tmp/blitzy/blitzy-kubernetes/blitzy5f91179c1/pkg/kubelet/config/sources.go
[gosec] 2026/02/05 18:17:15 Checking package: manager
[gosec] 2026/02/05 18:17:15 Checking file: /tmp/blitzy/blitzy-kubernetes/blitzy5f91179c1/pkg/kubelet/util/manager/cache_based_manager.go
[gosec] 2026/02/05 18:17:15 Import directory: /tmp/blitzy/blitzy-kubernetes/blitzy5f91179c1/pkg/kubelet/checkpointmanager/errors
[gosec] 2026/02/05 18:17:16 Checking file: /tmp/blitzy/blitzy-kubernetes/blitzy5f91179c1/pkg/kubelet/util/manager/manager.go
[gosec] 2026/02/05 18:17:16 Checking file: /tmp/blitzy/blitzy-kubernetes/blitzy5f91179c1/pkg/kubelet/util/manager/watch_based_manager.go
[gosec] 2026/02/05 18:17:17 Checking package: queue
[gosec] 2026/02/05 18:17:17 Checking file: /tmp/blitzy/blitzy-kubernetes/blitzy5f91179c1/pkg/kubelet/util/queue/work_queue.go
[gosec] 2026/02/05 18:17:17 Import directory: /tmp/blitzy/blitzy-kubernetes/blitzy5f91179c1/pkg/kubelet/cm/memorymanager/state
[gosec] 2026/02/05 18:17:17 Checking package: kubeletconfig
[gosec] 2026/02/05 18:17:17 Checking file: /tmp/blitzy/blitzy-kubernetes/blitzy5f91179c1/pkg/kubelet/kubeletconfig/defaults.go
[gosec] 2026/02/05 18:17:17 Import directory: /tmp/blitzy/blitzy-kubernetes/blitzy5f91179c1/pkg/kubelet/client
[gosec] 2026/02/05 18:17:17 Checking file: /tmp/blitzy/blitzy-kubernetes/blitzy5f91179c1/pkg/kubelet/kubeletconfig/types.go
[gosec] 2026/02/05 18:17:17 Checking package: stats
[gosec] 2026/02/05 18:17:17 Checking file: /tmp/blitzy/blitzy-kubernetes/blitzy5f91179c1/pkg/kubelet/stats/cadvisor_stats_provider.go
[gosec] 2026/02/05 18:17:17 Import directory: /tmp/blitzy/blitzy-kubernetes/blitzy5f91179c1/pkg/kubelet/util/env
[gosec] 2026/02/05 18:17:19 Checking file: /tmp/blitzy/blitzy-kubernetes/blitzy5f91179c1/pkg/kubelet/stats/cri_stats_provider.go
[gosec] 2026/02/05 18:17:22 Checking file: /tmp/blitzy/blitzy-kubernetes/blitzy5f91179c1/pkg/kubelet/stats/cri_stats_provider_linux.go
[gosec] 2026/02/05 18:17:22 Checking file: /tmp/blitzy/blitzy-kubernetes/blitzy5f91179c1/pkg/kubelet/stats/helper.go
[gosec] 2026/02/05 18:17:24 Checking file: /tmp/blitzy/blitzy-kubernetes/blitzy5f91179c1/pkg/kubelet/stats/host_stats_provider.go
[gosec] 2026/02/05 18:17:24 Checking file: /tmp/blitzy/blitzy-kubernetes/blitzy5f91179c1/pkg/kubelet/stats/host_stats_provider_fake.go
[gosec] 2026/02/05 18:17:25 Checking file: /tmp/blitzy/blitzy-kubernetes/blitzy5f91179c1/pkg/kubelet/stats/provider.go
[gosec] 2026/02/05 18:17:26 Checking package: testing
[gosec] 2026/02/05 18:17:26 Checking file: /tmp/blitzy/blitzy-kubernetes/blitzy5f91179c1/pkg/kubelet/checkpointmanager/testing/util.go
[gosec] 2026/02/05 18:17:26 Import directory: /tmp/blitzy/blitzy-kubernetes/blitzy5f91179c1/pkg/kubelet/util/format
[gosec] 2026/02/05 18:17:26 Checking package: testing
[gosec] 2026/02/05 18:17:26 Checking file: /tmp/blitzy/blitzy-kubernetes/blitzy5f91179c1/pkg/kubelet/cm/testing/mocks.go
[gosec] 2026/02/05 18:17:26 Import directory: /tmp/blitzy/blitzy-kubernetes/blitzy5f91179c1/pkg/kubelet/volumemanager
[gosec] 2026/02/05 18:17:31 Checking package: systemd
[gosec] 2026/02/05 18:17:31 Checking file: /tmp/blitzy/blitzy-kubernetes/blitzy5f91179c1/pkg/kubelet/nodeshutdown/systemd/doc.go
[gosec] 2026/02/05 18:17:31 Checking file: /tmp/blitzy/blitzy-kubernetes/blitzy5f91179c1/pkg/kubelet/nodeshutdown/systemd/inhibit_linux.go
[gosec] 2026/02/05 18:17:31 Import directory: /tmp/blitzy/blitzy-kubernetes/blitzy5f91179c1/pkg/kubelet/allocation
[gosec] 2026/02/05 18:17:31 Checking package: sysctl
[gosec] 2026/02/05 18:17:31 Checking file: /tmp/blitzy/blitzy-kubernetes/blitzy5f91179c1/pkg/kubelet/sysctl/allowlist.go
[gosec] 2026/02/05 18:17:31 Import directory: /tmp/blitzy/blitzy-kubernetes/blitzy5f91179c1/pkg/kubelet/checkpointmanager
[gosec] 2026/02/05 18:17:31 Checking file: /tmp/blitzy/blitzy-kubernetes/blitzy5f91179c1/pkg/kubelet/sysctl/safe_sysctls.go
[gosec] 2026/02/05 18:17:31 Checking file: /tmp/blitzy/blitzy-kubernetes/blitzy5f91179c1/pkg/kubelet/sysctl/util.go
[gosec] 2026/02/05 18:17:32 Checking package: errors
[gosec] 2026/02/05 18:17:32 Checking file: /tmp/blitzy/blitzy-kubernetes/blitzy5f91179c1/pkg/kubelet/checkpointmanager/errors/errors.go
[gosec] 2026/02/05 18:17:32 Import directory: /tmp/blitzy/blitzy-kubernetes/blitzy5f91179c1/pkg/kubelet/checkpointmanager/testing/example_checkpoint_formats/v1
[gosec] 2026/02/05 18:17:32 Checking package: env
[gosec] 2026/02/05 18:17:32 Checking file: /tmp/blitzy/blitzy-kubernetes/blitzy5f91179c1/pkg/kubelet/util/env/env_util.go
[gosec] 2026/02/05 18:17:32 Import directory: /tmp/blitzy/blitzy-kubernetes/blitzy5f91179c1/pkg/kubelet/kuberuntime/util
[gosec] 2026/02/05 18:17:32 Checking package: state
[gosec] 2026/02/05 18:17:32 Checking file: /tmp/blitzy/blitzy-kubernetes/blitzy5f91179c1/pkg/kubelet/cm/memorymanager/state/checkpoint.go
[gosec] 2026/02/05 18:17:32 Import directory: /tmp/blitzy/blitzy-kubernetes/blitzy5f91179c1/pkg/kubelet/oom
[gosec] 2026/02/05 18:17:32 Checking file: /tmp/blitzy/blitzy-kubernetes/blitzy5f91179c1/pkg/kubelet/cm/memorymanager/state/state.go
[gosec] 2026/02/05 18:17:32 Checking file: /tmp/blitzy/blitzy-kubernetes/blitzy5f91179c1/pkg/kubelet/cm/memorymanager/state/state_checkpoint.go
[gosec] 2026/02/05 18:17:32 Checking file: /tmp/blitzy/blitzy-kubernetes/blitzy5f91179c1/pkg/kubelet/cm/memorymanager/state/state_mem.go
[gosec] 2026/02/05 18:17:33 Checking package: client
[gosec] 2026/02/05 18:17:33 Checking file: /tmp/blitzy/blitzy-kubernetes/blitzy5f91179c1/pkg/kubelet/client/kubelet_client.go
[gosec] 2026/02/05 18:17:33 Import directory: /tmp/blitzy/blitzy-kubernetes/blitzy5f91179c1/pkg/kubelet/prober/results
[gosec] 2026/02/05 18:17:33 Checking package: format
[gosec] 2026/02/05 18:17:33 Checking file: /tmp/blitzy/blitzy-kubernetes/blitzy5f91179c1/pkg/kubelet/util/format/pod.go
[gosec] 2026/02/05 18:17:33 Import directory: /tmp/blitzy/blitzy-kubernetes/blitzy5f91179c1/pkg/kubelet/status/testing
[gosec] 2026/02/05 18:17:33 Checking package: volumemanager
[gosec] 2026/02/05 18:17:33 Checking file: /tmp/blitzy/blitzy-kubernetes/blitzy5f91179c1/pkg/kubelet/volumemanager/volume_manager.go
[gosec] 2026/02/05 18:17:33 Import directory: /tmp/blitzy/blitzy-kubernetes/blitzy5f91179c1/pkg/kubelet/token
[gosec] 2026/02/05 18:17:34 Checking file: /tmp/blitzy/blitzy-kubernetes/blitzy5f91179c1/pkg/kubelet/volumemanager/volume_manager_fake.go
[gosec] 2026/02/05 18:17:34 Checking package: checkpointmanager
[gosec] 2026/02/05 18:17:34 Checking file: /tmp/blitzy/blitzy-kubernetes/blitzy5f91179c1/pkg/kubelet/checkpointmanager/checkpoint_manager.go
[gosec] 2026/02/05 18:17:34 Import directory: /tmp/blitzy/blitzy-kubernetes/blitzy5f91179c1/pkg/kubelet/util
[gosec] 2026/02/05 18:17:35 Checking package: allocation
[gosec] 2026/02/05 18:17:35 Checking file: /tmp/blitzy/blitzy-kubernetes/blitzy5f91179c1/pkg/kubelet/allocation/allocation_manager.go
[gosec] 2026/02/05 18:17:35 Import directory: /tmp/blitzy/blitzy-kubernetes/blitzy5f91179c1/pkg/kubelet/util/ioutils
[gosec] 2026/02/05 18:17:37 Checking file: /tmp/blitzy/blitzy-kubernetes/blitzy5f91179c1/pkg/kubelet/allocation/doc.go
[gosec] 2026/02/05 18:17:37 Checking file: /tmp/blitzy/blitzy-kubernetes/blitzy5f91179c1/pkg/kubelet/allocation/features_linux.go
[gosec] 2026/02/05 18:17:37 Checking package: v1
[gosec] 2026/02/05 18:17:37 Checking file: /tmp/blitzy/blitzy-kubernetes/blitzy5f91179c1/pkg/kubelet/checkpointmanager/testing/example_checkpoint_formats/v1/types.go
[gosec] 2026/02/05 18:17:37 Import directory: /tmp/blitzy/blitzy-kubernetes/blitzy5f91179c1/pkg/kubelet/images
[gosec] 2026/02/05 18:17:37 Checking package: oom
[gosec] 2026/02/05 18:17:37 Checking file: /tmp/blitzy/blitzy-kubernetes/blitzy5f91179c1/pkg/kubelet/oom/oom_watcher_linux.go
[gosec] 2026/02/05 18:17:37 Import directory: /tmp/blitzy/blitzy-kubernetes/blitzy5f91179c1/pkg/kubelet/pluginmanager/metrics
[gosec] 2026/02/05 18:17:37 Checking file: /tmp/blitzy/blitzy-kubernetes/blitzy5f91179c1/pkg/kubelet/oom/types.go
[gosec] 2026/02/05 18:17:37 Checking package: util
[gosec] 2026/02/05 18:17:37 Checking file: /tmp/blitzy/blitzy-kubernetes/blitzy5f91179c1/pkg/kubelet/kuberuntime/util/util.go
[gosec] 2026/02/05 18:17:37 Import directory: /tmp/blitzy/blitzy-kubernetes/blitzy5f91179c1/pkg/kubelet/pluginmanager/pluginwatcher/example_plugin_apis/v1beta2
[gosec] 2026/02/05 18:17:37 Checking package: testing
[gosec] 2026/02/05 18:17:37 Checking file: /tmp/blitzy/blitzy-kubernetes/blitzy5f91179c1/pkg/kubelet/status/testing/fake_pod_deletion_safety.go
[gosec] 2026/02/05 18:17:37 Import directory: /tmp/blitzy/blitzy-kubernetes/blitzy5f91179c1/pkg/kubelet/apis/config
[gosec] 2026/02/05 18:17:37 Checking file: /tmp/blitzy/blitzy-kubernetes/blitzy5f91179c1/pkg/kubelet/status/testing/mocks.go
[gosec] 2026/02/05 18:17:38 Checking package: results
[gosec] 2026/02/05 18:17:38 Checking file: /tmp/blitzy/blitzy-kubernetes/blitzy5f91179c1/pkg/kubelet/prober/results/results_manager.go
[gosec] 2026/02/05 18:17:38 Import directory: /tmp/blitzy/blitzy-kubernetes/blitzy5f91179c1/pkg/kubelet/apis/config/scheme
[gosec] 2026/02/05 18:17:38 Checking package: token
[gosec] 2026/02/05 18:17:38 Checking file: /tmp/blitzy/blitzy-kubernetes/blitzy5f91179c1/pkg/kubelet/token/token_manager.go
[gosec] 2026/02/05 18:17:38 Import directory: /tmp/blitzy/blitzy-kubernetes/blitzy5f91179c1/pkg/kubelet/eviction/api
[gosec] 2026/02/05 18:17:39 Checking package: ioutils
[gosec] 2026/02/05 18:17:39 Checking file: /tmp/blitzy/blitzy-kubernetes/blitzy5f91179c1/pkg/kubelet/util/ioutils/ioutils.go
[gosec] 2026/02/05 18:17:39 Import directory: /tmp/blitzy/blitzy-kubernetes/blitzy5f91179c1/pkg/kubelet/nodestatus
[gosec] 2026/02/05 18:17:39 Checking package: util
[gosec] 2026/02/05 18:17:39 Checking file: /tmp/blitzy/blitzy-kubernetes/blitzy5f91179c1/pkg/kubelet/util/boottime_util_linux.go
[gosec] 2026/02/05 18:17:39 Import directory: /tmp/blitzy/blitzy-kubernetes/blitzy5f91179c1/pkg/kubelet/container/testing
[gosec] 2026/02/05 18:17:39 Checking file: /tmp/blitzy/blitzy-kubernetes/blitzy5f91179c1/pkg/kubelet/util/doc.go
[gosec] 2026/02/05 18:17:39 Checking file: /tmp/blitzy/blitzy-kubernetes/blitzy5f91179c1/pkg/kubelet/util/node_startup_latency_tracker.go
[gosec] 2026/02/05 18:17:39 Checking file: /tmp/blitzy/blitzy-kubernetes/blitzy5f91179c1/pkg/kubelet/util/nodelease.go
[gosec] 2026/02/05 18:17:39 Checking file: /tmp/blitzy/blitzy-kubernetes/blitzy5f91179c1/pkg/kubelet/util/pod_startup_latency_tracker.go
[gosec] 2026/02/05 18:17:39 Checking file: /tmp/blitzy/blitzy-kubernetes/blitzy5f91179c1/pkg/kubelet/util/util.go
[gosec] 2026/02/05 18:17:40 Checking file: /tmp/blitzy/blitzy-kubernetes/blitzy5f91179c1/pkg/kubelet/util/util_linux.go
[gosec] 2026/02/05 18:17:40 Checking file: /tmp/blitzy/blitzy-kubernetes/blitzy5f91179c1/pkg/kubelet/util/util_unix.go
[gosec] 2026/02/05 18:17:40 Checking package: metrics
[gosec] 2026/02/05 18:17:40 Checking file: /tmp/blitzy/blitzy-kubernetes/blitzy5f91179c1/pkg/kubelet/pluginmanager/metrics/metrics.go
[gosec] 2026/02/05 18:17:40 Import directory: /tmp/blitzy/blitzy-kubernetes/blitzy5f91179c1/pkg/kubelet/apis/config/fuzzer
[gosec] 2026/02/05 18:17:40 Checking package: v1beta2
[gosec] 2026/02/05 18:17:40 Checking file: /tmp/blitzy/blitzy-kubernetes/blitzy5f91179c1/pkg/kubelet/pluginmanager/pluginwatcher/example_plugin_apis/v1beta2/api.pb.go
[gosec] 2026/02/05 18:17:40 Import directory: /tmp/blitzy/blitzy-kubernetes/blitzy5f91179c1/pkg/kubelet/cm
[gosec] 2026/02/05 18:17:40 Checking file: /tmp/blitzy/blitzy-kubernetes/blitzy5f91179c1/pkg/kubelet/pluginmanager/pluginwatcher/example_plugin_apis/v1beta2/api_grpc.pb.go
[gosec] 2026/02/05 18:17:40 Checking package: config
[gosec] 2026/02/05 18:17:40 Checking file: /tmp/blitzy/blitzy-kubernetes/blitzy5f91179c1/pkg/kubelet/apis/config/doc.go
[gosec] 2026/02/05 18:17:40 Import directory: /tmp/blitzy/blitzy-kubernetes/blitzy5f91179c1/pkg/kubelet/cm/devicemanager/plugin/v1beta1
[gosec] 2026/02/05 18:17:40 Checking file: /tmp/blitzy/blitzy-kubernetes/blitzy5f91179c1/pkg/kubelet/apis/config/helpers.go
[gosec] 2026/02/05 18:17:41 Checking file: /tmp/blitzy/blitzy-kubernetes/blitzy5f91179c1/pkg/kubelet/apis/config/register.go
[gosec] 2026/02/05 18:17:41 Checking file: /tmp/blitzy/blitzy-kubernetes/blitzy5f91179c1/pkg/kubelet/apis/config/types.go
[gosec] 2026/02/05 18:17:41 Checking file: /tmp/blitzy/blitzy-kubernetes/blitzy5f91179c1/pkg/kubelet/apis/config/zz_generated.deepcopy.go
[gosec] 2026/02/05 18:17:44 Checking package: images
[gosec] 2026/02/05 18:17:44 Checking file: /tmp/blitzy/blitzy-kubernetes/blitzy5f91179c1/pkg/kubelet/images/doc.go
[gosec] 2026/02/05 18:17:44 Checking file: /tmp/blitzy/blitzy-kubernetes/blitzy5f91179c1/pkg/kubelet/images/helpers.go
[gosec] 2026/02/05 18:17:44 Import directory: /tmp/blitzy/blitzy-kubernetes/blitzy5f91179c1/pkg/kubelet/kubeletconfig/util/codec
[gosec] 2026/02/05 18:17:44 Checking file: /tmp/blitzy/blitzy-kubernetes/blitzy5f91179c1/pkg/kubelet/images/image_gc_manager.go
[gosec] 2026/02/05 18:17:45 Checking file: /tmp/blitzy/blitzy-kubernetes/blitzy5f91179c1/pkg/kubelet/images/image_manager.go
[gosec] 2026/02/05 18:17:46 Checking file: /tmp/blitzy/blitzy-kubernetes/blitzy5f91179c1/pkg/kubelet/images/metrics.go
[gosec] 2026/02/05 18:17:46 Checking file: /tmp/blitzy/blitzy-kubernetes/blitzy5f91179c1/pkg/kubelet/images/puller.go
[gosec] 2026/02/05 18:17:46 Checking file: /tmp/blitzy/blitzy-kubernetes/blitzy5f91179c1/pkg/kubelet/images/types.go
[gosec] 2026/02/05 18:17:46 Checking package: api
[gosec] 2026/02/05 18:17:46 Checking file: /tmp/blitzy/blitzy-kubernetes/blitzy5f91179c1/pkg/kubelet/eviction/api/types.go
[gosec] 2026/02/05 18:17:46 Import directory: /tmp/blitzy/blitzy-kubernetes/blitzy5f91179c1/pkg/kubelet/apis/config/v1beta1
[gosec] 2026/02/05 18:17:46 Checking package: scheme
[gosec] 2026/02/05 18:17:46 Checking file: /tmp/blitzy/blitzy-kubernetes/blitzy5f91179c1/pkg/kubelet/apis/config/scheme/scheme.go
[gosec] 2026/02/05 18:17:46 Import directory: /tmp/blitzy/blitzy-kubernetes/blitzy5f91179c1/pkg/kubelet/apis/podresources/testing
[gosec] 2026/02/05 18:17:46 Checking package: testing
[gosec] 2026/02/05 18:17:46 Checking file: /tmp/blitzy/blitzy-kubernetes/blitzy5f91179c1/pkg/kubelet/container/testing/fake_cache.go
[gosec] 2026/02/05 18:17:46 Import directory: /tmp/blitzy/blitzy-kubernetes/blitzy5f91179c1/pkg/kubelet/cadvisor
[gosec] 2026/02/05 18:17:46 Checking file: /tmp/blitzy/blitzy-kubernetes/blitzy5f91179c1/pkg/kubelet/container/testing/fake_ready_provider.go
[gosec] 2026/02/05 18:17:46 Checking file: /tmp/blitzy/blitzy-kubernetes/blitzy5f91179c1/pkg/kubelet/container/testing/fake_runtime.go
[gosec] 2026/02/05 18:17:48 Checking file: /tmp/blitzy/blitzy-kubernetes/blitzy5f91179c1/pkg/kubelet/container/testing/fake_runtime_helper.go
[gosec] 2026/02/05 18:17:48 Checking file: /tmp/blitzy/blitzy-kubernetes/blitzy5f91179c1/pkg/kubelet/container/testing/mockdirentry.go
[gosec] 2026/02/05 18:17:49 Checking file: /tmp/blitzy/blitzy-kubernetes/blitzy5f91179c1/pkg/kubelet/container/testing/mocks.go
[gosec] 2026/02/05 18:17:52 Checking file: /tmp/blitzy/blitzy-kubernetes/blitzy5f91179c1/pkg/kubelet/container/testing/os.go
[gosec] 2026/02/05 18:17:52 Checking package: nodestatus
[gosec] 2026/02/05 18:17:52 Checking file: /tmp/blitzy/blitzy-kubernetes/blitzy5f91179c1/pkg/kubelet/nodestatus/setters.go
[gosec] 2026/02/05 18:17:52 Import directory: /tmp/blitzy/blitzy-kubernetes/blitzy5f91179c1/pkg/kubelet/server/metrics
[gosec] 2026/02/05 18:17:54 Checking package: fuzzer
[gosec] 2026/02/05 18:17:54 Checking file: /tmp/blitzy/blitzy-kubernetes/blitzy5f91179c1/pkg/kubelet/apis/config/fuzzer/fuzzer.go
[gosec] 2026/02/05 18:17:54 Import directory: /tmp/blitzy/blitzy-kubernetes/blitzy5f91179c1/pkg/kubelet/status
[gosec] 2026/02/05 18:17:54 Checking package: v1beta1
[gosec] 2026/02/05 18:17:54 Checking file: /tmp/blitzy/blitzy-kubernetes/blitzy5f91179c1/pkg/kubelet/cm/devicemanager/plugin/v1beta1/api.go
[gosec] 2026/02/05 18:17:54 Checking file: /tmp/blitzy/blitzy-kubernetes/blitzy5f91179c1/pkg/kubelet/cm/devicemanager/plugin/v1beta1/client.go
[gosec] 2026/02/05 18:17:54 Checking file: /tmp/blitzy/blitzy-kubernetes/blitzy5f91179c1/pkg/kubelet/cm/devicemanager/plugin/v1beta1/handler.go
[gosec] 2026/02/05 18:17:54 Checking file: /tmp/blitzy/blitzy-kubernetes/blitzy5f91179c1/pkg/kubelet/cm/devicemanager/plugin/v1beta1/server.go
[gosec] 2026/02/05 18:17:55 Checking file: /tmp/blitzy/blitzy-kubernetes/blitzy5f91179c1/pkg/kubelet/cm/devicemanager/plugin/v1beta1/stub.go
[gosec] 2026/02/05 18:17:56 Checking package: cm
[gosec] 2026/02/05 18:17:56 Checking file: /tmp/blitzy/blitzy-kubernetes/blitzy5f91179c1/pkg/kubelet/cm/cgroup_manager_linux.go
[gosec] 2026/02/05 18:17:57 Checking file: /tmp/blitzy/blitzy-kubernetes/blitzy5f91179c1/pkg/kubelet/cm/cgroup_v1_manager_linux.go
[gosec] 2026/02/05 18:17:57 Checking file: /tmp/blitzy/blitzy-kubernetes/blitzy5f91179c1/pkg/kubelet/cm/cgroup_v2_manager_linux.go
[gosec] 2026/02/05 18:17:58 Checking file: /tmp/blitzy/blitzy-kubernetes/blitzy5f91179c1/pkg/kubelet/cm/container_manager.go
[gosec] 2026/02/05 18:17:58 Checking file: /tmp/blitzy/blitzy-kubernetes/blitzy5f91179c1/pkg/kubelet/cm/container_manager_linux.go
[gosec] 2026/02/05 18:18:01 Checking file: /tmp/blitzy/blitzy-kubernetes/blitzy5f91179c1/pkg/kubelet/cm/container_manager_stub.go
[gosec] 2026/02/05 18:18:02 Checking file: /tmp/blitzy/blitzy-kubernetes/blitzy5f91179c1/pkg/kubelet/cm/doc.go
[gosec] 2026/02/05 18:18:02 Checking file: /tmp/blitzy/blitzy-kubernetes/blitzy5f91179c1/pkg/kubelet/cm/fake_container_manager.go
[gosec] 2026/02/05 18:18:03 Checking file: /tmp/blitzy/blitzy-kubernetes/blitzy5f91179c1/pkg/kubelet/cm/fake_internal_container_lifecycle.go
[gosec] 2026/02/05 18:18:03 Checking file: /tmp/blitzy/blitzy-kubernetes/blitzy5f91179c1/pkg/kubelet/cm/fake_pod_container_manager.go
[gosec] 2026/02/05 18:18:03 Checking file: /tmp/blitzy/blitzy-kubernetes/blitzy5f91179c1/pkg/kubelet/cm/helpers.go
[gosec] 2026/02/05 18:18:03 Checking file: /tmp/blitzy/blitzy-kubernetes/blitzy5f91179c1/pkg/kubelet/cm/helpers_linux.go
[gosec] 2026/02/05 18:18:04 Checking file: /tmp/blitzy/blitzy-kubernetes/blitzy5f91179c1/pkg/kubelet/cm/internal_container_lifecycle.go
[gosec] 2026/02/05 18:18:04 Checking file: /tmp/blitzy/blitzy-kubernetes/blitzy5f91179c1/pkg/kubelet/cm/internal_container_lifecycle_linux.go
[gosec] 2026/02/05 18:18:04 Checking file: /tmp/blitzy/blitzy-kubernetes/blitzy5f91179c1/pkg/kubelet/cm/node_container_manager_linux.go
[gosec] 2026/02/05 18:18:05 Checking file: /tmp/blitzy/blitzy-kubernetes/blitzy5f91179c1/pkg/kubelet/cm/pod_container_manager_linux.go
[gosec] 2026/02/05 18:18:06 Checking file: /tmp/blitzy/blitzy-kubernetes/blitzy5f91179c1/pkg/kubelet/cm/pod_container_manager_stub.go
[gosec] 2026/02/05 18:18:06 Checking file: /tmp/blitzy/blitzy-kubernetes/blitzy5f91179c1/pkg/kubelet/cm/qos_container_manager_linux.go
[gosec] 2026/02/05 18:18:07 Checking file: /tmp/blitzy/blitzy-kubernetes/blitzy5f91179c1/pkg/kubelet/cm/types.go
[gosec] 2026/02/05 18:18:07 Checking package: codec
[gosec] 2026/02/05 18:18:07 Checking file: /tmp/blitzy/blitzy-kubernetes/blitzy5f91179c1/pkg/kubelet/kubeletconfig/util/codec/codec.go
[gosec] 2026/02/05 18:18:07 Checking package: testing
[gosec] 2026/02/05 18:18:07 Checking file: /tmp/blitzy/blitzy-kubernetes/blitzy5f91179c1/pkg/kubelet/apis/podresources/testing/mocks.go
[gosec] 2026/02/05 18:18:09 Checking package: cadvisor
[gosec] 2026/02/05 18:18:09 Checking file: /tmp/blitzy/blitzy-kubernetes/blitzy5f91179c1/pkg/kubelet/cadvisor/cadvisor_linux.go
[gosec] 2026/02/05 18:18:09 Checking file: /tmp/blitzy/blitzy-kubernetes/blitzy5f91179c1/pkg/kubelet/cadvisor/doc.go
[gosec] 2026/02/05 18:18:09 Checking file: /tmp/blitzy/blitzy-kubernetes/blitzy5f91179c1/pkg/kubelet/cadvisor/helpers_linux.go
[gosec] 2026/02/05 18:18:09 Checking file: /tmp/blitzy/blitzy-kubernetes/blitzy5f91179c1/pkg/kubelet/cadvisor/types.go
[gosec] 2026/02/05 18:18:09 Checking file: /tmp/blitzy/blitzy-kubernetes/blitzy5f91179c1/pkg/kubelet/cadvisor/util.go
[gosec] 2026/02/05 18:18:09 Checking package: v1beta1
[gosec] 2026/02/05 18:18:09 Checking file: /tmp/blitzy/blitzy-kubernetes/blitzy5f91179c1/pkg/kubelet/apis/config/v1beta1/conversion.go
[gosec] 2026/02/05 18:18:09 Checking file: /tmp/blitzy/blitzy-kubernetes/blitzy5f91179c1/pkg/kubelet/apis/config/v1beta1/defaults.go
[gosec] 2026/02/05 18:18:09 Checking file: /tmp/blitzy/blitzy-kubernetes/blitzy5f91179c1/pkg/kubelet/apis/config/v1beta1/doc.go
[gosec] 2026/02/05 18:18:09 Checking file: /tmp/blitzy/blitzy-kubernetes/blitzy5f91179c1/pkg/kubelet/apis/config/v1beta1/register.go
[gosec] 2026/02/05 18:18:09 Checking file: /tmp/blitzy/blitzy-kubernetes/blitzy5f91179c1/pkg/kubelet/apis/config/v1beta1/zz_generated.conversion.go
[gosec] 2026/02/05 18:18:18 Checking file: /tmp/blitzy/blitzy-kubernetes/blitzy5f91179c1/pkg/kubelet/apis/config/v1beta1/zz_generated.deepcopy.go
[gosec] 2026/02/05 18:18:18 Checking file: /tmp/blitzy/blitzy-kubernetes/blitzy5f91179c1/pkg/kubelet/apis/config/v1beta1/zz_generated.defaults.go
[gosec] 2026/02/05 18:18:18 Checking package: metrics
[gosec] 2026/02/05 18:18:18 Checking file: /tmp/blitzy/blitzy-kubernetes/blitzy5f91179c1/pkg/kubelet/server/metrics/metrics.go
[gosec] 2026/02/05 18:18:18 Checking package: status
[gosec] 2026/02/05 18:18:18 Checking file: /tmp/blitzy/blitzy-kubernetes/blitzy5f91179c1/pkg/kubelet/status/generate.go
[gosec] 2026/02/05 18:18:19 Checking file: /tmp/blitzy/blitzy-kubernetes/blitzy5f91179c1/pkg/kubelet/status/status_manager.go
