[gosec] 2026/02/05 17:56:48 Including rules: default
[gosec] 2026/02/05 17:56:48 Excluding rules: G104
[gosec] 2026/02/05 17:56:48 Including analyzers: default
[gosec] 2026/02/05 17:56:48 Excluding analyzers: G104
[gosec] 2026/02/05 17:56:48 Import directory: /tmp/blitzy/blitzy-kubernetes/blitzy5f91179c1/staging/src/k8s.io/apimachinery/pkg/util/diff
[gosec] 2026/02/05 17:56:48 Import directory: /tmp/blitzy/blitzy-kubernetes/blitzy5f91179c1/staging/src/k8s.io/apimachinery/pkg/util/portforward
[gosec] 2026/02/05 17:56:48 Import directory: /tmp/blitzy/blitzy-kubernetes/blitzy5f91179c1/staging/src/k8s.io/apimachinery/pkg/types
[gosec] 2026/02/05 17:56:48 Import directory: /tmp/blitzy/blitzy-kubernetes/blitzy5f91179c1/staging/src/k8s.io/apimachinery/pkg/util/managedfields/managedfieldstest
[gosec] 2026/02/05 17:56:48 Import directory: /tmp/blitzy/blitzy-kubernetes/blitzy5f91179c1/staging/src/k8s.io/apimachinery/pkg/util/remotecommand
[gosec] 2026/02/05 17:56:48 Import directory: /tmp/blitzy/blitzy-kubernetes/blitzy5f91179c1/staging/src/k8s.io/apimachinery/pkg/util/strategicpatch/testing
[gosec] 2026/02/05 17:56:48 Import directory: /tmp/blitzy/blitzy-kubernetes/blitzy5f91179c1/staging/src/k8s.io/apimachinery/pkg/util/version
[gosec] 2026/02/05 17:56:48 Import directory: /tmp/blitzy/blitzy-kubernetes/blitzy5f91179c1/staging/src/k8s.io/apimachinery/pkg/api/apitesting/fuzzer
[gosec] 2026/02/05 17:56:48 Import directory: /tmp/blitzy/blitzy-kubernetes/blitzy5f91179c1/staging/src/k8s.io/apimachinery/pkg/api/validate/content
[gosec] 2026/02/05 17:56:48 Checking package: portforward
[gosec] 2026/02/05 17:56:48 Checking file: /tmp/blitzy/blitzy-kubernetes/blitzy5f91179c1/staging/src/k8s.io/apimachinery/pkg/util/portforward/constants.go
[gosec] 2026/02/05 17:56:48 Import directory: /tmp/blitzy/blitzy-kubernetes/blitzy5f91179c1/staging/src/k8s.io/apimachinery/pkg/runtime/serializer/recognizer/testing
[gosec] 2026/02/05 17:56:48 Checking package: types
[gosec] 2026/02/05 17:56:48 Checking file: /tmp/blitzy/blitzy-kubernetes/blitzy5f91179c1/staging/src/k8s.io/apimachinery/pkg/types/doc.go
[gosec] 2026/02/05 17:56:48 Checking file: /tmp/blitzy/blitzy-kubernetes/blitzy5f91179c1/staging/src/k8s.io/apimachinery/pkg/types/namespacedname.go
[gosec] 2026/02/05 17:56:48 Checking file: /tmp/blitzy/blitzy-kubernetes/blitzy5f91179c1/staging/src/k8s.io/apimachinery/pkg/types/nodename.go
[gosec] 2026/02/05 17:56:48 Checking file: /tmp/blitzy/blitzy-kubernetes/blitzy5f91179c1/staging/src/k8s.io/apimachinery/pkg/types/patch.go
[gosec] 2026/02/05 17:56:48 Checking file: /tmp/blitzy/blitzy-kubernetes/blitzy5f91179c1/staging/src/k8s.io/apimachinery/pkg/types/uid.go
[gosec] 2026/02/05 17:56:48 Import directory: /tmp/blitzy/blitzy-kubernetes/blitzy5f91179c1/staging/src/k8s.io/apimachinery/pkg/runtime/serializer/yaml
[gosec] 2026/02/05 17:56:48 Checking package: diff
[gosec] 2026/02/05 17:56:48 Checking file: /tmp/blitzy/blitzy-kubernetes/blitzy5f91179c1/staging/src/k8s.io/apimachinery/pkg/util/diff/diff.go
[gosec] 2026/02/05 17:56:48 Import directory: /tmp/blitzy/blitzy-kubernetes/blitzy5f91179c1/staging/src/k8s.io/apimachinery/pkg/runtime/testing
[gosec] 2026/02/05 17:56:49 Checking file: /tmp/blitzy/blitzy-kubernetes/blitzy5f91179c1/staging/src/k8s.io/apimachinery/pkg/util/diff/legacy_diff.go
[gosec] 2026/02/05 17:56:49 Checking package: version
[gosec] 2026/02/05 17:56:49 Checking file: /tmp/blitzy/blitzy-kubernetes/blitzy5f91179c1/staging/src/k8s.io/apimachinery/pkg/util/version/doc.go
[gosec] 2026/02/05 17:56:49 Import directory: /tmp/blitzy/blitzy-kubernetes/blitzy5f91179c1/staging/src/k8s.io/apimachinery/pkg/util/runtime
[gosec] 2026/02/05 17:56:49 Checking file: /tmp/blitzy/blitzy-kubernetes/blitzy5f91179c1/staging/src/k8s.io/apimachinery/pkg/util/version/version.go
[gosec] 2026/02/05 17:56:50 Checking package: content
[gosec] 2026/02/05 17:56:50 Checking file: /tmp/blitzy/blitzy-kubernetes/blitzy5f91179c1/staging/src/k8s.io/apimachinery/pkg/api/validate/content/decimal_int.go
[gosec] 2026/02/05 17:56:50 Import directory: /tmp/blitzy/blitzy-kubernetes/blitzy5f91179c1/staging/src/k8s.io/apimachinery/third_party/forked/golang/reflect
[gosec] 2026/02/05 17:56:51 Checking file: /tmp/blitzy/blitzy-kubernetes/blitzy5f91179c1/staging/src/k8s.io/apimachinery/pkg/api/validate/content/dns.go
[gosec] 2026/02/05 17:56:51 Checking file: /tmp/blitzy/blitzy-kubernetes/blitzy5f91179c1/staging/src/k8s.io/apimachinery/pkg/api/validate/content/errors.go
[gosec] 2026/02/05 17:56:51 Checking file: /tmp/blitzy/blitzy-kubernetes/blitzy5f91179c1/staging/src/k8s.io/apimachinery/pkg/api/validate/content/identifier.go
[gosec] 2026/02/05 17:56:51 Checking file: /tmp/blitzy/blitzy-kubernetes/blitzy5f91179c1/staging/src/k8s.io/apimachinery/pkg/api/validate/content/kube.go
[gosec] 2026/02/05 17:56:51 Checking package: remotecommand
[gosec] 2026/02/05 17:56:51 Checking file: /tmp/blitzy/blitzy-kubernetes/blitzy5f91179c1/staging/src/k8s.io/apimachinery/pkg/util/remotecommand/constants.go
[gosec] 2026/02/05 17:56:51 Import directory: /tmp/blitzy/blitzy-kubernetes/blitzy5f91179c1/staging/src/k8s.io/apimachinery/pkg/apis/meta/v1beta1/validation
[gosec] 2026/02/05 17:56:51 Checking package: yaml
[gosec] 2026/02/05 17:56:51 Checking file: /tmp/blitzy/blitzy-kubernetes/blitzy5f91179c1/staging/src/k8s.io/apimachinery/pkg/runtime/serializer/yaml/meta.go
[gosec] 2026/02/05 17:56:51 Import directory: /tmp/blitzy/blitzy-kubernetes/blitzy5f91179c1/staging/src/k8s.io/apimachinery/pkg/fields
[gosec] 2026/02/05 17:56:51 Checking file: /tmp/blitzy/blitzy-kubernetes/blitzy5f91179c1/staging/src/k8s.io/apimachinery/pkg/runtime/serializer/yaml/yaml.go
[gosec] 2026/02/05 17:56:51 Checking package: fuzzer
[gosec] 2026/02/05 17:56:51 Checking file: /tmp/blitzy/blitzy-kubernetes/blitzy5f91179c1/staging/src/k8s.io/apimachinery/pkg/api/apitesting/fuzzer/fuzzer.go
[gosec] 2026/02/05 17:56:51 Import directory: /tmp/blitzy/blitzy-kubernetes/blitzy5f91179c1/staging/src/k8s.io/apimachinery/pkg/labels
[gosec] 2026/02/05 17:56:51 Checking file: /tmp/blitzy/blitzy-kubernetes/blitzy5f91179c1/staging/src/k8s.io/apimachinery/pkg/api/apitesting/fuzzer/valuefuzz.go
[gosec] 2026/02/05 17:56:51 Checking package: testing
[gosec] 2026/02/05 17:56:51 Checking file: /tmp/blitzy/blitzy-kubernetes/blitzy5f91179c1/staging/src/k8s.io/apimachinery/pkg/util/strategicpatch/testing/openapi.go
[gosec] 2026/02/05 17:56:51 Import directory: /tmp/blitzy/blitzy-kubernetes/blitzy5f91179c1/staging/src/k8s.io/apimachinery/pkg/selection
[gosec] 2026/02/05 17:56:51 Checking file: /tmp/blitzy/blitzy-kubernetes/blitzy5f91179c1/staging/src/k8s.io/apimachinery/pkg/util/strategicpatch/testing/openapi3.go
[gosec] 2026/02/05 17:56:51 Checking package: managedfieldstest
[gosec] 2026/02/05 17:56:51 Checking file: /tmp/blitzy/blitzy-kubernetes/blitzy5f91179c1/staging/src/k8s.io/apimachinery/pkg/util/managedfields/managedfieldstest/testfieldmanager.go
[gosec] 2026/02/05 17:56:51 Import directory: /tmp/blitzy/blitzy-kubernetes/blitzy5f91179c1/staging/src/k8s.io/apimachinery/pkg/util/errors
[gosec] 2026/02/05 17:56:52 Checking package: testing
[gosec] 2026/02/05 17:56:52 Checking file: /tmp/blitzy/blitzy-kubernetes/blitzy5f91179c1/staging/src/k8s.io/apimachinery/pkg/runtime/testing/cacheable_object.go
[gosec] 2026/02/05 17:56:52 Import directory: /tmp/blitzy/blitzy-kubernetes/blitzy5f91179c1/staging/src/k8s.io/apimachinery/pkg/util/jsonmergepatch
[gosec] 2026/02/05 17:56:52 Checking file: /tmp/blitzy/blitzy-kubernetes/blitzy5f91179c1/staging/src/k8s.io/apimachinery/pkg/runtime/testing/conversion.go
[gosec] 2026/02/05 17:56:53 Checking file: /tmp/blitzy/blitzy-kubernetes/blitzy5f91179c1/staging/src/k8s.io/apimachinery/pkg/runtime/testing/doc.go
[gosec] 2026/02/05 17:56:53 Checking file: /tmp/blitzy/blitzy-kubernetes/blitzy5f91179c1/staging/src/k8s.io/apimachinery/pkg/runtime/testing/types.go
[gosec] 2026/02/05 17:56:54 Checking file: /tmp/blitzy/blitzy-kubernetes/blitzy5f91179c1/staging/src/k8s.io/apimachinery/pkg/runtime/testing/validation.go
[gosec] 2026/02/05 17:56:54 Checking file: /tmp/blitzy/blitzy-kubernetes/blitzy5f91179c1/staging/src/k8s.io/apimachinery/pkg/runtime/testing/zz_generated.deepcopy.go
[gosec] 2026/02/05 17:56:56 Checking package: runtime
[gosec] 2026/02/05 17:56:56 Checking file: /tmp/blitzy/blitzy-kubernetes/blitzy5f91179c1/staging/src/k8s.io/apimachinery/pkg/util/runtime/runtime.go
[gosec] 2026/02/05 17:56:56 Import directory: /tmp/blitzy/blitzy-kubernetes/blitzy5f91179c1/staging/src/k8s.io/apimachinery/pkg/util/strategicpatch
[gosec] 2026/02/05 17:56:57 Checking package: reflect
[gosec] 2026/02/05 17:56:57 Checking file: /tmp/blitzy/blitzy-kubernetes/blitzy5f91179c1/staging/src/k8s.io/apimachinery/third_party/forked/golang/reflect/deep_equal.go
[gosec] 2026/02/05 17:56:57 Import directory: /tmp/blitzy/blitzy-kubernetes/blitzy5f91179c1/staging/src/k8s.io/apimachinery/pkg/runtime/serializer/recognizer
[gosec] 2026/02/05 17:56:58 Checking package: fields
[gosec] 2026/02/05 17:56:58 Checking file: /tmp/blitzy/blitzy-kubernetes/blitzy5f91179c1/staging/src/k8s.io/apimachinery/pkg/fields/doc.go
[gosec] 2026/02/05 17:56:58 Import directory: /tmp/blitzy/blitzy-kubernetes/blitzy5f91179c1/staging/src/k8s.io/apimachinery/pkg/api/validation
[gosec] 2026/02/05 17:56:58 Checking file: /tmp/blitzy/blitzy-kubernetes/blitzy5f91179c1/staging/src/k8s.io/apimachinery/pkg/fields/fields.go
[gosec] 2026/02/05 17:56:58 Checking file: /tmp/blitzy/blitzy-kubernetes/blitzy5f91179c1/staging/src/k8s.io/apimachinery/pkg/fields/requirements.go
[gosec] 2026/02/05 17:56:58 Checking file: /tmp/blitzy/blitzy-kubernetes/blitzy5f91179c1/staging/src/k8s.io/apimachinery/pkg/fields/selector.go
[gosec] 2026/02/05 17:57:00 Checking package: validation
[gosec] 2026/02/05 17:57:00 Checking file: /tmp/blitzy/blitzy-kubernetes/blitzy5f91179c1/staging/src/k8s.io/apimachinery/pkg/apis/meta/v1beta1/validation/validation.go
[gosec] 2026/02/05 17:57:00 Import directory: /tmp/blitzy/blitzy-kubernetes/blitzy5f91179c1/staging/src/k8s.io/apimachinery/pkg/apis/meta/fuzzer
[gosec] 2026/02/05 17:57:00 Checking package: selection
[gosec] 2026/02/05 17:57:00 Checking file: /tmp/blitzy/blitzy-kubernetes/blitzy5f91179c1/staging/src/k8s.io/apimachinery/pkg/selection/operator.go
[gosec] 2026/02/05 17:57:00 Import directory: /tmp/blitzy/blitzy-kubernetes/blitzy5f91179c1/staging/src/k8s.io/apimachinery/pkg/conversion/queryparams
[gosec] 2026/02/05 17:57:00 Checking package: labels
[gosec] 2026/02/05 17:57:00 Checking file: /tmp/blitzy/blitzy-kubernetes/blitzy5f91179c1/staging/src/k8s.io/apimachinery/pkg/labels/doc.go
[gosec] 2026/02/05 17:57:00 Checking file: /tmp/blitzy/blitzy-kubernetes/blitzy5f91179c1/staging/src/k8s.io/apimachinery/pkg/labels/labels.go
[gosec] 2026/02/05 17:57:00 Import directory: /tmp/blitzy/blitzy-kubernetes/blitzy5f91179c1/staging/src/k8s.io/apimachinery/pkg/runtime/serializer/cbor/direct
[gosec] 2026/02/05 17:57:01 Checking file: /tmp/blitzy/blitzy-kubernetes/blitzy5f91179c1/staging/src/k8s.io/apimachinery/pkg/labels/selector.go
[gosec] 2026/02/05 17:57:03 Checking file: /tmp/blitzy/blitzy-kubernetes/blitzy5f91179c1/staging/src/k8s.io/apimachinery/pkg/labels/zz_generated.deepcopy.go
[gosec] 2026/02/05 17:57:03 Checking package: errors
[gosec] 2026/02/05 17:57:03 Checking file: /tmp/blitzy/blitzy-kubernetes/blitzy5f91179c1/staging/src/k8s.io/apimachinery/pkg/util/errors/doc.go
[gosec] 2026/02/05 17:57:03 Checking file: /tmp/blitzy/blitzy-kubernetes/blitzy5f91179c1/staging/src/k8s.io/apimachinery/pkg/util/errors/errors.go
[gosec] 2026/02/05 17:57:03 Import directory: /tmp/blitzy/blitzy-kubernetes/blitzy5f91179c1/staging/src/k8s.io/apimachinery/pkg/util/intstr
[gosec] 2026/02/05 17:57:04 Checking package: jsonmergepatch
[gosec] 2026/02/05 17:57:04 Checking file: /tmp/blitzy/blitzy-kubernetes/blitzy5f91179c1/staging/src/k8s.io/apimachinery/pkg/util/jsonmergepatch/patch.go
[gosec] 2026/02/05 17:57:04 Import directory: /tmp/blitzy/blitzy-kubernetes/blitzy5f91179c1/staging/src/k8s.io/apimachinery/pkg/util/waitgroup
[gosec] 2026/02/05 17:57:04 Checking package: recognizer
[gosec] 2026/02/05 17:57:04 Checking file: /tmp/blitzy/blitzy-kubernetes/blitzy5f91179c1/staging/src/k8s.io/apimachinery/pkg/runtime/serializer/recognizer/recognizer.go
[gosec] 2026/02/05 17:57:04 Import directory: /tmp/blitzy/blitzy-kubernetes/blitzy5f91179c1/staging/src/k8s.io/apimachinery/pkg/api/validate/constraints
[gosec] 2026/02/05 17:57:05 Checking package: strategicpatch
[gosec] 2026/02/05 17:57:05 Checking file: /tmp/blitzy/blitzy-kubernetes/blitzy5f91179c1/staging/src/k8s.io/apimachinery/pkg/util/strategicpatch/errors.go
[gosec] 2026/02/05 17:57:05 Import directory: /tmp/blitzy/blitzy-kubernetes/blitzy5f91179c1/staging/src/k8s.io/apimachinery/pkg/runtime/serializer
[gosec] 2026/02/05 17:57:05 Checking file: /tmp/blitzy/blitzy-kubernetes/blitzy5f91179c1/staging/src/k8s.io/apimachinery/pkg/util/strategicpatch/meta.go
[gosec] 2026/02/05 17:57:05 Checking file: /tmp/blitzy/blitzy-kubernetes/blitzy5f91179c1/staging/src/k8s.io/apimachinery/pkg/util/strategicpatch/patch.go
[gosec] 2026/02/05 17:57:13 Checking file: /tmp/blitzy/blitzy-kubernetes/blitzy5f91179c1/staging/src/k8s.io/apimachinery/pkg/util/strategicpatch/types.go
[gosec] 2026/02/05 17:57:13 Checking package: validation
[gosec] 2026/02/05 17:57:13 Checking file: /tmp/blitzy/blitzy-kubernetes/blitzy5f91179c1/staging/src/k8s.io/apimachinery/pkg/api/validation/doc.go
[gosec] 2026/02/05 17:57:13 Checking file: /tmp/blitzy/blitzy-kubernetes/blitzy5f91179c1/staging/src/k8s.io/apimachinery/pkg/api/validation/generic.go
[gosec] 2026/02/05 17:57:13 Import directory: /tmp/blitzy/blitzy-kubernetes/blitzy5f91179c1/staging/src/k8s.io/apimachinery/pkg/util/naming
[gosec] 2026/02/05 17:57:13 Checking file: /tmp/blitzy/blitzy-kubernetes/blitzy5f91179c1/staging/src/k8s.io/apimachinery/pkg/api/validation/objectmeta.go
[gosec] 2026/02/05 17:57:14 Checking package: direct
[gosec] 2026/02/05 17:57:14 Checking file: /tmp/blitzy/blitzy-kubernetes/blitzy5f91179c1/staging/src/k8s.io/apimachinery/pkg/runtime/serializer/cbor/direct/direct.go
[gosec] 2026/02/05 17:57:14 Import directory: /tmp/blitzy/blitzy-kubernetes/blitzy5f91179c1/staging/src/k8s.io/apimachinery/pkg/util/proxy
[gosec] 2026/02/05 17:57:14 Checking package: queryparams
[gosec] 2026/02/05 17:57:14 Checking file: /tmp/blitzy/blitzy-kubernetes/blitzy5f91179c1/staging/src/k8s.io/apimachinery/pkg/conversion/queryparams/convert.go
[gosec] 2026/02/05 17:57:14 Import directory: /tmp/blitzy/blitzy-kubernetes/blitzy5f91179c1/staging/src/k8s.io/apimachinery/third_party/forked/golang/json
[gosec] 2026/02/05 17:57:14 Checking file: /tmp/blitzy/blitzy-kubernetes/blitzy5f91179c1/staging/src/k8s.io/apimachinery/pkg/conversion/queryparams/doc.go
[gosec] 2026/02/05 17:57:14 Checking package: fuzzer
[gosec] 2026/02/05 17:57:14 Checking file: /tmp/blitzy/blitzy-kubernetes/blitzy5f91179c1/staging/src/k8s.io/apimachinery/pkg/apis/meta/fuzzer/fuzzer.go
[gosec] 2026/02/05 17:57:14 Import directory: /tmp/blitzy/blitzy-kubernetes/blitzy5f91179c1/staging/src/k8s.io/apimachinery/pkg/runtime
[gosec] 2026/02/05 17:57:15 Checking package: intstr
[gosec] 2026/02/05 17:57:15 Checking file: /tmp/blitzy/blitzy-kubernetes/blitzy5f91179c1/staging/src/k8s.io/apimachinery/pkg/util/intstr/generated.pb.go
[gosec] 2026/02/05 17:57:15 Import directory: /tmp/blitzy/blitzy-kubernetes/blitzy5f91179c1/staging/src/k8s.io/apimachinery/pkg/runtime/serializer/protobuf
[gosec] 2026/02/05 17:57:15 Checking file: /tmp/blitzy/blitzy-kubernetes/blitzy5f91179c1/staging/src/k8s.io/apimachinery/pkg/util/intstr/instr_fuzz.go
[gosec] 2026/02/05 17:57:15 Checking file: /tmp/blitzy/blitzy-kubernetes/blitzy5f91179c1/staging/src/k8s.io/apimachinery/pkg/util/intstr/intstr.go
[gosec] 2026/02/05 17:57:16 Checking file: /tmp/blitzy/blitzy-kubernetes/blitzy5f91179c1/staging/src/k8s.io/apimachinery/pkg/util/intstr/zz_generated.model_name.go
[gosec] 2026/02/05 17:57:16 Checking package: waitgroup
[gosec] 2026/02/05 17:57:16 Checking file: /tmp/blitzy/blitzy-kubernetes/blitzy5f91179c1/staging/src/k8s.io/apimachinery/pkg/util/waitgroup/doc.go
[gosec] 2026/02/05 17:57:16 Import directory: /tmp/blitzy/blitzy-kubernetes/blitzy5f91179c1/staging/src/k8s.io/apimachinery/pkg/util/httpstream
[gosec] 2026/02/05 17:57:16 Checking file: /tmp/blitzy/blitzy-kubernetes/blitzy5f91179c1/staging/src/k8s.io/apimachinery/pkg/util/waitgroup/ratelimited_waitgroup.go
[gosec] 2026/02/05 17:57:16 Checking file: /tmp/blitzy/blitzy-kubernetes/blitzy5f91179c1/staging/src/k8s.io/apimachinery/pkg/util/waitgroup/waitgroup.go
[gosec] 2026/02/05 17:57:16 Checking package: constraints
[gosec] 2026/02/05 17:57:16 Checking file: /tmp/blitzy/blitzy-kubernetes/blitzy5f91179c1/staging/src/k8s.io/apimachinery/pkg/api/validate/constraints/constraints.go
[gosec] 2026/02/05 17:57:16 Import directory: /tmp/blitzy/blitzy-kubernetes/blitzy5f91179c1/staging/src/k8s.io/apimachinery/pkg/util/httpstream/wsstream
[gosec] 2026/02/05 17:57:17 Checking package: serializer
[gosec] 2026/02/05 17:57:17 Checking file: /tmp/blitzy/blitzy-kubernetes/blitzy5f91179c1/staging/src/k8s.io/apimachinery/pkg/runtime/serializer/codec_factory.go
[gosec] 2026/02/05 17:57:17 Import directory: /tmp/blitzy/blitzy-kubernetes/blitzy5f91179c1/staging/src/k8s.io/apimachinery/pkg/watch
[gosec] 2026/02/05 17:57:17 Checking file: /tmp/blitzy/blitzy-kubernetes/blitzy5f91179c1/staging/src/k8s.io/apimachinery/pkg/runtime/serializer/negotiated_codec.go
[gosec] 2026/02/05 17:57:17 Checking package: naming
[gosec] 2026/02/05 17:57:17 Checking file: /tmp/blitzy/blitzy-kubernetes/blitzy5f91179c1/staging/src/k8s.io/apimachinery/pkg/util/naming/from_stack.go
[gosec] 2026/02/05 17:57:17 Import directory: /tmp/blitzy/blitzy-kubernetes/blitzy5f91179c1/staging/src/k8s.io/apimachinery/pkg/api/errors
[gosec] 2026/02/05 17:57:17 Checking package: json
[gosec] 2026/02/05 17:57:17 Checking file: /tmp/blitzy/blitzy-kubernetes/blitzy5f91179c1/staging/src/k8s.io/apimachinery/third_party/forked/golang/json/fields.go
[gosec] 2026/02/05 17:57:17 Import directory: /tmp/blitzy/blitzy-kubernetes/blitzy5f91179c1/staging/src/k8s.io/apimachinery/pkg/api/validate
[gosec] 2026/02/05 17:57:18 Checking package: proxy
[gosec] 2026/02/05 17:57:18 Checking file: /tmp/blitzy/blitzy-kubernetes/blitzy5f91179c1/staging/src/k8s.io/apimachinery/pkg/util/proxy/dial.go
[gosec] 2026/02/05 17:57:18 Import directory: /tmp/blitzy/blitzy-kubernetes/blitzy5f91179c1/staging/src/k8s.io/apimachinery/pkg/apis/asn1
[gosec] 2026/02/05 17:57:19 Checking file: /tmp/blitzy/blitzy-kubernetes/blitzy5f91179c1/staging/src/k8s.io/apimachinery/pkg/util/proxy/doc.go
[gosec] 2026/02/05 17:57:19 Checking file: /tmp/blitzy/blitzy-kubernetes/blitzy5f91179c1/staging/src/k8s.io/apimachinery/pkg/util/proxy/transport.go
[gosec] 2026/02/05 17:57:19 Checking file: /tmp/blitzy/blitzy-kubernetes/blitzy5f91179c1/staging/src/k8s.io/apimachinery/pkg/util/proxy/upgradeaware.go
[gosec] 2026/02/05 17:57:20 Checking package: runtime
[gosec] 2026/02/05 17:57:20 Checking file: /tmp/blitzy/blitzy-kubernetes/blitzy5f91179c1/staging/src/k8s.io/apimachinery/pkg/runtime/allocator.go
[gosec] 2026/02/05 17:57:20 Import directory: /tmp/blitzy/blitzy-kubernetes/blitzy5f91179c1/staging/src/k8s.io/apimachinery/pkg/util/json
[gosec] 2026/02/05 17:57:20 Checking file: /tmp/blitzy/blitzy-kubernetes/blitzy5f91179c1/staging/src/k8s.io/apimachinery/pkg/runtime/codec.go
[gosec] 2026/02/05 17:57:21 Checking file: /tmp/blitzy/blitzy-kubernetes/blitzy5f91179c1/staging/src/k8s.io/apimachinery/pkg/runtime/codec_check.go
[gosec] 2026/02/05 17:57:21 Checking file: /tmp/blitzy/blitzy-kubernetes/blitzy5f91179c1/staging/src/k8s.io/apimachinery/pkg/runtime/conversion.go
[gosec] 2026/02/05 17:57:22 Checking file: /tmp/blitzy/blitzy-kubernetes/blitzy5f91179c1/staging/src/k8s.io/apimachinery/pkg/runtime/converter.go
[gosec] 2026/02/05 17:57:25 Checking file: /tmp/blitzy/blitzy-kubernetes/blitzy5f91179c1/staging/src/k8s.io/apimachinery/pkg/runtime/doc.go
[gosec] 2026/02/05 17:57:25 Checking file: /tmp/blitzy/blitzy-kubernetes/blitzy5f91179c1/staging/src/k8s.io/apimachinery/pkg/runtime/embedded.go
[gosec] 2026/02/05 17:57:25 Checking file: /tmp/blitzy/blitzy-kubernetes/blitzy5f91179c1/staging/src/k8s.io/apimachinery/pkg/runtime/error.go
[gosec] 2026/02/05 17:57:26 Checking file: /tmp/blitzy/blitzy-kubernetes/blitzy5f91179c1/staging/src/k8s.io/apimachinery/pkg/runtime/extension.go
[gosec] 2026/02/05 17:57:26 Checking file: /tmp/blitzy/blitzy-kubernetes/blitzy5f91179c1/staging/src/k8s.io/apimachinery/pkg/runtime/generated.pb.go
[gosec] 2026/02/05 17:57:28 Checking file: /tmp/blitzy/blitzy-kubernetes/blitzy5f91179c1/staging/src/k8s.io/apimachinery/pkg/runtime/helper.go
[gosec] 2026/02/05 17:57:29 Checking file: /tmp/blitzy/blitzy-kubernetes/blitzy5f91179c1/staging/src/k8s.io/apimachinery/pkg/runtime/interfaces.go
[gosec] 2026/02/05 17:57:29 Checking file: /tmp/blitzy/blitzy-kubernetes/blitzy5f91179c1/staging/src/k8s.io/apimachinery/pkg/runtime/mapper.go
[gosec] 2026/02/05 17:57:29 Checking file: /tmp/blitzy/blitzy-kubernetes/blitzy5f91179c1/staging/src/k8s.io/apimachinery/pkg/runtime/negotiate.go
[gosec] 2026/02/05 17:57:29 Checking file: /tmp/blitzy/blitzy-kubernetes/blitzy5f91179c1/staging/src/k8s.io/apimachinery/pkg/runtime/register.go
[gosec] 2026/02/05 17:57:29 Checking file: /tmp/blitzy/blitzy-kubernetes/blitzy5f91179c1/staging/src/k8s.io/apimachinery/pkg/runtime/scheme.go
[gosec] 2026/02/05 17:57:31 Checking file: /tmp/blitzy/blitzy-kubernetes/blitzy5f91179c1/staging/src/k8s.io/apimachinery/pkg/runtime/scheme_builder.go
[gosec] 2026/02/05 17:57:32 Checking file: /tmp/blitzy/blitzy-kubernetes/blitzy5f91179c1/staging/src/k8s.io/apimachinery/pkg/runtime/splice.go
[gosec] 2026/02/05 17:57:32 Checking file: /tmp/blitzy/blitzy-kubernetes/blitzy5f91179c1/staging/src/k8s.io/apimachinery/pkg/runtime/swagger_doc_generator.go
[gosec] 2026/02/05 17:57:32 Checking file: /tmp/blitzy/blitzy-kubernetes/blitzy5f91179c1/staging/src/k8s.io/apimachinery/pkg/runtime/types.go
[gosec] 2026/02/05 17:57:32 Checking file: /tmp/blitzy/blitzy-kubernetes/blitzy5f91179c1/staging/src/k8s.io/apimachinery/pkg/runtime/types_proto.go
[gosec] 2026/02/05 17:57:33 Checking file: /tmp/blitzy/blitzy-kubernetes/blitzy5f91179c1/staging/src/k8s.io/apimachinery/pkg/runtime/zz_generated.deepcopy.go
[gosec] 2026/02/05 17:57:33 Checking file: /tmp/blitzy/blitzy-kubernetes/blitzy5f91179c1/staging/src/k8s.io/apimachinery/pkg/runtime/zz_generated.model_name.go
[gosec] 2026/02/05 17:57:33 Checking package: protobuf
[gosec] 2026/02/05 17:57:33 Checking file: /tmp/blitzy/blitzy-kubernetes/blitzy5f91179c1/staging/src/k8s.io/apimachinery/pkg/runtime/serializer/protobuf/collections.go
[gosec] 2026/02/05 17:57:33 Import directory: /tmp/blitzy/blitzy-kubernetes/blitzy5f91179c1/staging/src/k8s.io/apimachinery/pkg/util/managedfields
[gosec] 2026/02/05 17:57:33 Checking file: /tmp/blitzy/blitzy-kubernetes/blitzy5f91179c1/staging/src/k8s.io/apimachinery/pkg/runtime/serializer/protobuf/doc.go
[gosec] 2026/02/05 17:57:33 Checking file: /tmp/blitzy/blitzy-kubernetes/blitzy5f91179c1/staging/src/k8s.io/apimachinery/pkg/runtime/serializer/protobuf/protobuf.go
[gosec] 2026/02/05 17:57:35 Checking package: httpstream
[gosec] 2026/02/05 17:57:35 Checking file: /tmp/blitzy/blitzy-kubernetes/blitzy5f91179c1/staging/src/k8s.io/apimachinery/pkg/util/httpstream/doc.go
[gosec] 2026/02/05 17:57:35 Checking file: /tmp/blitzy/blitzy-kubernetes/blitzy5f91179c1/staging/src/k8s.io/apimachinery/pkg/util/httpstream/httpstream.go
[gosec] 2026/02/05 17:57:35 Import directory: /tmp/blitzy/blitzy-kubernetes/blitzy5f91179c1/staging/src/k8s.io/apimachinery/pkg/util/validation/field
[gosec] 2026/02/05 17:57:36 Checking package: wsstream
[gosec] 2026/02/05 17:57:36 Checking file: /tmp/blitzy/blitzy-kubernetes/blitzy5f91179c1/staging/src/k8s.io/apimachinery/pkg/util/httpstream/wsstream/conn.go
[gosec] 2026/02/05 17:57:36 Import directory: /tmp/blitzy/blitzy-kubernetes/blitzy5f91179c1/staging/src/k8s.io/apimachinery/pkg/api/operation
[gosec] 2026/02/05 17:57:37 Checking file: /tmp/blitzy/blitzy-kubernetes/blitzy5f91179c1/staging/src/k8s.io/apimachinery/pkg/util/httpstream/wsstream/doc.go
[gosec] 2026/02/05 17:57:37 Checking file: /tmp/blitzy/blitzy-kubernetes/blitzy5f91179c1/staging/src/k8s.io/apimachinery/pkg/util/httpstream/wsstream/stream.go
[gosec] 2026/02/05 17:57:37 Checking package: watch
[gosec] 2026/02/05 17:57:37 Checking file: /tmp/blitzy/blitzy-kubernetes/blitzy5f91179c1/staging/src/k8s.io/apimachinery/pkg/watch/doc.go
[gosec] 2026/02/05 17:57:37 Checking file: /tmp/blitzy/blitzy-kubernetes/blitzy5f91179c1/staging/src/k8s.io/apimachinery/pkg/watch/filter.go
[gosec] 2026/02/05 17:57:37 Import directory: /tmp/blitzy/blitzy-kubernetes/blitzy5f91179c1/staging/src/k8s.io/apimachinery/pkg/apis/meta/v1/unstructured/unstructuredscheme
[gosec] 2026/02/05 17:57:37 Checking file: /tmp/blitzy/blitzy-kubernetes/blitzy5f91179c1/staging/src/k8s.io/apimachinery/pkg/watch/mux.go
[gosec] 2026/02/05 17:57:38 Checking file: /tmp/blitzy/blitzy-kubernetes/blitzy5f91179c1/staging/src/k8s.io/apimachinery/pkg/watch/streamwatcher.go
[gosec] 2026/02/05 17:57:38 Checking file: /tmp/blitzy/blitzy-kubernetes/blitzy5f91179c1/staging/src/k8s.io/apimachinery/pkg/watch/watch.go
[gosec] 2026/02/05 17:57:38 Checking file: /tmp/blitzy/blitzy-kubernetes/blitzy5f91179c1/staging/src/k8s.io/apimachinery/pkg/watch/zz_generated.deepcopy.go
[gosec] 2026/02/05 17:57:38 Checking package: errors
[gosec] 2026/02/05 17:57:38 Checking file: /tmp/blitzy/blitzy-kubernetes/blitzy5f91179c1/staging/src/k8s.io/apimachinery/pkg/api/errors/doc.go
[gosec] 2026/02/05 17:57:38 Checking file: /tmp/blitzy/blitzy-kubernetes/blitzy5f91179c1/staging/src/k8s.io/apimachinery/pkg/api/errors/errors.go
[gosec] 2026/02/05 17:57:38 Import directory: /tmp/blitzy/blitzy-kubernetes/blitzy5f91179c1/staging/src/k8s.io/apimachinery/pkg/apis/testapigroup/install
[gosec] 2026/02/05 17:57:41 Checking package: validate
[gosec] 2026/02/05 17:57:41 Checking file: /tmp/blitzy/blitzy-kubernetes/blitzy5f91179c1/staging/src/k8s.io/apimachinery/pkg/api/validate/common.go
[gosec] 2026/02/05 17:57:41 Checking file: /tmp/blitzy/blitzy-kubernetes/blitzy5f91179c1/staging/src/k8s.io/apimachinery/pkg/api/validate/doc.go
[gosec] 2026/02/05 17:57:41 Import directory: /tmp/blitzy/blitzy-kubernetes/blitzy5f91179c1/staging/src/k8s.io/apimachinery/pkg/runtime/schema
[gosec] 2026/02/05 17:57:41 Checking file: /tmp/blitzy/blitzy-kubernetes/blitzy5f91179c1/staging/src/k8s.io/apimachinery/pkg/api/validate/each.go
[gosec] 2026/02/05 17:57:41 Checking file: /tmp/blitzy/blitzy-kubernetes/blitzy5f91179c1/staging/src/k8s.io/apimachinery/pkg/api/validate/enum.go
[gosec] 2026/02/05 17:57:42 Checking file: /tmp/blitzy/blitzy-kubernetes/blitzy5f91179c1/staging/src/k8s.io/apimachinery/pkg/api/validate/equality.go
[gosec] 2026/02/05 17:57:42 Checking file: /tmp/blitzy/blitzy-kubernetes/blitzy5f91179c1/staging/src/k8s.io/apimachinery/pkg/api/validate/immutable.go
[gosec] 2026/02/05 17:57:42 Checking file: /tmp/blitzy/blitzy-kubernetes/blitzy5f91179c1/staging/src/k8s.io/apimachinery/pkg/api/validate/item.go
[gosec] 2026/02/05 17:57:42 Checking file: /tmp/blitzy/blitzy-kubernetes/blitzy5f91179c1/staging/src/k8s.io/apimachinery/pkg/api/validate/limits.go
[gosec] 2026/02/05 17:57:42 Checking file: /tmp/blitzy/blitzy-kubernetes/blitzy5f91179c1/staging/src/k8s.io/apimachinery/pkg/api/validate/options.go
[gosec] 2026/02/05 17:57:42 Checking file: /tmp/blitzy/blitzy-kubernetes/blitzy5f91179c1/staging/src/k8s.io/apimachinery/pkg/api/validate/required.go
[gosec] 2026/02/05 17:57:43 Checking file: /tmp/blitzy/blitzy-kubernetes/blitzy5f91179c1/staging/src/k8s.io/apimachinery/pkg/api/validate/strfmt.go
[gosec] 2026/02/05 17:57:43 Checking file: /tmp/blitzy/blitzy-kubernetes/blitzy5f91179c1/staging/src/k8s.io/apimachinery/pkg/api/validate/subfield.go
[gosec] 2026/02/05 17:57:43 Checking file: /tmp/blitzy/blitzy-kubernetes/blitzy5f91179c1/staging/src/k8s.io/apimachinery/pkg/api/validate/testing.go
[gosec] 2026/02/05 17:57:43 Checking file: /tmp/blitzy/blitzy-kubernetes/blitzy5f91179c1/staging/src/k8s.io/apimachinery/pkg/api/validate/union.go
[gosec] 2026/02/05 17:57:44 Checking file: /tmp/blitzy/blitzy-kubernetes/blitzy5f91179c1/staging/src/k8s.io/apimachinery/pkg/api/validate/update.go
[gosec] 2026/02/05 17:57:44 Checking file: /tmp/blitzy/blitzy-kubernetes/blitzy5f91179c1/staging/src/k8s.io/apimachinery/pkg/api/validate/zeroorone.go
[gosec] 2026/02/05 17:57:44 Checking package: asn1
[gosec] 2026/02/05 17:57:44 Checking file: /tmp/blitzy/blitzy-kubernetes/blitzy5f91179c1/staging/src/k8s.io/apimachinery/pkg/apis/asn1/oid.go
[gosec] 2026/02/05 17:57:44 Import directory: /tmp/blitzy/blitzy-kubernetes/blitzy5f91179c1/staging/src/k8s.io/apimachinery/pkg/runtime/serializer/cbor/internal/modes
[gosec] 2026/02/05 17:57:44 Checking package: json
[gosec] 2026/02/05 17:57:44 Checking file: /tmp/blitzy/blitzy-kubernetes/blitzy5f91179c1/staging/src/k8s.io/apimachinery/pkg/util/json/json.go
[gosec] 2026/02/05 17:57:44 Import directory: /tmp/blitzy/blitzy-kubernetes/blitzy5f91179c1/staging/src/k8s.io/apimachinery/pkg/util/duration
[gosec] 2026/02/05 17:57:44 Checking package: managedfields
[gosec] 2026/02/05 17:57:44 Checking file: /tmp/blitzy/blitzy-kubernetes/blitzy5f91179c1/staging/src/k8s.io/apimachinery/pkg/util/managedfields/extract.go
[gosec] 2026/02/05 17:57:44 Import directory: /tmp/blitzy/blitzy-kubernetes/blitzy5f91179c1/staging/src/k8s.io/apimachinery/pkg/util/rand
[gosec] 2026/02/05 17:57:45 Checking file: /tmp/blitzy/blitzy-kubernetes/blitzy5f91179c1/staging/src/k8s.io/apimachinery/pkg/util/managedfields/fieldmanager.go
[gosec] 2026/02/05 17:57:45 Checking file: /tmp/blitzy/blitzy-kubernetes/blitzy5f91179c1/staging/src/k8s.io/apimachinery/pkg/util/managedfields/gvkparser.go
[gosec] 2026/02/05 17:57:45 Checking file: /tmp/blitzy/blitzy-kubernetes/blitzy5f91179c1/staging/src/k8s.io/apimachinery/pkg/util/managedfields/scalehandler.go
[gosec] 2026/02/05 17:57:45 Checking file: /tmp/blitzy/blitzy-kubernetes/blitzy5f91179c1/staging/src/k8s.io/apimachinery/pkg/util/managedfields/typeconverter.go
[gosec] 2026/02/05 17:57:46 Checking package: field
[gosec] 2026/02/05 17:57:46 Checking file: /tmp/blitzy/blitzy-kubernetes/blitzy5f91179c1/staging/src/k8s.io/apimachinery/pkg/util/validation/field/error_matcher.go
[gosec] 2026/02/05 17:57:46 Import directory: /tmp/blitzy/blitzy-kubernetes/blitzy5f91179c1/staging/src/k8s.io/apimachinery/pkg/util/wait
[gosec] 2026/02/05 17:57:46 Checking file: /tmp/blitzy/blitzy-kubernetes/blitzy5f91179c1/staging/src/k8s.io/apimachinery/pkg/util/validation/field/errors.go
[gosec] 2026/02/05 17:57:47 Checking file: /tmp/blitzy/blitzy-kubernetes/blitzy5f91179c1/staging/src/k8s.io/apimachinery/pkg/util/validation/field/path.go
[gosec] 2026/02/05 17:57:47 Checking package: operation
[gosec] 2026/02/05 17:57:47 Checking file: /tmp/blitzy/blitzy-kubernetes/blitzy5f91179c1/staging/src/k8s.io/apimachinery/pkg/api/operation/operation.go
[gosec] 2026/02/05 17:57:47 Import directory: /tmp/blitzy/blitzy-kubernetes/blitzy5f91179c1/staging/src/k8s.io/apimachinery/pkg/runtime/testing/v1
[gosec] 2026/02/05 17:57:47 Checking package: unstructuredscheme
[gosec] 2026/02/05 17:57:47 Checking file: /tmp/blitzy/blitzy-kubernetes/blitzy5f91179c1/staging/src/k8s.io/apimachinery/pkg/apis/meta/v1/unstructured/unstructuredscheme/scheme.go
[gosec] 2026/02/05 17:57:47 Import directory: /tmp/blitzy/blitzy-kubernetes/blitzy5f91179c1/staging/src/k8s.io/apimachinery/pkg/util/dump
[gosec] 2026/02/05 17:57:48 Checking package: install
[gosec] 2026/02/05 17:57:48 Checking file: /tmp/blitzy/blitzy-kubernetes/blitzy5f91179c1/staging/src/k8s.io/apimachinery/pkg/apis/testapigroup/install/install.go
[gosec] 2026/02/05 17:57:48 Import directory: /tmp/blitzy/blitzy-kubernetes/blitzy5f91179c1/staging/src/k8s.io/apimachinery/pkg/util/sets
[gosec] 2026/02/05 17:57:48 Checking package: schema
[gosec] 2026/02/05 17:57:48 Checking file: /tmp/blitzy/blitzy-kubernetes/blitzy5f91179c1/staging/src/k8s.io/apimachinery/pkg/runtime/schema/generated.pb.go
[gosec] 2026/02/05 17:57:48 Import directory: /tmp/blitzy/blitzy-kubernetes/blitzy5f91179c1/staging/src/k8s.io/apimachinery/pkg/apis/meta/internalversion/validation
[gosec] 2026/02/05 17:57:48 Checking file: /tmp/blitzy/blitzy-kubernetes/blitzy5f91179c1/staging/src/k8s.io/apimachinery/pkg/runtime/schema/group_version.go
[gosec] 2026/02/05 17:57:49 Checking file: /tmp/blitzy/blitzy-kubernetes/blitzy5f91179c1/staging/src/k8s.io/apimachinery/pkg/runtime/schema/interfaces.go
[gosec] 2026/02/05 17:57:49 Checking package: duration
[gosec] 2026/02/05 17:57:49 Checking file: /tmp/blitzy/blitzy-kubernetes/blitzy5f91179c1/staging/src/k8s.io/apimachinery/pkg/util/duration/duration.go
[gosec] 2026/02/05 17:57:49 Import directory: /tmp/blitzy/blitzy-kubernetes/blitzy5f91179c1/staging/src/k8s.io/apimachinery/pkg/apis/meta/v1beta1
[gosec] 2026/02/05 17:57:49 Checking package: modes
[gosec] 2026/02/05 17:57:49 Checking file: /tmp/blitzy/blitzy-kubernetes/blitzy5f91179c1/staging/src/k8s.io/apimachinery/pkg/runtime/serializer/cbor/internal/modes/buffers.go
[gosec] 2026/02/05 17:57:49 Import directory: /tmp/blitzy/blitzy-kubernetes/blitzy5f91179c1/staging/src/k8s.io/apimachinery/pkg/runtime/serializer/cbor
[gosec] 2026/02/05 17:57:49 Checking file: /tmp/blitzy/blitzy-kubernetes/blitzy5f91179c1/staging/src/k8s.io/apimachinery/pkg/runtime/serializer/cbor/internal/modes/decode.go
[gosec] 2026/02/05 17:57:49 Checking file: /tmp/blitzy/blitzy-kubernetes/blitzy5f91179c1/staging/src/k8s.io/apimachinery/pkg/runtime/serializer/cbor/internal/modes/diagnostic.go
[gosec] 2026/02/05 17:57:49 Checking file: /tmp/blitzy/blitzy-kubernetes/blitzy5f91179c1/staging/src/k8s.io/apimachinery/pkg/runtime/serializer/cbor/internal/modes/encode.go
[gosec] 2026/02/05 17:57:49 Checking file: /tmp/blitzy/blitzy-kubernetes/blitzy5f91179c1/staging/src/k8s.io/apimachinery/pkg/runtime/serializer/cbor/internal/modes/transcoding.go
[gosec] 2026/02/05 17:57:50 Checking package: rand
[gosec] 2026/02/05 17:57:50 Checking file: /tmp/blitzy/blitzy-kubernetes/blitzy5f91179c1/staging/src/k8s.io/apimachinery/pkg/util/rand/rand.go
[gosec] 2026/02/05 17:57:50 Import directory: /tmp/blitzy/blitzy-kubernetes/blitzy5f91179c1/staging/src/k8s.io/apimachinery/pkg/util/framer
[gosec] 2026/02/05 17:57:50 Checking package: wait
[gosec] 2026/02/05 17:57:50 Checking file: /tmp/blitzy/blitzy-kubernetes/blitzy5f91179c1/staging/src/k8s.io/apimachinery/pkg/util/wait/backoff.go
[gosec] 2026/02/05 17:57:50 Import directory: /tmp/blitzy/blitzy-kubernetes/blitzy5f91179c1/staging/src/k8s.io/apimachinery/pkg/util/managedfields/internal
[gosec] 2026/02/05 17:57:51 Checking file: /tmp/blitzy/blitzy-kubernetes/blitzy5f91179c1/staging/src/k8s.io/apimachinery/pkg/util/wait/delay.go
[gosec] 2026/02/05 17:57:51 Checking file: /tmp/blitzy/blitzy-kubernetes/blitzy5f91179c1/staging/src/k8s.io/apimachinery/pkg/util/wait/doc.go
[gosec] 2026/02/05 17:57:51 Checking file: /tmp/blitzy/blitzy-kubernetes/blitzy5f91179c1/staging/src/k8s.io/apimachinery/pkg/util/wait/error.go
[gosec] 2026/02/05 17:57:51 Checking file: /tmp/blitzy/blitzy-kubernetes/blitzy5f91179c1/staging/src/k8s.io/apimachinery/pkg/util/wait/loop.go
[gosec] 2026/02/05 17:57:51 Checking file: /tmp/blitzy/blitzy-kubernetes/blitzy5f91179c1/staging/src/k8s.io/apimachinery/pkg/util/wait/poll.go
[gosec] 2026/02/05 17:57:52 Checking file: /tmp/blitzy/blitzy-kubernetes/blitzy5f91179c1/staging/src/k8s.io/apimachinery/pkg/util/wait/timer.go
[gosec] 2026/02/05 17:57:52 Checking file: /tmp/blitzy/blitzy-kubernetes/blitzy5f91179c1/staging/src/k8s.io/apimachinery/pkg/util/wait/wait.go
[gosec] 2026/02/05 17:57:52 Checking package: v1
[gosec] 2026/02/05 17:57:52 Checking file: /tmp/blitzy/blitzy-kubernetes/blitzy5f91179c1/staging/src/k8s.io/apimachinery/pkg/runtime/testing/v1/doc.go
[gosec] 2026/02/05 17:57:52 Checking file: /tmp/blitzy/blitzy-kubernetes/blitzy5f91179c1/staging/src/k8s.io/apimachinery/pkg/runtime/testing/v1/types.go
[gosec] 2026/02/05 17:57:52 Import directory: /tmp/blitzy/blitzy-kubernetes/blitzy5f91179c1/staging/src/k8s.io/apimachinery/pkg/util/managedfields/internal/testing
[gosec] 2026/02/05 17:57:52 Checking file: /tmp/blitzy/blitzy-kubernetes/blitzy5f91179c1/staging/src/k8s.io/apimachinery/pkg/runtime/testing/v1/zz_generated.deepcopy.go
[gosec] 2026/02/05 17:57:52 Checking package: dump
[gosec] 2026/02/05 17:57:52 Checking file: /tmp/blitzy/blitzy-kubernetes/blitzy5f91179c1/staging/src/k8s.io/apimachinery/pkg/util/dump/dump.go
[gosec] 2026/02/05 17:57:52 Import directory: /tmp/blitzy/blitzy-kubernetes/blitzy5f91179c1/staging/src/k8s.io/apimachinery/pkg/util/net
[gosec] 2026/02/05 17:57:52 Checking package: validation
[gosec] 2026/02/05 17:57:52 Checking file: /tmp/blitzy/blitzy-kubernetes/blitzy5f91179c1/staging/src/k8s.io/apimachinery/pkg/apis/meta/internalversion/validation/validation.go
[gosec] 2026/02/05 17:57:52 Import directory: /tmp/blitzy/blitzy-kubernetes/blitzy5f91179c1/staging/src/k8s.io/apimachinery/pkg/version
[gosec] 2026/02/05 17:57:52 Checking package: sets
[gosec] 2026/02/05 17:57:52 Checking file: /tmp/blitzy/blitzy-kubernetes/blitzy5f91179c1/staging/src/k8s.io/apimachinery/pkg/util/sets/byte.go
[gosec] 2026/02/05 17:57:52 Import directory: /tmp/blitzy/blitzy-kubernetes/blitzy5f91179c1/staging/src/k8s.io/apimachinery/pkg/apis/meta/v1/validation
[gosec] 2026/02/05 17:57:53 Checking file: /tmp/blitzy/blitzy-kubernetes/blitzy5f91179c1/staging/src/k8s.io/apimachinery/pkg/util/sets/doc.go
[gosec] 2026/02/05 17:57:53 Checking file: /tmp/blitzy/blitzy-kubernetes/blitzy5f91179c1/staging/src/k8s.io/apimachinery/pkg/util/sets/empty.go
[gosec] 2026/02/05 17:57:53 Checking file: /tmp/blitzy/blitzy-kubernetes/blitzy5f91179c1/staging/src/k8s.io/apimachinery/pkg/util/sets/int.go
[gosec] 2026/02/05 17:57:53 Checking file: /tmp/blitzy/blitzy-kubernetes/blitzy5f91179c1/staging/src/k8s.io/apimachinery/pkg/util/sets/int32.go
[gosec] 2026/02/05 17:57:53 Checking file: /tmp/blitzy/blitzy-kubernetes/blitzy5f91179c1/staging/src/k8s.io/apimachinery/pkg/util/sets/int64.go
[gosec] 2026/02/05 17:57:54 Checking file: /tmp/blitzy/blitzy-kubernetes/blitzy5f91179c1/staging/src/k8s.io/apimachinery/pkg/util/sets/set.go
[gosec] 2026/02/05 17:57:54 Checking file: /tmp/blitzy/blitzy-kubernetes/blitzy5f91179c1/staging/src/k8s.io/apimachinery/pkg/util/sets/string.go
[gosec] 2026/02/05 17:57:55 Checking package: v1beta1
[gosec] 2026/02/05 17:57:55 Checking file: /tmp/blitzy/blitzy-kubernetes/blitzy5f91179c1/staging/src/k8s.io/apimachinery/pkg/apis/meta/v1beta1/conversion.go
[gosec] 2026/02/05 17:57:55 Import directory: /tmp/blitzy/blitzy-kubernetes/blitzy5f91179c1/staging/src/k8s.io/apimachinery/pkg/apis/testapigroup/v1
[gosec] 2026/02/05 17:57:55 Checking file: /tmp/blitzy/blitzy-kubernetes/blitzy5f91179c1/staging/src/k8s.io/apimachinery/pkg/apis/meta/v1beta1/deepcopy.go
[gosec] 2026/02/05 17:57:55 Checking file: /tmp/blitzy/blitzy-kubernetes/blitzy5f91179c1/staging/src/k8s.io/apimachinery/pkg/apis/meta/v1beta1/doc.go
[gosec] 2026/02/05 17:57:55 Checking file: /tmp/blitzy/blitzy-kubernetes/blitzy5f91179c1/staging/src/k8s.io/apimachinery/pkg/apis/meta/v1beta1/generated.pb.go
[gosec] 2026/02/05 17:57:56 Checking file: /tmp/blitzy/blitzy-kubernetes/blitzy5f91179c1/staging/src/k8s.io/apimachinery/pkg/apis/meta/v1beta1/register.go
[gosec] 2026/02/05 17:57:56 Checking file: /tmp/blitzy/blitzy-kubernetes/blitzy5f91179c1/staging/src/k8s.io/apimachinery/pkg/apis/meta/v1beta1/types.go
[gosec] 2026/02/05 17:57:56 Checking file: /tmp/blitzy/blitzy-kubernetes/blitzy5f91179c1/staging/src/k8s.io/apimachinery/pkg/apis/meta/v1beta1/types_swagger_doc_generated.go
[gosec] 2026/02/05 17:57:56 Checking file: /tmp/blitzy/blitzy-kubernetes/blitzy5f91179c1/staging/src/k8s.io/apimachinery/pkg/apis/meta/v1beta1/zz_generated.deepcopy.go
[gosec] 2026/02/05 17:57:56 Checking file: /tmp/blitzy/blitzy-kubernetes/blitzy5f91179c1/staging/src/k8s.io/apimachinery/pkg/apis/meta/v1beta1/zz_generated.defaults.go
[gosec] 2026/02/05 17:57:56 Checking file: /tmp/blitzy/blitzy-kubernetes/blitzy5f91179c1/staging/src/k8s.io/apimachinery/pkg/apis/meta/v1beta1/zz_generated.model_name.go
[gosec] 2026/02/05 17:57:56 Checking package: cbor
[gosec] 2026/02/05 17:57:56 Checking file: /tmp/blitzy/blitzy-kubernetes/blitzy5f91179c1/staging/src/k8s.io/apimachinery/pkg/runtime/serializer/cbor/cbor.go
[gosec] 2026/02/05 17:57:56 Import directory: /tmp/blitzy/blitzy-kubernetes/blitzy5f91179c1/staging/src/k8s.io/apimachinery/pkg/conversion
[gosec] 2026/02/05 17:57:57 Checking file: /tmp/blitzy/blitzy-kubernetes/blitzy5f91179c1/staging/src/k8s.io/apimachinery/pkg/runtime/serializer/cbor/framer.go
[gosec] 2026/02/05 17:57:57 Checking file: /tmp/blitzy/blitzy-kubernetes/blitzy5f91179c1/staging/src/k8s.io/apimachinery/pkg/runtime/serializer/cbor/raw.go
[gosec] 2026/02/05 17:57:58 Checking package: framer
[gosec] 2026/02/05 17:57:58 Checking file: /tmp/blitzy/blitzy-kubernetes/blitzy5f91179c1/staging/src/k8s.io/apimachinery/pkg/util/framer/framer.go
[gosec] 2026/02/05 17:57:58 Import directory: /tmp/blitzy/blitzy-kubernetes/blitzy5f91179c1/staging/src/k8s.io/apimachinery/pkg/test
[gosec] 2026/02/05 17:57:58 Checking package: internal
[gosec] 2026/02/05 17:57:58 Checking file: /tmp/blitzy/blitzy-kubernetes/blitzy5f91179c1/staging/src/k8s.io/apimachinery/pkg/util/managedfields/internal/atmostevery.go
[gosec] 2026/02/05 17:57:58 Import directory: /tmp/blitzy/blitzy-kubernetes/blitzy5f91179c1/staging/src/k8s.io/apimachinery/pkg/util/sort
[gosec] 2026/02/05 17:57:58 Checking file: /tmp/blitzy/blitzy-kubernetes/blitzy5f91179c1/staging/src/k8s.io/apimachinery/pkg/util/managedfields/internal/buildmanagerinfo.go
[gosec] 2026/02/05 17:57:59 Checking file: /tmp/blitzy/blitzy-kubernetes/blitzy5f91179c1/staging/src/k8s.io/apimachinery/pkg/util/managedfields/internal/capmanagers.go
[gosec] 2026/02/05 17:57:59 Checking file: /tmp/blitzy/blitzy-kubernetes/blitzy5f91179c1/staging/src/k8s.io/apimachinery/pkg/util/managedfields/internal/conflict.go
[gosec] 2026/02/05 17:57:59 Checking file: /tmp/blitzy/blitzy-kubernetes/blitzy5f91179c1/staging/src/k8s.io/apimachinery/pkg/util/managedfields/internal/fieldmanager.go
[gosec] 2026/02/05 17:57:59 Checking file: /tmp/blitzy/blitzy-kubernetes/blitzy5f91179c1/staging/src/k8s.io/apimachinery/pkg/util/managedfields/internal/fields.go
[gosec] 2026/02/05 17:58:00 Checking file: /tmp/blitzy/blitzy-kubernetes/blitzy5f91179c1/staging/src/k8s.io/apimachinery/pkg/util/managedfields/internal/lastapplied.go
[gosec] 2026/02/05 17:58:00 Checking file: /tmp/blitzy/blitzy-kubernetes/blitzy5f91179c1/staging/src/k8s.io/apimachinery/pkg/util/managedfields/internal/lastappliedmanager.go
[gosec] 2026/02/05 17:58:00 Checking file: /tmp/blitzy/blitzy-kubernetes/blitzy5f91179c1/staging/src/k8s.io/apimachinery/pkg/util/managedfields/internal/lastappliedupdater.go
[gosec] 2026/02/05 17:58:00 Checking file: /tmp/blitzy/blitzy-kubernetes/blitzy5f91179c1/staging/src/k8s.io/apimachinery/pkg/util/managedfields/internal/managedfields.go
[gosec] 2026/02/05 17:58:01 Checking file: /tmp/blitzy/blitzy-kubernetes/blitzy5f91179c1/staging/src/k8s.io/apimachinery/pkg/util/managedfields/internal/managedfieldsupdater.go
[gosec] 2026/02/05 17:58:01 Checking file: /tmp/blitzy/blitzy-kubernetes/blitzy5f91179c1/staging/src/k8s.io/apimachinery/pkg/util/managedfields/internal/manager.go
[gosec] 2026/02/05 17:58:01 Checking file: /tmp/blitzy/blitzy-kubernetes/blitzy5f91179c1/staging/src/k8s.io/apimachinery/pkg/util/managedfields/internal/pathelement.go
[gosec] 2026/02/05 17:58:02 Checking file: /tmp/blitzy/blitzy-kubernetes/blitzy5f91179c1/staging/src/k8s.io/apimachinery/pkg/util/managedfields/internal/runtimetypeconverter.go
[gosec] 2026/02/05 17:58:02 Checking file: /tmp/blitzy/blitzy-kubernetes/blitzy5f91179c1/staging/src/k8s.io/apimachinery/pkg/util/managedfields/internal/skipnonapplied.go
[gosec] 2026/02/05 17:58:02 Checking file: /tmp/blitzy/blitzy-kubernetes/blitzy5f91179c1/staging/src/k8s.io/apimachinery/pkg/util/managedfields/internal/stripmeta.go
[gosec] 2026/02/05 17:58:02 Checking file: /tmp/blitzy/blitzy-kubernetes/blitzy5f91179c1/staging/src/k8s.io/apimachinery/pkg/util/managedfields/internal/structuredmerge.go
[gosec] 2026/02/05 17:58:02 Checking file: /tmp/blitzy/blitzy-kubernetes/blitzy5f91179c1/staging/src/k8s.io/apimachinery/pkg/util/managedfields/internal/typeconverter.go
[gosec] 2026/02/05 17:58:03 Checking file: /tmp/blitzy/blitzy-kubernetes/blitzy5f91179c1/staging/src/k8s.io/apimachinery/pkg/util/managedfields/internal/versioncheck.go
[gosec] 2026/02/05 17:58:03 Checking file: /tmp/blitzy/blitzy-kubernetes/blitzy5f91179c1/staging/src/k8s.io/apimachinery/pkg/util/managedfields/internal/versionconverter.go
[gosec] 2026/02/05 17:58:03 Checking package: testing
[gosec] 2026/02/05 17:58:03 Checking file: /tmp/blitzy/blitzy-kubernetes/blitzy5f91179c1/staging/src/k8s.io/apimachinery/pkg/util/managedfields/internal/testing/testfieldmanager.go
[gosec] 2026/02/05 17:58:03 Import directory: /tmp/blitzy/blitzy-kubernetes/blitzy5f91179c1/staging/src/k8s.io/apimachinery/pkg/api/apitesting/roundtrip
[gosec] 2026/02/05 17:58:04 Checking package: version
[gosec] 2026/02/05 17:58:04 Checking file: /tmp/blitzy/blitzy-kubernetes/blitzy5f91179c1/staging/src/k8s.io/apimachinery/pkg/version/doc.go
[gosec] 2026/02/05 17:58:04 Import directory: /tmp/blitzy/blitzy-kubernetes/blitzy5f91179c1/staging/src/k8s.io/apimachinery/pkg/api/meta
[gosec] 2026/02/05 17:58:04 Checking file: /tmp/blitzy/blitzy-kubernetes/blitzy5f91179c1/staging/src/k8s.io/apimachinery/pkg/version/helpers.go
[gosec] 2026/02/05 17:58:04 Checking file: /tmp/blitzy/blitzy-kubernetes/blitzy5f91179c1/staging/src/k8s.io/apimachinery/pkg/version/types.go
[gosec] 2026/02/05 17:58:04 Checking file: /tmp/blitzy/blitzy-kubernetes/blitzy5f91179c1/staging/src/k8s.io/apimachinery/pkg/version/zz_generated.model_name.go
[gosec] 2026/02/05 17:58:04 Checking package: net
[gosec] 2026/02/05 17:58:04 Checking file: /tmp/blitzy/blitzy-kubernetes/blitzy5f91179c1/staging/src/k8s.io/apimachinery/pkg/util/net/http.go
[gosec] 2026/02/05 17:58:04 Import directory: /tmp/blitzy/blitzy-kubernetes/blitzy5f91179c1/staging/src/k8s.io/apimachinery/pkg/api/meta/testrestmapper
[gosec] 2026/02/05 17:58:06 Checking file: /tmp/blitzy/blitzy-kubernetes/blitzy5f91179c1/staging/src/k8s.io/apimachinery/pkg/util/net/interface.go
[gosec] 2026/02/05 17:58:07 Checking file: /tmp/blitzy/blitzy-kubernetes/blitzy5f91179c1/staging/src/k8s.io/apimachinery/pkg/util/net/port_range.go
[gosec] 2026/02/05 17:58:08 Checking file: /tmp/blitzy/blitzy-kubernetes/blitzy5f91179c1/staging/src/k8s.io/apimachinery/pkg/util/net/port_split.go
[gosec] 2026/02/05 17:58:08 Checking file: /tmp/blitzy/blitzy-kubernetes/blitzy5f91179c1/staging/src/k8s.io/apimachinery/pkg/util/net/util.go
[gosec] 2026/02/05 17:58:08 Checking package: validation
[gosec] 2026/02/05 17:58:08 Checking file: /tmp/blitzy/blitzy-kubernetes/blitzy5f91179c1/staging/src/k8s.io/apimachinery/pkg/apis/meta/v1/validation/validation.go
[gosec] 2026/02/05 17:58:08 Import directory: /tmp/blitzy/blitzy-kubernetes/blitzy5f91179c1/staging/src/k8s.io/apimachinery/pkg/api/resource
[gosec] 2026/02/05 17:58:09 Checking package: v1
[gosec] 2026/02/05 17:58:09 Checking file: /tmp/blitzy/blitzy-kubernetes/blitzy5f91179c1/staging/src/k8s.io/apimachinery/pkg/apis/testapigroup/v1/conversion.go
[gosec] 2026/02/05 17:58:09 Import directory: /tmp/blitzy/blitzy-kubernetes/blitzy5f91179c1/staging/src/k8s.io/apimachinery/pkg/api/validation/path
[gosec] 2026/02/05 17:58:09 Checking file: /tmp/blitzy/blitzy-kubernetes/blitzy5f91179c1/staging/src/k8s.io/apimachinery/pkg/apis/testapigroup/v1/defaults.go
[gosec] 2026/02/05 17:58:09 Checking file: /tmp/blitzy/blitzy-kubernetes/blitzy5f91179c1/staging/src/k8s.io/apimachinery/pkg/apis/testapigroup/v1/doc.go
[gosec] 2026/02/05 17:58:09 Checking file: /tmp/blitzy/blitzy-kubernetes/blitzy5f91179c1/staging/src/k8s.io/apimachinery/pkg/apis/testapigroup/v1/generated.pb.go
[gosec] 2026/02/05 17:58:15 Checking file: /tmp/blitzy/blitzy-kubernetes/blitzy5f91179c1/staging/src/k8s.io/apimachinery/pkg/apis/testapigroup/v1/register.go
[gosec] 2026/02/05 17:58:15 Checking file: /tmp/blitzy/blitzy-kubernetes/blitzy5f91179c1/staging/src/k8s.io/apimachinery/pkg/apis/testapigroup/v1/types.go
[gosec] 2026/02/05 17:58:15 Checking file: /tmp/blitzy/blitzy-kubernetes/blitzy5f91179c1/staging/src/k8s.io/apimachinery/pkg/apis/testapigroup/v1/zz_generated.conversion.go
[gosec] 2026/02/05 17:58:16 Checking file: /tmp/blitzy/blitzy-kubernetes/blitzy5f91179c1/staging/src/k8s.io/apimachinery/pkg/apis/testapigroup/v1/zz_generated.deepcopy.go
[gosec] 2026/02/05 17:58:17 Checking file: /tmp/blitzy/blitzy-kubernetes/blitzy5f91179c1/staging/src/k8s.io/apimachinery/pkg/apis/testapigroup/v1/zz_generated.defaults.go
[gosec] 2026/02/05 17:58:17 Checking file: /tmp/blitzy/blitzy-kubernetes/blitzy5f91179c1/staging/src/k8s.io/apimachinery/pkg/apis/testapigroup/v1/zz_generated.model_name.go
[gosec] 2026/02/05 17:58:17 Checking file: /tmp/blitzy/blitzy-kubernetes/blitzy5f91179c1/staging/src/k8s.io/apimachinery/pkg/apis/testapigroup/v1/zz_generated.prerelease-lifecycle.go
[gosec] 2026/02/05 17:58:17 Checking package: conversion
[gosec] 2026/02/05 17:58:17 Checking file: /tmp/blitzy/blitzy-kubernetes/blitzy5f91179c1/staging/src/k8s.io/apimachinery/pkg/conversion/converter.go
[gosec] 2026/02/05 17:58:17 Import directory: /tmp/blitzy/blitzy-kubernetes/blitzy5f91179c1/staging/src/k8s.io/apimachinery/pkg/apis/meta/v1/unstructured
[gosec] 2026/02/05 17:58:18 Checking file: /tmp/blitzy/blitzy-kubernetes/blitzy5f91179c1/staging/src/k8s.io/apimachinery/pkg/conversion/deep_equal.go
[gosec] 2026/02/05 17:58:18 Checking file: /tmp/blitzy/blitzy-kubernetes/blitzy5f91179c1/staging/src/k8s.io/apimachinery/pkg/conversion/doc.go
[gosec] 2026/02/05 17:58:18 Checking file: /tmp/blitzy/blitzy-kubernetes/blitzy5f91179c1/staging/src/k8s.io/apimachinery/pkg/conversion/helper.go
[gosec] 2026/02/05 17:58:18 Checking package: test
[gosec] 2026/02/05 17:58:18 Checking file: /tmp/blitzy/blitzy-kubernetes/blitzy5f91179c1/staging/src/k8s.io/apimachinery/pkg/test/util.go
[gosec] 2026/02/05 17:58:18 Import directory: /tmp/blitzy/blitzy-kubernetes/blitzy5f91179c1/staging/src/k8s.io/apimachinery/pkg/apis/testapigroup
[gosec] 2026/02/05 17:58:18 Checking file: /tmp/blitzy/blitzy-kubernetes/blitzy5f91179c1/staging/src/k8s.io/apimachinery/pkg/test/zz_generated.deepcopy.go
[gosec] 2026/02/05 17:58:18 Checking package: sort
[gosec] 2026/02/05 17:58:18 Checking file: /tmp/blitzy/blitzy-kubernetes/blitzy5f91179c1/staging/src/k8s.io/apimachinery/pkg/util/sort/sort.go
[gosec] 2026/02/05 17:58:18 Import directory: /tmp/blitzy/blitzy-kubernetes/blitzy5f91179c1/staging/src/k8s.io/apimachinery/pkg/apis/testapigroup/fuzzer
[gosec] 2026/02/05 17:58:19 Checking package: roundtrip
[gosec] 2026/02/05 17:58:19 Checking file: /tmp/blitzy/blitzy-kubernetes/blitzy5f91179c1/staging/src/k8s.io/apimachinery/pkg/api/apitesting/roundtrip/compatibility.go
[gosec] 2026/02/05 17:58:19 Import directory: /tmp/blitzy/blitzy-kubernetes/blitzy5f91179c1/staging/src/k8s.io/apimachinery/pkg/apis/meta/internalversion
[gosec] 2026/02/05 17:58:20 Checking file: /tmp/blitzy/blitzy-kubernetes/blitzy5f91179c1/staging/src/k8s.io/apimachinery/pkg/api/apitesting/roundtrip/construct.go
[gosec] 2026/02/05 17:58:20 Checking file: /tmp/blitzy/blitzy-kubernetes/blitzy5f91179c1/staging/src/k8s.io/apimachinery/pkg/api/apitesting/roundtrip/fuzz_norace.go
[gosec] 2026/02/05 17:58:20 Checking file: /tmp/blitzy/blitzy-kubernetes/blitzy5f91179c1/staging/src/k8s.io/apimachinery/pkg/api/apitesting/roundtrip/roundtrip.go
[gosec] 2026/02/05 17:58:21 Checking file: /tmp/blitzy/blitzy-kubernetes/blitzy5f91179c1/staging/src/k8s.io/apimachinery/pkg/api/apitesting/roundtrip/unstructured.go
[gosec] 2026/02/05 17:58:21 Checking package: meta
[gosec] 2026/02/05 17:58:21 Checking file: /tmp/blitzy/blitzy-kubernetes/blitzy5f91179c1/staging/src/k8s.io/apimachinery/pkg/api/meta/conditions.go
[gosec] 2026/02/05 17:58:21 Import directory: /tmp/blitzy/blitzy-kubernetes/blitzy5f91179c1/staging/src/k8s.io/apimachinery/pkg/apis/meta/v1
[gosec] 2026/02/05 17:58:21 Checking file: /tmp/blitzy/blitzy-kubernetes/blitzy5f91179c1/staging/src/k8s.io/apimachinery/pkg/api/meta/doc.go
[gosec] 2026/02/05 17:58:21 Checking file: /tmp/blitzy/blitzy-kubernetes/blitzy5f91179c1/staging/src/k8s.io/apimachinery/pkg/api/meta/errors.go
[gosec] 2026/02/05 17:58:22 Checking file: /tmp/blitzy/blitzy-kubernetes/blitzy5f91179c1/staging/src/k8s.io/apimachinery/pkg/api/meta/firsthit_restmapper.go
[gosec] 2026/02/05 17:58:22 Checking file: /tmp/blitzy/blitzy-kubernetes/blitzy5f91179c1/staging/src/k8s.io/apimachinery/pkg/api/meta/help.go
[gosec] 2026/02/05 17:58:23 Checking file: /tmp/blitzy/blitzy-kubernetes/blitzy5f91179c1/staging/src/k8s.io/apimachinery/pkg/api/meta/interfaces.go
[gosec] 2026/02/05 17:58:23 Checking file: /tmp/blitzy/blitzy-kubernetes/blitzy5f91179c1/staging/src/k8s.io/apimachinery/pkg/api/meta/lazy.go
[gosec] 2026/02/05 17:58:23 Checking file: /tmp/blitzy/blitzy-kubernetes/blitzy5f91179c1/staging/src/k8s.io/apimachinery/pkg/api/meta/meta.go
[gosec] 2026/02/05 17:58:26 Checking file: /tmp/blitzy/blitzy-kubernetes/blitzy5f91179c1/staging/src/k8s.io/apimachinery/pkg/api/meta/multirestmapper.go
[gosec] 2026/02/05 17:58:26 Checking file: /tmp/blitzy/blitzy-kubernetes/blitzy5f91179c1/staging/src/k8s.io/apimachinery/pkg/api/meta/priority.go
[gosec] 2026/02/05 17:58:27 Checking file: /tmp/blitzy/blitzy-kubernetes/blitzy5f91179c1/staging/src/k8s.io/apimachinery/pkg/api/meta/restmapper.go
[gosec] 2026/02/05 17:58:28 Checking package: testrestmapper
[gosec] 2026/02/05 17:58:28 Checking file: /tmp/blitzy/blitzy-kubernetes/blitzy5f91179c1/staging/src/k8s.io/apimachinery/pkg/api/meta/testrestmapper/test_restmapper.go
[gosec] 2026/02/05 17:58:28 Import directory: /tmp/blitzy/blitzy-kubernetes/blitzy5f91179c1/staging/src/k8s.io/apimachinery/pkg/util/httpstream/spdy
[gosec] 2026/02/05 17:58:29 Checking package: resource
[gosec] 2026/02/05 17:58:29 Checking file: /tmp/blitzy/blitzy-kubernetes/blitzy5f91179c1/staging/src/k8s.io/apimachinery/pkg/api/resource/amount.go
[gosec] 2026/02/05 17:58:29 Import directory: /tmp/blitzy/blitzy-kubernetes/blitzy5f91179c1/staging/src/k8s.io/apimachinery/pkg/util/mergepatch
[gosec] 2026/02/05 17:58:30 Checking file: /tmp/blitzy/blitzy-kubernetes/blitzy5f91179c1/staging/src/k8s.io/apimachinery/pkg/api/resource/generated.pb.go
[gosec] 2026/02/05 17:58:30 Checking file: /tmp/blitzy/blitzy-kubernetes/blitzy5f91179c1/staging/src/k8s.io/apimachinery/pkg/api/resource/math.go
[gosec] 2026/02/05 17:58:31 Checking file: /tmp/blitzy/blitzy-kubernetes/blitzy5f91179c1/staging/src/k8s.io/apimachinery/pkg/api/resource/quantity.go
[gosec] 2026/02/05 17:58:33 Checking file: /tmp/blitzy/blitzy-kubernetes/blitzy5f91179c1/staging/src/k8s.io/apimachinery/pkg/api/resource/quantity_proto.go
[gosec] 2026/02/05 17:58:34 Checking file: /tmp/blitzy/blitzy-kubernetes/blitzy5f91179c1/staging/src/k8s.io/apimachinery/pkg/api/resource/scale_int.go
[gosec] 2026/02/05 17:58:34 Checking file: /tmp/blitzy/blitzy-kubernetes/blitzy5f91179c1/staging/src/k8s.io/apimachinery/pkg/api/resource/suffix.go
[gosec] 2026/02/05 17:58:34 Checking file: /tmp/blitzy/blitzy-kubernetes/blitzy5f91179c1/staging/src/k8s.io/apimachinery/pkg/api/resource/zz_generated.deepcopy.go
[gosec] 2026/02/05 17:58:35 Checking file: /tmp/blitzy/blitzy-kubernetes/blitzy5f91179c1/staging/src/k8s.io/apimachinery/pkg/api/resource/zz_generated.model_name.go
[gosec] 2026/02/05 17:58:35 Checking package: path
[gosec] 2026/02/05 17:58:35 Checking file: /tmp/blitzy/blitzy-kubernetes/blitzy5f91179c1/staging/src/k8s.io/apimachinery/pkg/api/validation/path/name.go
[gosec] 2026/02/05 17:58:35 Import directory: /tmp/blitzy/blitzy-kubernetes/blitzy5f91179c1/staging/src/k8s.io/apimachinery/pkg/util/net/testing
[gosec] 2026/02/05 17:58:35 Checking package: unstructured
[gosec] 2026/02/05 17:58:35 Checking file: /tmp/blitzy/blitzy-kubernetes/blitzy5f91179c1/staging/src/k8s.io/apimachinery/pkg/apis/meta/v1/unstructured/helpers.go
[gosec] 2026/02/05 17:58:35 Import directory: /tmp/blitzy/blitzy-kubernetes/blitzy5f91179c1/staging/src/k8s.io/apimachinery/pkg/util/uuid
[gosec] 2026/02/05 17:58:37 Checking file: /tmp/blitzy/blitzy-kubernetes/blitzy5f91179c1/staging/src/k8s.io/apimachinery/pkg/apis/meta/v1/unstructured/unstructured.go
[gosec] 2026/02/05 17:58:39 Checking file: /tmp/blitzy/blitzy-kubernetes/blitzy5f91179c1/staging/src/k8s.io/apimachinery/pkg/apis/meta/v1/unstructured/unstructured_list.go
[gosec] 2026/02/05 17:58:39 Checking file: /tmp/blitzy/blitzy-kubernetes/blitzy5f91179c1/staging/src/k8s.io/apimachinery/pkg/apis/meta/v1/unstructured/zz_generated.deepcopy.go
[gosec] 2026/02/05 17:58:39 Checking package: testapigroup
[gosec] 2026/02/05 17:58:39 Checking file: /tmp/blitzy/blitzy-kubernetes/blitzy5f91179c1/staging/src/k8s.io/apimachinery/pkg/apis/testapigroup/doc.go
[gosec] 2026/02/05 17:58:39 Checking file: /tmp/blitzy/blitzy-kubernetes/blitzy5f91179c1/staging/src/k8s.io/apimachinery/pkg/apis/testapigroup/register.go
[gosec] 2026/02/05 17:58:39 Import directory: /tmp/blitzy/blitzy-kubernetes/blitzy5f91179c1/staging/src/k8s.io/apimachinery/pkg/util/validation
[gosec] 2026/02/05 17:58:39 Checking file: /tmp/blitzy/blitzy-kubernetes/blitzy5f91179c1/staging/src/k8s.io/apimachinery/pkg/apis/testapigroup/types.go
[gosec] 2026/02/05 17:58:39 Checking file: /tmp/blitzy/blitzy-kubernetes/blitzy5f91179c1/staging/src/k8s.io/apimachinery/pkg/apis/testapigroup/zz_generated.deepcopy.go
[gosec] 2026/02/05 17:58:40 Checking package: fuzzer
[gosec] 2026/02/05 17:58:40 Checking file: /tmp/blitzy/blitzy-kubernetes/blitzy5f91179c1/staging/src/k8s.io/apimachinery/pkg/apis/testapigroup/fuzzer/fuzzer.go
[gosec] 2026/02/05 17:58:40 Import directory: /tmp/blitzy/blitzy-kubernetes/blitzy5f91179c1/staging/src/k8s.io/apimachinery/third_party/forked/golang/netutil
[gosec] 2026/02/05 17:58:40 Checking package: internalversion
[gosec] 2026/02/05 17:58:40 Checking file: /tmp/blitzy/blitzy-kubernetes/blitzy5f91179c1/staging/src/k8s.io/apimachinery/pkg/apis/meta/internalversion/defaults.go
[gosec] 2026/02/05 17:58:40 Import directory: /tmp/blitzy/blitzy-kubernetes/blitzy5f91179c1/staging/src/k8s.io/apimachinery/pkg/api/safe
[gosec] 2026/02/05 17:58:40 Checking file: /tmp/blitzy/blitzy-kubernetes/blitzy5f91179c1/staging/src/k8s.io/apimachinery/pkg/apis/meta/internalversion/doc.go
[gosec] 2026/02/05 17:58:40 Checking file: /tmp/blitzy/blitzy-kubernetes/blitzy5f91179c1/staging/src/k8s.io/apimachinery/pkg/apis/meta/internalversion/register.go
[gosec] 2026/02/05 17:58:41 Checking file: /tmp/blitzy/blitzy-kubernetes/blitzy5f91179c1/staging/src/k8s.io/apimachinery/pkg/apis/meta/internalversion/types.go
[gosec] 2026/02/05 17:58:41 Checking file: /tmp/blitzy/blitzy-kubernetes/blitzy5f91179c1/staging/src/k8s.io/apimachinery/pkg/apis/meta/internalversion/zz_generated.conversion.go
[gosec] 2026/02/05 17:58:41 Checking file: /tmp/blitzy/blitzy-kubernetes/blitzy5f91179c1/staging/src/k8s.io/apimachinery/pkg/apis/meta/internalversion/zz_generated.deepcopy.go
[gosec] 2026/02/05 17:58:42 Checking package: v1
[gosec] 2026/02/05 17:58:42 Checking file: /tmp/blitzy/blitzy-kubernetes/blitzy5f91179c1/staging/src/k8s.io/apimachinery/pkg/apis/meta/v1/controller_ref.go
[gosec] 2026/02/05 17:58:42 Import directory: /tmp/blitzy/blitzy-kubernetes/blitzy5f91179c1/staging/src/k8s.io/apimachinery/pkg/apis/meta/internalversion/scheme
[gosec] 2026/02/05 17:58:42 Checking file: /tmp/blitzy/blitzy-kubernetes/blitzy5f91179c1/staging/src/k8s.io/apimachinery/pkg/apis/meta/v1/conversion.go
[gosec] 2026/02/05 17:58:43 Checking file: /tmp/blitzy/blitzy-kubernetes/blitzy5f91179c1/staging/src/k8s.io/apimachinery/pkg/apis/meta/v1/deepcopy.go
[gosec] 2026/02/05 17:58:43 Checking file: /tmp/blitzy/blitzy-kubernetes/blitzy5f91179c1/staging/src/k8s.io/apimachinery/pkg/apis/meta/v1/doc.go
[gosec] 2026/02/05 17:58:43 Checking file: /tmp/blitzy/blitzy-kubernetes/blitzy5f91179c1/staging/src/k8s.io/apimachinery/pkg/apis/meta/v1/duration.go
[gosec] 2026/02/05 17:58:43 Checking file: /tmp/blitzy/blitzy-kubernetes/blitzy5f91179c1/staging/src/k8s.io/apimachinery/pkg/apis/meta/v1/generated.pb.go
[gosec] 2026/02/05 17:59:12 Checking file: /tmp/blitzy/blitzy-kubernetes/blitzy5f91179c1/staging/src/k8s.io/apimachinery/pkg/apis/meta/v1/group_version.go
[gosec] 2026/02/05 17:59:12 Checking file: /tmp/blitzy/blitzy-kubernetes/blitzy5f91179c1/staging/src/k8s.io/apimachinery/pkg/apis/meta/v1/helpers.go
[gosec] 2026/02/05 17:59:14 Checking file: /tmp/blitzy/blitzy-kubernetes/blitzy5f91179c1/staging/src/k8s.io/apimachinery/pkg/apis/meta/v1/labels.go
[gosec] 2026/02/05 17:59:14 Checking file: /tmp/blitzy/blitzy-kubernetes/blitzy5f91179c1/staging/src/k8s.io/apimachinery/pkg/apis/meta/v1/meta.go
[gosec] 2026/02/05 17:59:14 Checking file: /tmp/blitzy/blitzy-kubernetes/blitzy5f91179c1/staging/src/k8s.io/apimachinery/pkg/apis/meta/v1/micro_time.go
[gosec] 2026/02/05 17:59:15 Checking file: /tmp/blitzy/blitzy-kubernetes/blitzy5f91179c1/staging/src/k8s.io/apimachinery/pkg/apis/meta/v1/micro_time_fuzz.go
[gosec] 2026/02/05 17:59:15 Checking file: /tmp/blitzy/blitzy-kubernetes/blitzy5f91179c1/staging/src/k8s.io/apimachinery/pkg/apis/meta/v1/micro_time_proto.go
[gosec] 2026/02/05 17:59:15 Checking file: /tmp/blitzy/blitzy-kubernetes/blitzy5f91179c1/staging/src/k8s.io/apimachinery/pkg/apis/meta/v1/register.go
[gosec] 2026/02/05 17:59:15 Checking file: /tmp/blitzy/blitzy-kubernetes/blitzy5f91179c1/staging/src/k8s.io/apimachinery/pkg/apis/meta/v1/time.go
[gosec] 2026/02/05 17:59:16 Checking file: /tmp/blitzy/blitzy-kubernetes/blitzy5f91179c1/staging/src/k8s.io/apimachinery/pkg/apis/meta/v1/time_fuzz.go
[gosec] 2026/02/05 17:59:16 Checking file: /tmp/blitzy/blitzy-kubernetes/blitzy5f91179c1/staging/src/k8s.io/apimachinery/pkg/apis/meta/v1/time_proto.go
[gosec] 2026/02/05 17:59:16 Checking file: /tmp/blitzy/blitzy-kubernetes/blitzy5f91179c1/staging/src/k8s.io/apimachinery/pkg/apis/meta/v1/types.go
[gosec] 2026/02/05 17:59:16 Checking file: /tmp/blitzy/blitzy-kubernetes/blitzy5f91179c1/staging/src/k8s.io/apimachinery/pkg/apis/meta/v1/types_swagger_doc_generated.go
[gosec] 2026/02/05 17:59:17 Checking file: /tmp/blitzy/blitzy-kubernetes/blitzy5f91179c1/staging/src/k8s.io/apimachinery/pkg/apis/meta/v1/watch.go
[gosec] 2026/02/05 17:59:17 Checking file: /tmp/blitzy/blitzy-kubernetes/blitzy5f91179c1/staging/src/k8s.io/apimachinery/pkg/apis/meta/v1/zz_generated.conversion.go
[gosec] 2026/02/05 17:59:20 Checking file: /tmp/blitzy/blitzy-kubernetes/blitzy5f91179c1/staging/src/k8s.io/apimachinery/pkg/apis/meta/v1/zz_generated.deepcopy.go
[gosec] 2026/02/05 17:59:26 Checking file: /tmp/blitzy/blitzy-kubernetes/blitzy5f91179c1/staging/src/k8s.io/apimachinery/pkg/apis/meta/v1/zz_generated.defaults.go
[gosec] 2026/02/05 17:59:26 Checking file: /tmp/blitzy/blitzy-kubernetes/blitzy5f91179c1/staging/src/k8s.io/apimachinery/pkg/apis/meta/v1/zz_generated.model_name.go
[gosec] 2026/02/05 17:59:27 Checking package: spdy
[gosec] 2026/02/05 17:59:27 Checking file: /tmp/blitzy/blitzy-kubernetes/blitzy5f91179c1/staging/src/k8s.io/apimachinery/pkg/util/httpstream/spdy/connection.go
[gosec] 2026/02/05 17:59:27 Import directory: /tmp/blitzy/blitzy-kubernetes/blitzy5f91179c1/staging/src/k8s.io/apimachinery/pkg/util/resourceversion
[gosec] 2026/02/05 17:59:27 Checking file: /tmp/blitzy/blitzy-kubernetes/blitzy5f91179c1/staging/src/k8s.io/apimachinery/pkg/util/httpstream/spdy/roundtripper.go
[gosec] 2026/02/05 17:59:28 Checking file: /tmp/blitzy/blitzy-kubernetes/blitzy5f91179c1/staging/src/k8s.io/apimachinery/pkg/util/httpstream/spdy/upgrade.go
[gosec] 2026/02/05 17:59:28 Checking package: mergepatch
[gosec] 2026/02/05 17:59:28 Checking file: /tmp/blitzy/blitzy-kubernetes/blitzy5f91179c1/staging/src/k8s.io/apimachinery/pkg/util/mergepatch/errors.go
[gosec] 2026/02/05 17:59:28 Import directory: /tmp/blitzy/blitzy-kubernetes/blitzy5f91179c1/staging/src/k8s.io/apimachinery/pkg/util/yaml
[gosec] 2026/02/05 17:59:28 Checking file: /tmp/blitzy/blitzy-kubernetes/blitzy5f91179c1/staging/src/k8s.io/apimachinery/pkg/util/mergepatch/util.go
[gosec] 2026/02/05 17:59:29 Checking package: nettesting
[gosec] 2026/02/05 17:59:29 Checking file: /tmp/blitzy/blitzy-kubernetes/blitzy5f91179c1/staging/src/k8s.io/apimachinery/pkg/util/net/testing/http.go
[gosec] 2026/02/05 17:59:29 Import directory: /tmp/blitzy/blitzy-kubernetes/blitzy5f91179c1/staging/src/k8s.io/apimachinery/pkg/api/apitesting
[gosec] 2026/02/05 17:59:29 Checking file: /tmp/blitzy/blitzy-kubernetes/blitzy5f91179c1/staging/src/k8s.io/apimachinery/pkg/util/net/testing/socket.go
[gosec] 2026/02/05 17:59:29 Checking package: uuid
[gosec] 2026/02/05 17:59:29 Checking file: /tmp/blitzy/blitzy-kubernetes/blitzy5f91179c1/staging/src/k8s.io/apimachinery/pkg/util/uuid/uuid.go
[gosec] 2026/02/05 17:59:29 Import directory: /tmp/blitzy/blitzy-kubernetes/blitzy5f91179c1/staging/src/k8s.io/apimachinery/pkg/api/meta/table
[gosec] 2026/02/05 17:59:29 Checking package: validation
[gosec] 2026/02/05 17:59:29 Checking file: /tmp/blitzy/blitzy-kubernetes/blitzy5f91179c1/staging/src/k8s.io/apimachinery/pkg/util/validation/ip.go
[gosec] 2026/02/05 17:59:29 Import directory: /tmp/blitzy/blitzy-kubernetes/blitzy5f91179c1/staging/src/k8s.io/apimachinery/pkg/runtime/serializer/streaming
[gosec] 2026/02/05 17:59:29 Checking file: /tmp/blitzy/blitzy-kubernetes/blitzy5f91179c1/staging/src/k8s.io/apimachinery/pkg/util/validation/validation.go
[gosec] 2026/02/05 17:59:30 Checking package: netutil
[gosec] 2026/02/05 17:59:30 Checking file: /tmp/blitzy/blitzy-kubernetes/blitzy5f91179c1/staging/src/k8s.io/apimachinery/third_party/forked/golang/netutil/addr.go
[gosec] 2026/02/05 17:59:30 Import directory: /tmp/blitzy/blitzy-kubernetes/blitzy5f91179c1/staging/src/k8s.io/apimachinery/pkg/runtime/serializer/versioning
[gosec] 2026/02/05 17:59:30 Checking package: safe
[gosec] 2026/02/05 17:59:30 Checking file: /tmp/blitzy/blitzy-kubernetes/blitzy5f91179c1/staging/src/k8s.io/apimachinery/pkg/api/safe/safe.go
[gosec] 2026/02/05 17:59:30 Import directory: /tmp/blitzy/blitzy-kubernetes/blitzy5f91179c1/staging/src/k8s.io/apimachinery
[gosec] 2026/02/05 17:59:31 Checking package: scheme
[gosec] 2026/02/05 17:59:31 Checking file: /tmp/blitzy/blitzy-kubernetes/blitzy5f91179c1/staging/src/k8s.io/apimachinery/pkg/apis/meta/internalversion/scheme/doc.go
[gosec] 2026/02/05 17:59:31 Checking file: /tmp/blitzy/blitzy-kubernetes/blitzy5f91179c1/staging/src/k8s.io/apimachinery/pkg/apis/meta/internalversion/scheme/register.go
[gosec] 2026/02/05 17:59:31 Import directory: /tmp/blitzy/blitzy-kubernetes/blitzy5f91179c1/staging/src/k8s.io/apimachinery/pkg/api/apitesting/naming
[gosec] 2026/02/05 17:59:31 Checking package: resourceversion
[gosec] 2026/02/05 17:59:31 Checking file: /tmp/blitzy/blitzy-kubernetes/blitzy5f91179c1/staging/src/k8s.io/apimachinery/pkg/util/resourceversion/resourceversion.go
[gosec] 2026/02/05 17:59:31 Import directory: /tmp/blitzy/blitzy-kubernetes/blitzy5f91179c1/staging/src/k8s.io/apimachinery/pkg/api/equality
[gosec] 2026/02/05 17:59:31 Checking package: yaml
[gosec] 2026/02/05 17:59:31 Checking file: /tmp/blitzy/blitzy-kubernetes/blitzy5f91179c1/staging/src/k8s.io/apimachinery/pkg/util/yaml/decoder.go
[gosec] 2026/02/05 17:59:31 Import directory: /tmp/blitzy/blitzy-kubernetes/blitzy5f91179c1/staging/src/k8s.io/apimachinery/pkg/runtime/serializer/json
[gosec] 2026/02/05 17:59:32 Checking file: /tmp/blitzy/blitzy-kubernetes/blitzy5f91179c1/staging/src/k8s.io/apimachinery/pkg/util/yaml/stream_reader.go
[gosec] 2026/02/05 17:59:32 Checking package: apitesting
[gosec] 2026/02/05 17:59:32 Checking file: /tmp/blitzy/blitzy-kubernetes/blitzy5f91179c1/staging/src/k8s.io/apimachinery/pkg/api/apitesting/close.go
[gosec] 2026/02/05 17:59:32 Import directory: /tmp/blitzy/blitzy-kubernetes/blitzy5f91179c1/staging/src/k8s.io/apimachinery/pkg/util/cache
[gosec] 2026/02/05 17:59:32 Checking file: /tmp/blitzy/blitzy-kubernetes/blitzy5f91179c1/staging/src/k8s.io/apimachinery/pkg/api/apitesting/codec.go
[gosec] 2026/02/05 17:59:33 Checking package: table
[gosec] 2026/02/05 17:59:33 Checking file: /tmp/blitzy/blitzy-kubernetes/blitzy5f91179c1/staging/src/k8s.io/apimachinery/pkg/api/meta/table/table.go
[gosec] 2026/02/05 17:59:33 Checking package: streaming
[gosec] 2026/02/05 17:59:33 Checking file: /tmp/blitzy/blitzy-kubernetes/blitzy5f91179c1/staging/src/k8s.io/apimachinery/pkg/runtime/serializer/streaming/streaming.go
[gosec] 2026/02/05 17:59:33 Checking package: apimachinery
[gosec] 2026/02/05 17:59:33 Checking file: /tmp/blitzy/blitzy-kubernetes/blitzy5f91179c1/staging/src/k8s.io/apimachinery/doc.go
[gosec] 2026/02/05 17:59:33 Checking package: versioning
[gosec] 2026/02/05 17:59:33 Checking file: /tmp/blitzy/blitzy-kubernetes/blitzy5f91179c1/staging/src/k8s.io/apimachinery/pkg/runtime/serializer/versioning/versioning.go
[gosec] 2026/02/05 17:59:33 Checking package: naming
[gosec] 2026/02/05 17:59:33 Checking file: /tmp/blitzy/blitzy-kubernetes/blitzy5f91179c1/staging/src/k8s.io/apimachinery/pkg/api/apitesting/naming/naming.go
[gosec] 2026/02/05 17:59:34 Checking package: equality
[gosec] 2026/02/05 17:59:34 Checking file: /tmp/blitzy/blitzy-kubernetes/blitzy5f91179c1/staging/src/k8s.io/apimachinery/pkg/api/equality/semantic.go
[gosec] 2026/02/05 17:59:34 Checking package: json
[gosec] 2026/02/05 17:59:34 Checking file: /tmp/blitzy/blitzy-kubernetes/blitzy5f91179c1/staging/src/k8s.io/apimachinery/pkg/runtime/serializer/json/collections.go
[gosec] 2026/02/05 17:59:35 Checking file: /tmp/blitzy/blitzy-kubernetes/blitzy5f91179c1/staging/src/k8s.io/apimachinery/pkg/runtime/serializer/json/json.go
[gosec] 2026/02/05 17:59:35 Checking file: /tmp/blitzy/blitzy-kubernetes/blitzy5f91179c1/staging/src/k8s.io/apimachinery/pkg/runtime/serializer/json/meta.go
[gosec] 2026/02/05 17:59:35 Checking package: cache
[gosec] 2026/02/05 17:59:35 Checking file: /tmp/blitzy/blitzy-kubernetes/blitzy5f91179c1/staging/src/k8s.io/apimachinery/pkg/util/cache/expiring.go
[gosec] 2026/02/05 17:59:36 Checking file: /tmp/blitzy/blitzy-kubernetes/blitzy5f91179c1/staging/src/k8s.io/apimachinery/pkg/util/cache/lruexpirecache.go
