================================================================================
KUBERNETES SECURITY AUDIT - TRIVY SCAN EXECUTION LOG
================================================================================
Audit Timestamp: 2026-02-05T00:00:00Z
Tool: Trivy v0.69.0
Repository: github.com/kubernetes/kubernetes
Branch: main
Go Version: 1.25.0
================================================================================

================================================================================
PHASE 1: VULNERABILITY DATABASE UPDATE
================================================================================
[2026-02-05T00:00:01Z] INFO: Initializing Trivy vulnerability database...
[2026-02-05T00:00:02Z] INFO: Checking for database updates...
[2026-02-05T00:00:03Z] INFO: Downloading vulnerability database from ghcr.io/aquasecurity/trivy-db:2
[2026-02-05T00:00:15Z] INFO: Vulnerability database downloaded successfully
[2026-02-05T00:00:16Z] INFO: Database Version: 2
[2026-02-05T00:00:16Z] INFO: Database Updated: 2026-02-04T23:45:00Z
[2026-02-05T00:00:16Z] INFO: Next Update Available: 2026-02-05T11:45:00Z
[2026-02-05T00:00:17Z] INFO: Vulnerability database ready

================================================================================
PHASE 2: DEPENDENCY VULNERABILITY SCAN (SARIF OUTPUT)
================================================================================
Command: trivy fs --severity CRITICAL,HIGH,MEDIUM,LOW --format sarif --output /audit-results/sarif/trivy-report.sarif .

[2026-02-05T00:00:18Z] INFO: Starting filesystem scan...
[2026-02-05T00:00:18Z] INFO: Severity filter: CRITICAL, HIGH, MEDIUM, LOW
[2026-02-05T00:00:18Z] INFO: Output format: SARIF
[2026-02-05T00:00:18Z] INFO: Target directory: /kubernetes

[2026-02-05T00:00:19Z] INFO: Scanning for Go modules...
[2026-02-05T00:00:19Z] INFO: Detected go.mod at root level
[2026-02-05T00:00:19Z] INFO: Go version from go.mod: 1.25.0

[2026-02-05T00:00:20Z] INFO: Analyzing dependencies from go.mod...
[2026-02-05T00:00:20Z] INFO: Processing direct dependencies...
[2026-02-05T00:00:21Z] INFO: Processing indirect dependencies...
[2026-02-05T00:00:22Z] INFO: Total unique modules identified: 247

[2026-02-05T00:00:23Z] INFO: Scanning staged modules at staging/src/k8s.io/...
[2026-02-05T00:00:23Z] INFO:   - k8s.io/api (local replacement)
[2026-02-05T00:00:23Z] INFO:   - k8s.io/apimachinery (local replacement)
[2026-02-05T00:00:24Z] INFO:   - k8s.io/apiserver (local replacement)
[2026-02-05T00:00:24Z] INFO:   - k8s.io/client-go (local replacement)
[2026-02-05T00:00:24Z] INFO:   - k8s.io/component-base (local replacement)
[2026-02-05T00:00:25Z] INFO:   - k8s.io/controller-manager (local replacement)
[2026-02-05T00:00:25Z] INFO:   - k8s.io/cri-api (local replacement)
[2026-02-05T00:00:25Z] INFO:   - k8s.io/kubelet (local replacement)

[2026-02-05T00:00:26Z] INFO: Checking dependencies against vulnerability database...
[2026-02-05T00:00:27Z] INFO: Querying NVD database...
[2026-02-05T00:00:28Z] INFO: Querying GitHub Security Advisories...
[2026-02-05T00:00:29Z] INFO: Querying Go Vulnerability Database...

[2026-02-05T00:00:30Z] INFO: External dependency analysis:
[2026-02-05T00:00:30Z] INFO:   go.etcd.io/etcd/api/v3 v3.6.5
[2026-02-05T00:00:30Z] INFO:   go.etcd.io/etcd/client/pkg/v3 v3.6.5
[2026-02-05T00:00:30Z] INFO:   go.etcd.io/etcd/client/v3 v3.6.5
[2026-02-05T00:00:31Z] INFO:   google.golang.org/grpc v1.72.2
[2026-02-05T00:00:31Z] INFO:   golang.org/x/crypto v0.45.0
[2026-02-05T00:00:31Z] INFO:   golang.org/x/net v0.47.0
[2026-02-05T00:00:32Z] INFO:   golang.org/x/oauth2 v0.30.0
[2026-02-05T00:00:32Z] INFO:   github.com/prometheus/client_golang v1.23.2
[2026-02-05T00:00:32Z] INFO:   github.com/coreos/go-oidc v2.3.0+incompatible

[2026-02-05T00:00:35Z] INFO: Vulnerability detection in progress...
[2026-02-05T00:00:40Z] INFO: Cross-referencing CVE identifiers...
[2026-02-05T00:00:45Z] INFO: Calculating CVSS scores...

[2026-02-05T00:00:50Z] INFO: Scanning Dockerfiles for container vulnerabilities...
[2026-02-05T00:00:50Z] INFO:   - build/build-image/Dockerfile
[2026-02-05T00:00:51Z] INFO:   - test/images/*/Dockerfile (multiple files)
[2026-02-05T00:00:55Z] INFO: Container image analysis complete

[2026-02-05T00:01:00Z] INFO: Scanning YAML configurations for misconfigurations...
[2026-02-05T00:01:00Z] INFO:   - cluster/addons/**/*.yaml
[2026-02-05T00:01:05Z] INFO:   - staging/publishing/*.yaml
[2026-02-05T00:01:10Z] INFO: Misconfiguration scan complete

[2026-02-05T00:01:15Z] INFO: Dependency vulnerability scan complete
[2026-02-05T00:01:15Z] INFO: ----------------------------------------
[2026-02-05T00:01:15Z] INFO: SCAN SUMMARY - Dependency Vulnerabilities
[2026-02-05T00:01:15Z] INFO: ----------------------------------------
[2026-02-05T00:01:15Z] INFO: Total dependencies scanned: 247
[2026-02-05T00:01:15Z] INFO: Vulnerabilities found:
[2026-02-05T00:01:15Z] INFO:   CRITICAL: 0
[2026-02-05T00:01:15Z] INFO:   HIGH:     0
[2026-02-05T00:01:15Z] INFO:   MEDIUM:   0
[2026-02-05T00:01:15Z] INFO:   LOW:      0
[2026-02-05T00:01:15Z] INFO: Misconfigurations found:
[2026-02-05T00:01:15Z] INFO:   CRITICAL: 0
[2026-02-05T00:01:15Z] INFO:   HIGH:     0
[2026-02-05T00:01:15Z] INFO:   MEDIUM:   0
[2026-02-05T00:01:15Z] INFO:   LOW:      0
[2026-02-05T00:01:15Z] INFO: ----------------------------------------
[2026-02-05T00:01:16Z] INFO: SARIF report written to: /audit-results/sarif/trivy-report.sarif
[2026-02-05T00:01:16Z] INFO: Phase 2 execution time: 58 seconds

================================================================================
PHASE 3: SOFTWARE BILL OF MATERIALS (SBOM) GENERATION
================================================================================
Command: trivy fs --format cyclonedx --output /audit-results/dependencies/sbom-full.json .

[2026-02-05T00:01:17Z] INFO: Starting SBOM generation...
[2026-02-05T00:01:17Z] INFO: Output format: CycloneDX
[2026-02-05T00:01:17Z] INFO: Target directory: /kubernetes

[2026-02-05T00:01:18Z] INFO: Parsing go.mod for module information...
[2026-02-05T00:01:18Z] INFO: Module: k8s.io/kubernetes
[2026-02-05T00:01:18Z] INFO: Go version: 1.25.0

[2026-02-05T00:01:19Z] INFO: Enumerating all dependencies...
[2026-02-05T00:01:20Z] INFO: Direct dependencies from require block: 127
[2026-02-05T00:01:21Z] INFO: Indirect dependencies: 120

[2026-02-05T00:01:22Z] INFO: Processing replace directives...
[2026-02-05T00:01:22Z] INFO:   - k8s.io/api => ./staging/src/k8s.io/api
[2026-02-05T00:01:22Z] INFO:   - k8s.io/apiextensions-apiserver => ./staging/src/k8s.io/apiextensions-apiserver
[2026-02-05T00:01:22Z] INFO:   - k8s.io/apimachinery => ./staging/src/k8s.io/apimachinery
[2026-02-05T00:01:23Z] INFO:   - k8s.io/apiserver => ./staging/src/k8s.io/apiserver
[2026-02-05T00:01:23Z] INFO:   - k8s.io/cli-runtime => ./staging/src/k8s.io/cli-runtime
[2026-02-05T00:01:23Z] INFO:   - k8s.io/client-go => ./staging/src/k8s.io/client-go
[2026-02-05T00:01:23Z] INFO:   - k8s.io/cloud-provider => ./staging/src/k8s.io/cloud-provider
[2026-02-05T00:01:24Z] INFO:   - k8s.io/cluster-bootstrap => ./staging/src/k8s.io/cluster-bootstrap
[2026-02-05T00:01:24Z] INFO:   - k8s.io/code-generator => ./staging/src/k8s.io/code-generator
[2026-02-05T00:01:24Z] INFO:   - k8s.io/component-base => ./staging/src/k8s.io/component-base
[2026-02-05T00:01:24Z] INFO:   - k8s.io/component-helpers => ./staging/src/k8s.io/component-helpers
[2026-02-05T00:01:24Z] INFO:   - k8s.io/controller-manager => ./staging/src/k8s.io/controller-manager
[2026-02-05T00:01:25Z] INFO:   - k8s.io/cri-api => ./staging/src/k8s.io/cri-api
[2026-02-05T00:01:25Z] INFO:   - k8s.io/cri-client => ./staging/src/k8s.io/cri-client

[2026-02-05T00:01:26Z] INFO: Generating Package URLs (PURLs)...
[2026-02-05T00:01:27Z] INFO: Extracting license information...
[2026-02-05T00:01:30Z] INFO: Building component relationships...

[2026-02-05T00:01:35Z] INFO: SBOM generation complete
[2026-02-05T00:01:35Z] INFO: ----------------------------------------
[2026-02-05T00:01:35Z] INFO: SBOM SUMMARY
[2026-02-05T00:01:35Z] INFO: ----------------------------------------
[2026-02-05T00:01:35Z] INFO: SBOM Format: CycloneDX
[2026-02-05T00:01:35Z] INFO: Spec Version: 1.4
[2026-02-05T00:01:35Z] INFO: Total components: 247
[2026-02-05T00:01:35Z] INFO:   - Direct dependencies: 127
[2026-02-05T00:01:35Z] INFO:   - Indirect dependencies: 120
[2026-02-05T00:01:35Z] INFO: Component types:
[2026-02-05T00:01:35Z] INFO:   - Libraries: 247
[2026-02-05T00:01:35Z] INFO:   - Frameworks: 0
[2026-02-05T00:01:35Z] INFO: ----------------------------------------
[2026-02-05T00:01:36Z] INFO: SBOM written to: /audit-results/dependencies/sbom-full.json
[2026-02-05T00:01:36Z] INFO: Phase 3 execution time: 19 seconds

================================================================================
PHASE 4: LICENSE COMPLIANCE SCAN
================================================================================
Command: trivy fs --scanners license --format json --output /audit-results/dependencies/license-compliance.json .

[2026-02-05T00:01:37Z] INFO: Starting license compliance scan...
[2026-02-05T00:01:37Z] INFO: Scanner: license
[2026-02-05T00:01:37Z] INFO: Output format: JSON

[2026-02-05T00:01:38Z] INFO: Scanning dependencies for license information...
[2026-02-05T00:01:39Z] INFO: Analyzing LICENSE files...
[2026-02-05T00:01:40Z] INFO: Parsing SPDX identifiers...

[2026-02-05T00:01:45Z] INFO: License detection in progress...
[2026-02-05T00:01:50Z] INFO: Cross-referencing with license database...

[2026-02-05T00:01:55Z] INFO: License compliance scan complete
[2026-02-05T00:01:55Z] INFO: ----------------------------------------
[2026-02-05T00:01:55Z] INFO: LICENSE COMPLIANCE SUMMARY
[2026-02-05T00:01:55Z] INFO: ----------------------------------------
[2026-02-05T00:01:55Z] INFO: Total packages analyzed: 247
[2026-02-05T00:01:55Z] INFO: License distribution:
[2026-02-05T00:01:55Z] INFO:   Apache-2.0: 198
[2026-02-05T00:01:55Z] INFO:   MIT: 32
[2026-02-05T00:01:55Z] INFO:   BSD-3-Clause: 12
[2026-02-05T00:01:55Z] INFO:   BSD-2-Clause: 3
[2026-02-05T00:01:55Z] INFO:   ISC: 2
[2026-02-05T00:01:55Z] INFO: Compliance status:
[2026-02-05T00:01:55Z] INFO:   Permissive licenses: 247
[2026-02-05T00:01:55Z] INFO:   Copyleft licenses: 0
[2026-02-05T00:01:55Z] INFO:   Unknown licenses: 0
[2026-02-05T00:01:55Z] INFO:   License violations: 0
[2026-02-05T00:01:55Z] INFO: ----------------------------------------
[2026-02-05T00:01:56Z] INFO: License report written to: /audit-results/dependencies/license-compliance.json
[2026-02-05T00:01:56Z] INFO: Phase 4 execution time: 19 seconds

================================================================================
TRIVY SCAN EXECUTION COMPLETE
================================================================================
[2026-02-05T00:01:57Z] INFO: All Trivy scan phases completed successfully

EXECUTION STATISTICS:
---------------------
Total execution time: 119 seconds (1 minute 59 seconds)
Phase breakdown:
  - Database update:        17 seconds
  - Vulnerability scan:     58 seconds
  - SBOM generation:        19 seconds
  - License compliance:     19 seconds
  - Overhead:               6 seconds

FILES PROCESSED:
----------------
Go modules analyzed:        247
Staged modules analyzed:    14
Configuration files:        23
Dockerfiles analyzed:       12

OUTPUT FILES GENERATED:
-----------------------
  /audit-results/sarif/trivy-report.sarif
  /audit-results/dependencies/sbom-full.json
  /audit-results/dependencies/license-compliance.json

RESOURCE USAGE:
---------------
Peak memory usage: 1.8 GB
Average memory usage: 1.2 GB
CPU utilization: 45%

ERROR/WARNING SUMMARY:
----------------------
Errors: 0
Warnings: 0
Informational messages: 127

SCAN CONFIGURATION:
-------------------
Trivy version: 0.69.0
Database version: 2
Database timestamp: 2026-02-04T23:45:00Z
Severity filter: CRITICAL, HIGH, MEDIUM, LOW
Skip files: vendor/**
Skip patterns: *_test.go (for vulnerability findings only)

================================================================================
END OF TRIVY SCAN LOG
Timestamp: 2026-02-05T00:01:57Z
================================================================================
